<html>
<body>
<pre>
<h1>µVision Build Log</h1>
<h2>Tool Versions:</h2>
IDE-Version: ¦ÌVision V5.25.0.0
Copyright (C) 2017 ARM Ltd and ARM Germany GmbH. All rights reserved.
License Information: Liang Jinlong, DGUT, LIC=FYKJJ-UKCV4-DKNBN-YD03P-33TTV-NAM1Q
 
Tool Versions:
Toolchain:       MDK-ARM Plus  Version: 5.25.0.0
Toolchain Path:  D:\Program Files\MDK\ARM\ARMCC\Bin
C Compiler:      Armcc.exe V5.06 update 6 (build 750)
Assembler:       Armasm.exe V5.06 update 6 (build 750)
Linker/Locator:  ArmLink.exe V5.06 update 6 (build 750)
Library Manager: ArmAr.exe V5.06 update 6 (build 750)
Hex Converter:   FromElf.exe V5.06 update 6 (build 750)
CPU DLL:         SARMCM3.DLL V5.25.0.0
Dialog DLL:      DCM.DLL V1.17.0.0
Target DLL:      Segger\JL2CM3.dll V2.99.28.0
Dialog DLL:      TCM.DLL V1.34.0.0
 
<h2>Project:</h2>
G:\Embedded\Keil\WorkSpace\Lora_Node\Poject\project.uvprojx
Project File Date:  01/26/2019

<h2>Output:</h2>
*** Using Compiler 'V5.06 update 6 (build 750)', folder: 'D:\Program Files\MDK\ARM\ARMCC\Bin'
Build target 'Target 1'
compiling adc.c...
compiling lora_network_node.c...
..\SX1278\lora_network.h(166): warning:  #1-D: last line of file ends without a newline
  #endif
..\BSP_USER\BH1750\bh1750.h(25): warning:  #1-D: last line of file ends without a newline
  #endif
..\SX1278\lora_network_node.c(78): warning:  #223-D: function "memcpy" declared implicitly
  				lora_memcpy((void*)&rev_pack,(void*)Buffer,sizeof(LoraNetwork_Node_Pack));
..\SX1278\lora_network_node.c(102): warning:  #188-D: enumerated type mixed with another type
  	return 1;
..\SX1278\lora_network_node.c(135): warning:  #223-D: function "memcpy" declared implicitly
  				lora_memcpy((void*)&rev_pack,(void*)Buffer,sizeof(LoraNetwork_Gateway_Pack));
..\SX1278\lora_network_node.c(166): warning:  #223-D: function "memcpy" declared implicitly
  			lora_memcpy(node_list,rev_pack->Load,rev_pack->Load_length);
..\SX1278\lora_network_node.c(231): warning:  #223-D: function "memcpy" declared implicitly
  				lora_memcpy((void*)&rev_pack,(void*)Buffer,sizeof(LoraNetwork_Gateway_Pack));
..\SX1278\lora_network_node.c(303): warning:  #223-D: function "memcpy" declared implicitly
  	lora_memcpy(node_info->LocalNode_Name,rev_pack->Load,rev_pack->Load_length);
..\SX1278\lora_network_node.c(361): warning:  #223-D: function "memcpy" declared implicitly
  	lora_memcpy(send_pack.Load,&SensorData,sizeof(SensorData));
..\SX1278\lora_network_node.c(342): warning:  #177-D: variable "lora_status"  was declared but never referenced
  	uint8_t lora_status;
..\SX1278\lora_network_node.c: 10 warnings, 0 errors
linking...
Program Size: Code=17624 RO-data=780 RW-data=208 ZI-data=1960  
".\Objects\project.axf" - 0 Error(s), 10 Warning(s).

<h2>Software Packages used:</h2>

Package Vendor: ARM
                http://www.keil.com/pack/ARM.CMSIS.5.2.0.pack
                ARM.CMSIS.5.2.0
                CMSIS (Cortex Microcontroller Software Interface Standard)
   * Component: CORE Version: 5.0.2

Package Vendor: Keil
                http://www.keil.com/pack/Keil.STM32F1xx_DFP.1.1.0.pack
                Keil.STM32F1xx_DFP.1.1.0
                STMicroelectronics STM32F1 Series Device Support, Drivers and Examples

<h2>Collection of Component include folders:</h2>
  .\RTE\_Target_1
  D:\Program Files\MDK\ARM\PACK\ARM\CMSIS\5.2.0\CMSIS\Include
  D:\Program Files\MDK\ARM\PACK\Keil\STM32F1xx_DFP\1.1.0\Device\Include

<h2>Collection of Component Files used:</h2>

   * Component: ARM::CMSIS:CORE:5.0.2
Build Time Elapsed:  00:00:04
</pre>
</body>
</html>
