<!doctype html public "-//w3c//dtd html 4.0 transitional//en">
<html><head>
<title>Static Call Graph - [.\Objects\project.axf]</title></head>
<body><HR>
<H1>Static Call Graph for image .\Objects\project.axf</H1><HR>
<BR><P>#&#060CALLGRAPH&#062# ARM Linker, 5060750: Last Updated: Thu Jan 24 21:54:49 2019
<BR><P>
<H3>Maximum Stack Usage =        200 bytes + Unknown(Cycles, Untraceable Function Pointers)</H3><H3>
Call chain for Maximum Stack Depth:</H3>
SX1276Process &rArr; SX1276FskProcess &rArr; round &rArr; __aeabi_dadd &rArr; _double_epilogue &rArr; _double_round
<P>
<H3>
Mutually Recursive functions
</H3> <LI><a href="#[1c]">ADC1_2_IRQHandler</a>&nbsp;&nbsp;&nbsp;&rArr;&nbsp;&nbsp;&nbsp;<a href="#[1c]">ADC1_2_IRQHandler</a><BR>
</UL>
<P>
<H3>
Function Pointers
</H3><UL>
 <LI><a href="#[1c]">ADC1_2_IRQHandler</a> from startup_stm32f10x_hd.o(.text) referenced from startup_stm32f10x_hd.o(RESET)
 <LI><a href="#[39]">ADC3_IRQHandler</a> from startup_stm32f10x_hd.o(.text) referenced from startup_stm32f10x_hd.o(RESET)
 <LI><a href="#[4]">BusFault_Handler</a> from stm32f10x_it.o(i.BusFault_Handler) referenced from startup_stm32f10x_hd.o(RESET)
 <LI><a href="#[1f]">CAN1_RX1_IRQHandler</a> from startup_stm32f10x_hd.o(.text) referenced from startup_stm32f10x_hd.o(RESET)
 <LI><a href="#[20]">CAN1_SCE_IRQHandler</a> from startup_stm32f10x_hd.o(.text) referenced from startup_stm32f10x_hd.o(RESET)
 <LI><a href="#[15]">DMA1_Channel1_IRQHandler</a> from startup_stm32f10x_hd.o(.text) referenced from startup_stm32f10x_hd.o(RESET)
 <LI><a href="#[16]">DMA1_Channel2_IRQHandler</a> from startup_stm32f10x_hd.o(.text) referenced from startup_stm32f10x_hd.o(RESET)
 <LI><a href="#[17]">DMA1_Channel3_IRQHandler</a> from startup_stm32f10x_hd.o(.text) referenced from startup_stm32f10x_hd.o(RESET)
 <LI><a href="#[18]">DMA1_Channel4_IRQHandler</a> from startup_stm32f10x_hd.o(.text) referenced from startup_stm32f10x_hd.o(RESET)
 <LI><a href="#[19]">DMA1_Channel5_IRQHandler</a> from startup_stm32f10x_hd.o(.text) referenced from startup_stm32f10x_hd.o(RESET)
 <LI><a href="#[1a]">DMA1_Channel6_IRQHandler</a> from startup_stm32f10x_hd.o(.text) referenced from startup_stm32f10x_hd.o(RESET)
 <LI><a href="#[1b]">DMA1_Channel7_IRQHandler</a> from startup_stm32f10x_hd.o(.text) referenced from startup_stm32f10x_hd.o(RESET)
 <LI><a href="#[42]">DMA2_Channel1_IRQHandler</a> from startup_stm32f10x_hd.o(.text) referenced from startup_stm32f10x_hd.o(RESET)
 <LI><a href="#[43]">DMA2_Channel2_IRQHandler</a> from startup_stm32f10x_hd.o(.text) referenced from startup_stm32f10x_hd.o(RESET)
 <LI><a href="#[44]">DMA2_Channel3_IRQHandler</a> from startup_stm32f10x_hd.o(.text) referenced from startup_stm32f10x_hd.o(RESET)
 <LI><a href="#[45]">DMA2_Channel4_5_IRQHandler</a> from startup_stm32f10x_hd.o(.text) referenced from startup_stm32f10x_hd.o(RESET)
 <LI><a href="#[7]">DebugMon_Handler</a> from stm32f10x_it.o(i.DebugMon_Handler) referenced from startup_stm32f10x_hd.o(RESET)
 <LI><a href="#[10]">EXTI0_IRQHandler</a> from startup_stm32f10x_hd.o(.text) referenced from startup_stm32f10x_hd.o(RESET)
 <LI><a href="#[32]">EXTI15_10_IRQHandler</a> from startup_stm32f10x_hd.o(.text) referenced from startup_stm32f10x_hd.o(RESET)
 <LI><a href="#[11]">EXTI1_IRQHandler</a> from startup_stm32f10x_hd.o(.text) referenced from startup_stm32f10x_hd.o(RESET)
 <LI><a href="#[12]">EXTI2_IRQHandler</a> from startup_stm32f10x_hd.o(.text) referenced from startup_stm32f10x_hd.o(RESET)
 <LI><a href="#[13]">EXTI3_IRQHandler</a> from startup_stm32f10x_hd.o(.text) referenced from startup_stm32f10x_hd.o(RESET)
 <LI><a href="#[14]">EXTI4_IRQHandler</a> from startup_stm32f10x_hd.o(.text) referenced from startup_stm32f10x_hd.o(RESET)
 <LI><a href="#[21]">EXTI9_5_IRQHandler</a> from startup_stm32f10x_hd.o(.text) referenced from startup_stm32f10x_hd.o(RESET)
 <LI><a href="#[e]">FLASH_IRQHandler</a> from startup_stm32f10x_hd.o(.text) referenced from startup_stm32f10x_hd.o(RESET)
 <LI><a href="#[3a]">FSMC_IRQHandler</a> from startup_stm32f10x_hd.o(.text) referenced from startup_stm32f10x_hd.o(RESET)
 <LI><a href="#[2]">HardFault_Handler</a> from stm32f10x_it.o(i.HardFault_Handler) referenced from startup_stm32f10x_hd.o(RESET)
 <LI><a href="#[2a]">I2C1_ER_IRQHandler</a> from startup_stm32f10x_hd.o(.text) referenced from startup_stm32f10x_hd.o(RESET)
 <LI><a href="#[29]">I2C1_EV_IRQHandler</a> from startup_stm32f10x_hd.o(.text) referenced from startup_stm32f10x_hd.o(RESET)
 <LI><a href="#[2c]">I2C2_ER_IRQHandler</a> from startup_stm32f10x_hd.o(.text) referenced from startup_stm32f10x_hd.o(RESET)
 <LI><a href="#[2b]">I2C2_EV_IRQHandler</a> from startup_stm32f10x_hd.o(.text) referenced from startup_stm32f10x_hd.o(RESET)
 <LI><a href="#[3]">MemManage_Handler</a> from stm32f10x_it.o(i.MemManage_Handler) referenced from startup_stm32f10x_hd.o(RESET)
 <LI><a href="#[1]">NMI_Handler</a> from stm32f10x_it.o(i.NMI_Handler) referenced from startup_stm32f10x_hd.o(RESET)
 <LI><a href="#[b]">PVD_IRQHandler</a> from startup_stm32f10x_hd.o(.text) referenced from startup_stm32f10x_hd.o(RESET)
 <LI><a href="#[8]">PendSV_Handler</a> from stm32f10x_it.o(i.PendSV_Handler) referenced from startup_stm32f10x_hd.o(RESET)
 <LI><a href="#[f]">RCC_IRQHandler</a> from startup_stm32f10x_hd.o(.text) referenced from startup_stm32f10x_hd.o(RESET)
 <LI><a href="#[33]">RTCAlarm_IRQHandler</a> from startup_stm32f10x_hd.o(.text) referenced from startup_stm32f10x_hd.o(RESET)
 <LI><a href="#[d]">RTC_IRQHandler</a> from startup_stm32f10x_hd.o(.text) referenced from startup_stm32f10x_hd.o(RESET)
 <LI><a href="#[0]">Reset_Handler</a> from startup_stm32f10x_hd.o(.text) referenced from startup_stm32f10x_hd.o(RESET)
 <LI><a href="#[3b]">SDIO_IRQHandler</a> from startup_stm32f10x_hd.o(.text) referenced from startup_stm32f10x_hd.o(RESET)
 <LI><a href="#[2d]">SPI1_IRQHandler</a> from startup_stm32f10x_hd.o(.text) referenced from startup_stm32f10x_hd.o(RESET)
 <LI><a href="#[2e]">SPI2_IRQHandler</a> from startup_stm32f10x_hd.o(.text) referenced from startup_stm32f10x_hd.o(RESET)
 <LI><a href="#[3d]">SPI3_IRQHandler</a> from startup_stm32f10x_hd.o(.text) referenced from startup_stm32f10x_hd.o(RESET)
 <LI><a href="#[6]">SVC_Handler</a> from stm32f10x_it.o(i.SVC_Handler) referenced from startup_stm32f10x_hd.o(RESET)
 <LI><a href="#[4c]">SX1276GetRxPacket</a> from sx1276.o(i.SX1276GetRxPacket) referenced from radio.o(i.RadioDriverInit)
 <LI><a href="#[49]">SX1276Init</a> from sx1276.o(i.SX1276Init) referenced from radio.o(i.RadioDriverInit)
 <LI><a href="#[4e]">SX1276Process</a> from sx1276.o(i.SX1276Process) referenced from radio.o(i.RadioDriverInit)
 <LI><a href="#[4a]">SX1276Reset</a> from sx1276.o(i.SX1276Reset) referenced from radio.o(i.RadioDriverInit)
 <LI><a href="#[4d]">SX1276SetTxPacket</a> from sx1276.o(i.SX1276SetTxPacket) referenced from radio.o(i.RadioDriverInit)
 <LI><a href="#[4b]">SX1276StartRx</a> from sx1276.o(i.SX1276StartRx) referenced from radio.o(i.RadioDriverInit)
 <LI><a href="#[9]">SysTick_Handler</a> from stm32f10x_it.o(i.SysTick_Handler) referenced from startup_stm32f10x_hd.o(RESET)
 <LI><a href="#[47]">SystemInit</a> from system_stm32f10x.o(i.SystemInit) referenced from startup_stm32f10x_hd.o(.text)
 <LI><a href="#[c]">TAMPER_IRQHandler</a> from startup_stm32f10x_hd.o(.text) referenced from startup_stm32f10x_hd.o(RESET)
 <LI><a href="#[22]">TIM1_BRK_IRQHandler</a> from startup_stm32f10x_hd.o(.text) referenced from startup_stm32f10x_hd.o(RESET)
 <LI><a href="#[25]">TIM1_CC_IRQHandler</a> from startup_stm32f10x_hd.o(.text) referenced from startup_stm32f10x_hd.o(RESET)
 <LI><a href="#[24]">TIM1_TRG_COM_IRQHandler</a> from startup_stm32f10x_hd.o(.text) referenced from startup_stm32f10x_hd.o(RESET)
 <LI><a href="#[23]">TIM1_UP_IRQHandler</a> from startup_stm32f10x_hd.o(.text) referenced from startup_stm32f10x_hd.o(RESET)
 <LI><a href="#[26]">TIM2_IRQHandler</a> from startup_stm32f10x_hd.o(.text) referenced from startup_stm32f10x_hd.o(RESET)
 <LI><a href="#[27]">TIM3_IRQHandler</a> from startup_stm32f10x_hd.o(.text) referenced from startup_stm32f10x_hd.o(RESET)
 <LI><a href="#[28]">TIM4_IRQHandler</a> from startup_stm32f10x_hd.o(.text) referenced from startup_stm32f10x_hd.o(RESET)
 <LI><a href="#[3c]">TIM5_IRQHandler</a> from startup_stm32f10x_hd.o(.text) referenced from startup_stm32f10x_hd.o(RESET)
 <LI><a href="#[40]">TIM6_IRQHandler</a> from startup_stm32f10x_hd.o(.text) referenced from startup_stm32f10x_hd.o(RESET)
 <LI><a href="#[41]">TIM7_IRQHandler</a> from startup_stm32f10x_hd.o(.text) referenced from startup_stm32f10x_hd.o(RESET)
 <LI><a href="#[35]">TIM8_BRK_IRQHandler</a> from startup_stm32f10x_hd.o(.text) referenced from startup_stm32f10x_hd.o(RESET)
 <LI><a href="#[38]">TIM8_CC_IRQHandler</a> from startup_stm32f10x_hd.o(.text) referenced from startup_stm32f10x_hd.o(RESET)
 <LI><a href="#[37]">TIM8_TRG_COM_IRQHandler</a> from startup_stm32f10x_hd.o(.text) referenced from startup_stm32f10x_hd.o(RESET)
 <LI><a href="#[36]">TIM8_UP_IRQHandler</a> from startup_stm32f10x_hd.o(.text) referenced from startup_stm32f10x_hd.o(RESET)
 <LI><a href="#[3e]">UART4_IRQHandler</a> from startup_stm32f10x_hd.o(.text) referenced from startup_stm32f10x_hd.o(RESET)
 <LI><a href="#[3f]">UART5_IRQHandler</a> from startup_stm32f10x_hd.o(.text) referenced from startup_stm32f10x_hd.o(RESET)
 <LI><a href="#[2f]">USART1_IRQHandler</a> from usart1.o(i.USART1_IRQHandler) referenced from startup_stm32f10x_hd.o(RESET)
 <LI><a href="#[30]">USART2_IRQHandler</a> from startup_stm32f10x_hd.o(.text) referenced from startup_stm32f10x_hd.o(RESET)
 <LI><a href="#[31]">USART3_IRQHandler</a> from startup_stm32f10x_hd.o(.text) referenced from startup_stm32f10x_hd.o(RESET)
 <LI><a href="#[34]">USBWakeUp_IRQHandler</a> from startup_stm32f10x_hd.o(.text) referenced from startup_stm32f10x_hd.o(RESET)
 <LI><a href="#[1d]">USB_HP_CAN1_TX_IRQHandler</a> from startup_stm32f10x_hd.o(.text) referenced from startup_stm32f10x_hd.o(RESET)
 <LI><a href="#[1e]">USB_LP_CAN1_RX0_IRQHandler</a> from startup_stm32f10x_hd.o(.text) referenced from startup_stm32f10x_hd.o(RESET)
 <LI><a href="#[5]">UsageFault_Handler</a> from stm32f10x_it.o(i.UsageFault_Handler) referenced from startup_stm32f10x_hd.o(RESET)
 <LI><a href="#[a]">WWDG_IRQHandler</a> from startup_stm32f10x_hd.o(.text) referenced from startup_stm32f10x_hd.o(RESET)
 <LI><a href="#[48]">__main</a> from entry.o(.ARM.Collect$$$$00000000) referenced from startup_stm32f10x_hd.o(.text)
 <LI><a href="#[4f]">fputc</a> from usart1.o(i.fputc) referenced from printf5.o(i.__0printf$5)
 <LI><a href="#[46]">main</a> from main.o(i.main) referenced from entry9a.o(.ARM.Collect$$$$0000000B)
</UL>
<P>
<H3>
Global Symbols
</H3>
<P><STRONG><a name="[48]"></a>__main</STRONG> (Thumb, 0 bytes, Stack size unknown bytes, entry.o(.ARM.Collect$$$$00000000))
<BR>[Address Reference Count : 1]<UL><LI> startup_stm32f10x_hd.o(.text)
</UL>
<P><STRONG><a name="[ca]"></a>_main_stk</STRONG> (Thumb, 0 bytes, Stack size unknown bytes, entry2.o(.ARM.Collect$$$$00000001))

<P><STRONG><a name="[50]"></a>_main_scatterload</STRONG> (Thumb, 0 bytes, Stack size unknown bytes, entry5.o(.ARM.Collect$$$$00000004))
<BR><BR>[Calls]<UL><LI><a href="#[51]">&gt;&gt;</a>&nbsp;&nbsp;&nbsp;__scatterload
</UL>

<P><STRONG><a name="[65]"></a>__main_after_scatterload</STRONG> (Thumb, 0 bytes, Stack size unknown bytes, entry5.o(.ARM.Collect$$$$00000004))
<BR><BR>[Called By]<UL><LI><a href="#[51]">&gt;&gt;</a>&nbsp;&nbsp;&nbsp;__scatterload
</UL>

<P><STRONG><a name="[cb]"></a>_main_clock</STRONG> (Thumb, 0 bytes, Stack size unknown bytes, entry7b.o(.ARM.Collect$$$$00000008))

<P><STRONG><a name="[cc]"></a>_main_cpp_init</STRONG> (Thumb, 0 bytes, Stack size unknown bytes, entry8b.o(.ARM.Collect$$$$0000000A))

<P><STRONG><a name="[cd]"></a>_main_init</STRONG> (Thumb, 0 bytes, Stack size unknown bytes, entry9a.o(.ARM.Collect$$$$0000000B))

<P><STRONG><a name="[ce]"></a>__rt_final_cpp</STRONG> (Thumb, 0 bytes, Stack size unknown bytes, entry10a.o(.ARM.Collect$$$$0000000D))

<P><STRONG><a name="[cf]"></a>__rt_final_exit</STRONG> (Thumb, 0 bytes, Stack size unknown bytes, entry11a.o(.ARM.Collect$$$$0000000F))

<P><STRONG><a name="[0]"></a>Reset_Handler</STRONG> (Thumb, 8 bytes, Stack size 0 bytes, startup_stm32f10x_hd.o(.text))
<BR>[Address Reference Count : 1]<UL><LI> startup_stm32f10x_hd.o(RESET)
</UL>
<P><STRONG><a name="[1c]"></a>ADC1_2_IRQHandler</STRONG> (Thumb, 0 bytes, Stack size 0 bytes, startup_stm32f10x_hd.o(.text))
<BR><BR>[Calls]<UL><LI><a href="#[1c]">&gt;&gt;</a>&nbsp;&nbsp;&nbsp;ADC1_2_IRQHandler
</UL>
<BR>[Called By]<UL><LI><a href="#[1c]">&gt;&gt;</a>&nbsp;&nbsp;&nbsp;ADC1_2_IRQHandler
</UL>
<BR>[Address Reference Count : 1]<UL><LI> startup_stm32f10x_hd.o(RESET)
</UL>
<P><STRONG><a name="[39]"></a>ADC3_IRQHandler</STRONG> (Thumb, 0 bytes, Stack size 0 bytes, startup_stm32f10x_hd.o(.text))
<BR>[Address Reference Count : 1]<UL><LI> startup_stm32f10x_hd.o(RESET)
</UL>
<P><STRONG><a name="[1f]"></a>CAN1_RX1_IRQHandler</STRONG> (Thumb, 0 bytes, Stack size 0 bytes, startup_stm32f10x_hd.o(.text))
<BR>[Address Reference Count : 1]<UL><LI> startup_stm32f10x_hd.o(RESET)
</UL>
<P><STRONG><a name="[20]"></a>CAN1_SCE_IRQHandler</STRONG> (Thumb, 0 bytes, Stack size 0 bytes, startup_stm32f10x_hd.o(.text))
<BR>[Address Reference Count : 1]<UL><LI> startup_stm32f10x_hd.o(RESET)
</UL>
<P><STRONG><a name="[15]"></a>DMA1_Channel1_IRQHandler</STRONG> (Thumb, 0 bytes, Stack size 0 bytes, startup_stm32f10x_hd.o(.text))
<BR>[Address Reference Count : 1]<UL><LI> startup_stm32f10x_hd.o(RESET)
</UL>
<P><STRONG><a name="[16]"></a>DMA1_Channel2_IRQHandler</STRONG> (Thumb, 0 bytes, Stack size 0 bytes, startup_stm32f10x_hd.o(.text))
<BR>[Address Reference Count : 1]<UL><LI> startup_stm32f10x_hd.o(RESET)
</UL>
<P><STRONG><a name="[17]"></a>DMA1_Channel3_IRQHandler</STRONG> (Thumb, 0 bytes, Stack size 0 bytes, startup_stm32f10x_hd.o(.text))
<BR>[Address Reference Count : 1]<UL><LI> startup_stm32f10x_hd.o(RESET)
</UL>
<P><STRONG><a name="[18]"></a>DMA1_Channel4_IRQHandler</STRONG> (Thumb, 0 bytes, Stack size 0 bytes, startup_stm32f10x_hd.o(.text))
<BR>[Address Reference Count : 1]<UL><LI> startup_stm32f10x_hd.o(RESET)
</UL>
<P><STRONG><a name="[19]"></a>DMA1_Channel5_IRQHandler</STRONG> (Thumb, 0 bytes, Stack size 0 bytes, startup_stm32f10x_hd.o(.text))
<BR>[Address Reference Count : 1]<UL><LI> startup_stm32f10x_hd.o(RESET)
</UL>
<P><STRONG><a name="[1a]"></a>DMA1_Channel6_IRQHandler</STRONG> (Thumb, 0 bytes, Stack size 0 bytes, startup_stm32f10x_hd.o(.text))
<BR>[Address Reference Count : 1]<UL><LI> startup_stm32f10x_hd.o(RESET)
</UL>
<P><STRONG><a name="[1b]"></a>DMA1_Channel7_IRQHandler</STRONG> (Thumb, 0 bytes, Stack size 0 bytes, startup_stm32f10x_hd.o(.text))
<BR>[Address Reference Count : 1]<UL><LI> startup_stm32f10x_hd.o(RESET)
</UL>
<P><STRONG><a name="[42]"></a>DMA2_Channel1_IRQHandler</STRONG> (Thumb, 0 bytes, Stack size 0 bytes, startup_stm32f10x_hd.o(.text))
<BR>[Address Reference Count : 1]<UL><LI> startup_stm32f10x_hd.o(RESET)
</UL>
<P><STRONG><a name="[43]"></a>DMA2_Channel2_IRQHandler</STRONG> (Thumb, 0 bytes, Stack size 0 bytes, startup_stm32f10x_hd.o(.text))
<BR>[Address Reference Count : 1]<UL><LI> startup_stm32f10x_hd.o(RESET)
</UL>
<P><STRONG><a name="[44]"></a>DMA2_Channel3_IRQHandler</STRONG> (Thumb, 0 bytes, Stack size 0 bytes, startup_stm32f10x_hd.o(.text))
<BR>[Address Reference Count : 1]<UL><LI> startup_stm32f10x_hd.o(RESET)
</UL>
<P><STRONG><a name="[45]"></a>DMA2_Channel4_5_IRQHandler</STRONG> (Thumb, 0 bytes, Stack size 0 bytes, startup_stm32f10x_hd.o(.text))
<BR>[Address Reference Count : 1]<UL><LI> startup_stm32f10x_hd.o(RESET)
</UL>
<P><STRONG><a name="[10]"></a>EXTI0_IRQHandler</STRONG> (Thumb, 0 bytes, Stack size 0 bytes, startup_stm32f10x_hd.o(.text))
<BR>[Address Reference Count : 1]<UL><LI> startup_stm32f10x_hd.o(RESET)
</UL>
<P><STRONG><a name="[32]"></a>EXTI15_10_IRQHandler</STRONG> (Thumb, 0 bytes, Stack size 0 bytes, startup_stm32f10x_hd.o(.text))
<BR>[Address Reference Count : 1]<UL><LI> startup_stm32f10x_hd.o(RESET)
</UL>
<P><STRONG><a name="[11]"></a>EXTI1_IRQHandler</STRONG> (Thumb, 0 bytes, Stack size 0 bytes, startup_stm32f10x_hd.o(.text))
<BR>[Address Reference Count : 1]<UL><LI> startup_stm32f10x_hd.o(RESET)
</UL>
<P><STRONG><a name="[12]"></a>EXTI2_IRQHandler</STRONG> (Thumb, 0 bytes, Stack size 0 bytes, startup_stm32f10x_hd.o(.text))
<BR>[Address Reference Count : 1]<UL><LI> startup_stm32f10x_hd.o(RESET)
</UL>
<P><STRONG><a name="[13]"></a>EXTI3_IRQHandler</STRONG> (Thumb, 0 bytes, Stack size 0 bytes, startup_stm32f10x_hd.o(.text))
<BR>[Address Reference Count : 1]<UL><LI> startup_stm32f10x_hd.o(RESET)
</UL>
<P><STRONG><a name="[14]"></a>EXTI4_IRQHandler</STRONG> (Thumb, 0 bytes, Stack size 0 bytes, startup_stm32f10x_hd.o(.text))
<BR>[Address Reference Count : 1]<UL><LI> startup_stm32f10x_hd.o(RESET)
</UL>
<P><STRONG><a name="[21]"></a>EXTI9_5_IRQHandler</STRONG> (Thumb, 0 bytes, Stack size 0 bytes, startup_stm32f10x_hd.o(.text))
<BR>[Address Reference Count : 1]<UL><LI> startup_stm32f10x_hd.o(RESET)
</UL>
<P><STRONG><a name="[e]"></a>FLASH_IRQHandler</STRONG> (Thumb, 0 bytes, Stack size 0 bytes, startup_stm32f10x_hd.o(.text))
<BR>[Address Reference Count : 1]<UL><LI> startup_stm32f10x_hd.o(RESET)
</UL>
<P><STRONG><a name="[3a]"></a>FSMC_IRQHandler</STRONG> (Thumb, 0 bytes, Stack size 0 bytes, startup_stm32f10x_hd.o(.text))
<BR>[Address Reference Count : 1]<UL><LI> startup_stm32f10x_hd.o(RESET)
</UL>
<P><STRONG><a name="[2a]"></a>I2C1_ER_IRQHandler</STRONG> (Thumb, 0 bytes, Stack size 0 bytes, startup_stm32f10x_hd.o(.text))
<BR>[Address Reference Count : 1]<UL><LI> startup_stm32f10x_hd.o(RESET)
</UL>
<P><STRONG><a name="[29]"></a>I2C1_EV_IRQHandler</STRONG> (Thumb, 0 bytes, Stack size 0 bytes, startup_stm32f10x_hd.o(.text))
<BR>[Address Reference Count : 1]<UL><LI> startup_stm32f10x_hd.o(RESET)
</UL>
<P><STRONG><a name="[2c]"></a>I2C2_ER_IRQHandler</STRONG> (Thumb, 0 bytes, Stack size 0 bytes, startup_stm32f10x_hd.o(.text))
<BR>[Address Reference Count : 1]<UL><LI> startup_stm32f10x_hd.o(RESET)
</UL>
<P><STRONG><a name="[2b]"></a>I2C2_EV_IRQHandler</STRONG> (Thumb, 0 bytes, Stack size 0 bytes, startup_stm32f10x_hd.o(.text))
<BR>[Address Reference Count : 1]<UL><LI> startup_stm32f10x_hd.o(RESET)
</UL>
<P><STRONG><a name="[b]"></a>PVD_IRQHandler</STRONG> (Thumb, 0 bytes, Stack size 0 bytes, startup_stm32f10x_hd.o(.text))
<BR>[Address Reference Count : 1]<UL><LI> startup_stm32f10x_hd.o(RESET)
</UL>
<P><STRONG><a name="[f]"></a>RCC_IRQHandler</STRONG> (Thumb, 0 bytes, Stack size 0 bytes, startup_stm32f10x_hd.o(.text))
<BR>[Address Reference Count : 1]<UL><LI> startup_stm32f10x_hd.o(RESET)
</UL>
<P><STRONG><a name="[33]"></a>RTCAlarm_IRQHandler</STRONG> (Thumb, 0 bytes, Stack size 0 bytes, startup_stm32f10x_hd.o(.text))
<BR>[Address Reference Count : 1]<UL><LI> startup_stm32f10x_hd.o(RESET)
</UL>
<P><STRONG><a name="[d]"></a>RTC_IRQHandler</STRONG> (Thumb, 0 bytes, Stack size 0 bytes, startup_stm32f10x_hd.o(.text))
<BR>[Address Reference Count : 1]<UL><LI> startup_stm32f10x_hd.o(RESET)
</UL>
<P><STRONG><a name="[3b]"></a>SDIO_IRQHandler</STRONG> (Thumb, 0 bytes, Stack size 0 bytes, startup_stm32f10x_hd.o(.text))
<BR>[Address Reference Count : 1]<UL><LI> startup_stm32f10x_hd.o(RESET)
</UL>
<P><STRONG><a name="[2d]"></a>SPI1_IRQHandler</STRONG> (Thumb, 0 bytes, Stack size 0 bytes, startup_stm32f10x_hd.o(.text))
<BR>[Address Reference Count : 1]<UL><LI> startup_stm32f10x_hd.o(RESET)
</UL>
<P><STRONG><a name="[2e]"></a>SPI2_IRQHandler</STRONG> (Thumb, 0 bytes, Stack size 0 bytes, startup_stm32f10x_hd.o(.text))
<BR>[Address Reference Count : 1]<UL><LI> startup_stm32f10x_hd.o(RESET)
</UL>
<P><STRONG><a name="[3d]"></a>SPI3_IRQHandler</STRONG> (Thumb, 0 bytes, Stack size 0 bytes, startup_stm32f10x_hd.o(.text))
<BR>[Address Reference Count : 1]<UL><LI> startup_stm32f10x_hd.o(RESET)
</UL>
<P><STRONG><a name="[c]"></a>TAMPER_IRQHandler</STRONG> (Thumb, 0 bytes, Stack size 0 bytes, startup_stm32f10x_hd.o(.text))
<BR>[Address Reference Count : 1]<UL><LI> startup_stm32f10x_hd.o(RESET)
</UL>
<P><STRONG><a name="[22]"></a>TIM1_BRK_IRQHandler</STRONG> (Thumb, 0 bytes, Stack size 0 bytes, startup_stm32f10x_hd.o(.text))
<BR>[Address Reference Count : 1]<UL><LI> startup_stm32f10x_hd.o(RESET)
</UL>
<P><STRONG><a name="[25]"></a>TIM1_CC_IRQHandler</STRONG> (Thumb, 0 bytes, Stack size 0 bytes, startup_stm32f10x_hd.o(.text))
<BR>[Address Reference Count : 1]<UL><LI> startup_stm32f10x_hd.o(RESET)
</UL>
<P><STRONG><a name="[24]"></a>TIM1_TRG_COM_IRQHandler</STRONG> (Thumb, 0 bytes, Stack size 0 bytes, startup_stm32f10x_hd.o(.text))
<BR>[Address Reference Count : 1]<UL><LI> startup_stm32f10x_hd.o(RESET)
</UL>
<P><STRONG><a name="[23]"></a>TIM1_UP_IRQHandler</STRONG> (Thumb, 0 bytes, Stack size 0 bytes, startup_stm32f10x_hd.o(.text))
<BR>[Address Reference Count : 1]<UL><LI> startup_stm32f10x_hd.o(RESET)
</UL>
<P><STRONG><a name="[26]"></a>TIM2_IRQHandler</STRONG> (Thumb, 0 bytes, Stack size 0 bytes, startup_stm32f10x_hd.o(.text))
<BR>[Address Reference Count : 1]<UL><LI> startup_stm32f10x_hd.o(RESET)
</UL>
<P><STRONG><a name="[27]"></a>TIM3_IRQHandler</STRONG> (Thumb, 0 bytes, Stack size 0 bytes, startup_stm32f10x_hd.o(.text))
<BR>[Address Reference Count : 1]<UL><LI> startup_stm32f10x_hd.o(RESET)
</UL>
<P><STRONG><a name="[28]"></a>TIM4_IRQHandler</STRONG> (Thumb, 0 bytes, Stack size 0 bytes, startup_stm32f10x_hd.o(.text))
<BR>[Address Reference Count : 1]<UL><LI> startup_stm32f10x_hd.o(RESET)
</UL>
<P><STRONG><a name="[3c]"></a>TIM5_IRQHandler</STRONG> (Thumb, 0 bytes, Stack size 0 bytes, startup_stm32f10x_hd.o(.text))
<BR>[Address Reference Count : 1]<UL><LI> startup_stm32f10x_hd.o(RESET)
</UL>
<P><STRONG><a name="[40]"></a>TIM6_IRQHandler</STRONG> (Thumb, 0 bytes, Stack size 0 bytes, startup_stm32f10x_hd.o(.text))
<BR>[Address Reference Count : 1]<UL><LI> startup_stm32f10x_hd.o(RESET)
</UL>
<P><STRONG><a name="[41]"></a>TIM7_IRQHandler</STRONG> (Thumb, 0 bytes, Stack size 0 bytes, startup_stm32f10x_hd.o(.text))
<BR>[Address Reference Count : 1]<UL><LI> startup_stm32f10x_hd.o(RESET)
</UL>
<P><STRONG><a name="[35]"></a>TIM8_BRK_IRQHandler</STRONG> (Thumb, 0 bytes, Stack size 0 bytes, startup_stm32f10x_hd.o(.text))
<BR>[Address Reference Count : 1]<UL><LI> startup_stm32f10x_hd.o(RESET)
</UL>
<P><STRONG><a name="[38]"></a>TIM8_CC_IRQHandler</STRONG> (Thumb, 0 bytes, Stack size 0 bytes, startup_stm32f10x_hd.o(.text))
<BR>[Address Reference Count : 1]<UL><LI> startup_stm32f10x_hd.o(RESET)
</UL>
<P><STRONG><a name="[37]"></a>TIM8_TRG_COM_IRQHandler</STRONG> (Thumb, 0 bytes, Stack size 0 bytes, startup_stm32f10x_hd.o(.text))
<BR>[Address Reference Count : 1]<UL><LI> startup_stm32f10x_hd.o(RESET)
</UL>
<P><STRONG><a name="[36]"></a>TIM8_UP_IRQHandler</STRONG> (Thumb, 0 bytes, Stack size 0 bytes, startup_stm32f10x_hd.o(.text))
<BR>[Address Reference Count : 1]<UL><LI> startup_stm32f10x_hd.o(RESET)
</UL>
<P><STRONG><a name="[3e]"></a>UART4_IRQHandler</STRONG> (Thumb, 0 bytes, Stack size 0 bytes, startup_stm32f10x_hd.o(.text))
<BR>[Address Reference Count : 1]<UL><LI> startup_stm32f10x_hd.o(RESET)
</UL>
<P><STRONG><a name="[3f]"></a>UART5_IRQHandler</STRONG> (Thumb, 0 bytes, Stack size 0 bytes, startup_stm32f10x_hd.o(.text))
<BR>[Address Reference Count : 1]<UL><LI> startup_stm32f10x_hd.o(RESET)
</UL>
<P><STRONG><a name="[30]"></a>USART2_IRQHandler</STRONG> (Thumb, 0 bytes, Stack size 0 bytes, startup_stm32f10x_hd.o(.text))
<BR>[Address Reference Count : 1]<UL><LI> startup_stm32f10x_hd.o(RESET)
</UL>
<P><STRONG><a name="[31]"></a>USART3_IRQHandler</STRONG> (Thumb, 0 bytes, Stack size 0 bytes, startup_stm32f10x_hd.o(.text))
<BR>[Address Reference Count : 1]<UL><LI> startup_stm32f10x_hd.o(RESET)
</UL>
<P><STRONG><a name="[34]"></a>USBWakeUp_IRQHandler</STRONG> (Thumb, 0 bytes, Stack size 0 bytes, startup_stm32f10x_hd.o(.text))
<BR>[Address Reference Count : 1]<UL><LI> startup_stm32f10x_hd.o(RESET)
</UL>
<P><STRONG><a name="[1d]"></a>USB_HP_CAN1_TX_IRQHandler</STRONG> (Thumb, 0 bytes, Stack size 0 bytes, startup_stm32f10x_hd.o(.text))
<BR>[Address Reference Count : 1]<UL><LI> startup_stm32f10x_hd.o(RESET)
</UL>
<P><STRONG><a name="[1e]"></a>USB_LP_CAN1_RX0_IRQHandler</STRONG> (Thumb, 0 bytes, Stack size 0 bytes, startup_stm32f10x_hd.o(.text))
<BR>[Address Reference Count : 1]<UL><LI> startup_stm32f10x_hd.o(RESET)
</UL>
<P><STRONG><a name="[a]"></a>WWDG_IRQHandler</STRONG> (Thumb, 0 bytes, Stack size 0 bytes, startup_stm32f10x_hd.o(.text))
<BR>[Address Reference Count : 1]<UL><LI> startup_stm32f10x_hd.o(RESET)
</UL>
<P><STRONG><a name="[81]"></a>__aeabi_memcpy</STRONG> (Thumb, 36 bytes, Stack size 0 bytes, memcpya.o(.text))
<BR><BR>[Called By]<UL><LI><a href="#[ab]">&gt;&gt;</a>&nbsp;&nbsp;&nbsp;SX1276LoRaSetTxPacket
<LI><a href="#[95]">&gt;&gt;</a>&nbsp;&nbsp;&nbsp;SX1276LoRaGetRxPacket
<LI><a href="#[94]">&gt;&gt;</a>&nbsp;&nbsp;&nbsp;SX1276FskSetTxPacket
<LI><a href="#[80]">&gt;&gt;</a>&nbsp;&nbsp;&nbsp;SX1276FskGetRxPacket
</UL>

<P><STRONG><a name="[d0]"></a>__aeabi_memcpy4</STRONG> (Thumb, 0 bytes, Stack size 0 bytes, memcpya.o(.text), UNUSED)

<P><STRONG><a name="[d1]"></a>__aeabi_memcpy8</STRONG> (Thumb, 0 bytes, Stack size 0 bytes, memcpya.o(.text), UNUSED)

<P><STRONG><a name="[53]"></a>__aeabi_memset</STRONG> (Thumb, 14 bytes, Stack size 0 bytes, memseta.o(.text))
<BR><BR>[Called By]<UL><LI><a href="#[54]">&gt;&gt;</a>&nbsp;&nbsp;&nbsp;_memset$wrapper
<LI><a href="#[52]">&gt;&gt;</a>&nbsp;&nbsp;&nbsp;__aeabi_memclr
</UL>

<P><STRONG><a name="[d2]"></a>__aeabi_memset4</STRONG> (Thumb, 0 bytes, Stack size 0 bytes, memseta.o(.text), UNUSED)

<P><STRONG><a name="[d3]"></a>__aeabi_memset8</STRONG> (Thumb, 0 bytes, Stack size 0 bytes, memseta.o(.text), UNUSED)

<P><STRONG><a name="[52]"></a>__aeabi_memclr</STRONG> (Thumb, 4 bytes, Stack size 0 bytes, memseta.o(.text))
<BR><BR>[Calls]<UL><LI><a href="#[53]">&gt;&gt;</a>&nbsp;&nbsp;&nbsp;__aeabi_memset
</UL>
<BR>[Called By]<UL><LI><a href="#[a8]">&gt;&gt;</a>&nbsp;&nbsp;&nbsp;SX1276LoRaProcess
<LI><a href="#[82]">&gt;&gt;</a>&nbsp;&nbsp;&nbsp;SX1276FskProcess
</UL>

<P><STRONG><a name="[d4]"></a>__aeabi_memclr4</STRONG> (Thumb, 0 bytes, Stack size 0 bytes, memseta.o(.text), UNUSED)

<P><STRONG><a name="[d5]"></a>__aeabi_memclr8</STRONG> (Thumb, 0 bytes, Stack size 0 bytes, memseta.o(.text), UNUSED)

<P><STRONG><a name="[54]"></a>_memset$wrapper</STRONG> (Thumb, 18 bytes, Stack size 8 bytes, memseta.o(.text), UNUSED)
<BR><BR>[Calls]<UL><LI><a href="#[53]">&gt;&gt;</a>&nbsp;&nbsp;&nbsp;__aeabi_memset
</UL>

<P><STRONG><a name="[55]"></a>__aeabi_dadd</STRONG> (Thumb, 322 bytes, Stack size 48 bytes, dadd.o(.text))
<BR><BR>[Stack]<UL><LI>Max Depth = 88<LI>Call Chain = __aeabi_dadd &rArr; _double_epilogue &rArr; _double_round
</UL>
<BR>[Calls]<UL><LI><a href="#[57]">&gt;&gt;</a>&nbsp;&nbsp;&nbsp;__aeabi_lasr
<LI><a href="#[56]">&gt;&gt;</a>&nbsp;&nbsp;&nbsp;__aeabi_llsl
<LI><a href="#[59]">&gt;&gt;</a>&nbsp;&nbsp;&nbsp;_double_round
<LI><a href="#[58]">&gt;&gt;</a>&nbsp;&nbsp;&nbsp;_double_epilogue
</UL>
<BR>[Called By]<UL><LI><a href="#[a8]">&gt;&gt;</a>&nbsp;&nbsp;&nbsp;SX1276LoRaProcess
<LI><a href="#[82]">&gt;&gt;</a>&nbsp;&nbsp;&nbsp;SX1276FskProcess
<LI><a href="#[86]">&gt;&gt;</a>&nbsp;&nbsp;&nbsp;round
<LI><a href="#[5a]">&gt;&gt;</a>&nbsp;&nbsp;&nbsp;__aeabi_dsub
<LI><a href="#[5b]">&gt;&gt;</a>&nbsp;&nbsp;&nbsp;__aeabi_drsub
</UL>

<P><STRONG><a name="[5a]"></a>__aeabi_dsub</STRONG> (Thumb, 6 bytes, Stack size 0 bytes, dadd.o(.text))
<BR><BR>[Stack]<UL><LI>Max Depth = 88<LI>Call Chain = __aeabi_dsub &rArr; __aeabi_dadd &rArr; _double_epilogue &rArr; _double_round
</UL>
<BR>[Calls]<UL><LI><a href="#[55]">&gt;&gt;</a>&nbsp;&nbsp;&nbsp;__aeabi_dadd
</UL>
<BR>[Called By]<UL><LI><a href="#[86]">&gt;&gt;</a>&nbsp;&nbsp;&nbsp;round
</UL>

<P><STRONG><a name="[5b]"></a>__aeabi_drsub</STRONG> (Thumb, 6 bytes, Stack size 0 bytes, dadd.o(.text))
<BR><BR>[Stack]<UL><LI>Max Depth = 88<LI>Call Chain = __aeabi_drsub &rArr; __aeabi_dadd &rArr; _double_epilogue &rArr; _double_round
</UL>
<BR>[Calls]<UL><LI><a href="#[55]">&gt;&gt;</a>&nbsp;&nbsp;&nbsp;__aeabi_dadd
</UL>
<BR>[Called By]<UL><LI><a href="#[86]">&gt;&gt;</a>&nbsp;&nbsp;&nbsp;round
</UL>

<P><STRONG><a name="[5c]"></a>__aeabi_dmul</STRONG> (Thumb, 228 bytes, Stack size 48 bytes, dmul.o(.text))
<BR><BR>[Stack]<UL><LI>Max Depth = 88<LI>Call Chain = __aeabi_dmul &rArr; _double_epilogue &rArr; _double_round
</UL>
<BR>[Calls]<UL><LI><a href="#[58]">&gt;&gt;</a>&nbsp;&nbsp;&nbsp;_double_epilogue
</UL>
<BR>[Called By]<UL><LI><a href="#[a8]">&gt;&gt;</a>&nbsp;&nbsp;&nbsp;SX1276LoRaProcess
<LI><a href="#[82]">&gt;&gt;</a>&nbsp;&nbsp;&nbsp;SX1276FskProcess
<LI><a href="#[8b]">&gt;&gt;</a>&nbsp;&nbsp;&nbsp;SX1276FskReadAfc
</UL>

<P><STRONG><a name="[5d]"></a>__aeabi_ddiv</STRONG> (Thumb, 222 bytes, Stack size 32 bytes, ddiv.o(.text))
<BR><BR>[Stack]<UL><LI>Max Depth = 40<LI>Call Chain = __aeabi_ddiv &rArr; _double_round
</UL>
<BR>[Calls]<UL><LI><a href="#[59]">&gt;&gt;</a>&nbsp;&nbsp;&nbsp;_double_round
</UL>
<BR>[Called By]<UL><LI><a href="#[9b]">&gt;&gt;</a>&nbsp;&nbsp;&nbsp;SX1276LoRaSetRFFrequency
<LI><a href="#[8a]">&gt;&gt;</a>&nbsp;&nbsp;&nbsp;SX1276FskReadRssi
<LI><a href="#[82]">&gt;&gt;</a>&nbsp;&nbsp;&nbsp;SX1276FskProcess
</UL>

<P><STRONG><a name="[5e]"></a>__aeabi_i2d</STRONG> (Thumb, 34 bytes, Stack size 16 bytes, dflti.o(.text))
<BR><BR>[Stack]<UL><LI>Max Depth = 56<LI>Call Chain = __aeabi_i2d &rArr; _double_epilogue &rArr; _double_round
</UL>
<BR>[Calls]<UL><LI><a href="#[58]">&gt;&gt;</a>&nbsp;&nbsp;&nbsp;_double_epilogue
</UL>
<BR>[Called By]<UL><LI><a href="#[a8]">&gt;&gt;</a>&nbsp;&nbsp;&nbsp;SX1276LoRaProcess
<LI><a href="#[8b]">&gt;&gt;</a>&nbsp;&nbsp;&nbsp;SX1276FskReadAfc
</UL>

<P><STRONG><a name="[5f]"></a>__aeabi_ui2d</STRONG> (Thumb, 26 bytes, Stack size 16 bytes, dfltui.o(.text))
<BR><BR>[Stack]<UL><LI>Max Depth = 56<LI>Call Chain = __aeabi_ui2d &rArr; _double_epilogue &rArr; _double_round
</UL>
<BR>[Calls]<UL><LI><a href="#[58]">&gt;&gt;</a>&nbsp;&nbsp;&nbsp;_double_epilogue
</UL>
<BR>[Called By]<UL><LI><a href="#[9b]">&gt;&gt;</a>&nbsp;&nbsp;&nbsp;SX1276LoRaSetRFFrequency
<LI><a href="#[a8]">&gt;&gt;</a>&nbsp;&nbsp;&nbsp;SX1276LoRaProcess
<LI><a href="#[8a]">&gt;&gt;</a>&nbsp;&nbsp;&nbsp;SX1276FskReadRssi
<LI><a href="#[82]">&gt;&gt;</a>&nbsp;&nbsp;&nbsp;SX1276FskProcess
</UL>

<P><STRONG><a name="[60]"></a>__aeabi_d2iz</STRONG> (Thumb, 62 bytes, Stack size 16 bytes, dfixi.o(.text))
<BR><BR>[Stack]<UL><LI>Max Depth = 16<LI>Call Chain = __aeabi_d2iz
</UL>
<BR>[Calls]<UL><LI><a href="#[61]">&gt;&gt;</a>&nbsp;&nbsp;&nbsp;__aeabi_llsr
</UL>
<BR>[Called By]<UL><LI><a href="#[8b]">&gt;&gt;</a>&nbsp;&nbsp;&nbsp;SX1276FskReadAfc
</UL>

<P><STRONG><a name="[62]"></a>__aeabi_d2uiz</STRONG> (Thumb, 50 bytes, Stack size 8 bytes, dfixui.o(.text))
<BR><BR>[Stack]<UL><LI>Max Depth = 8<LI>Call Chain = __aeabi_d2uiz
</UL>
<BR>[Calls]<UL><LI><a href="#[61]">&gt;&gt;</a>&nbsp;&nbsp;&nbsp;__aeabi_llsr
</UL>
<BR>[Called By]<UL><LI><a href="#[9b]">&gt;&gt;</a>&nbsp;&nbsp;&nbsp;SX1276LoRaSetRFFrequency
<LI><a href="#[82]">&gt;&gt;</a>&nbsp;&nbsp;&nbsp;SX1276FskProcess
</UL>

<P><STRONG><a name="[d6]"></a>__aeabi_cdcmpeq</STRONG> (Thumb, 0 bytes, Stack size 0 bytes, cdcmple.o(.text), UNUSED)

<P><STRONG><a name="[c5]"></a>__aeabi_cdcmple</STRONG> (Thumb, 48 bytes, Stack size 0 bytes, cdcmple.o(.text))
<BR><BR>[Called By]<UL><LI><a href="#[86]">&gt;&gt;</a>&nbsp;&nbsp;&nbsp;round
</UL>

<P><STRONG><a name="[63]"></a>__aeabi_uldivmod</STRONG> (Thumb, 98 bytes, Stack size 40 bytes, uldiv.o(.text), UNUSED)
<BR><BR>[Calls]<UL><LI><a href="#[61]">&gt;&gt;</a>&nbsp;&nbsp;&nbsp;__aeabi_llsr
<LI><a href="#[56]">&gt;&gt;</a>&nbsp;&nbsp;&nbsp;__aeabi_llsl
</UL>
<BR>[Called By]<UL><LI><a href="#[bf]">&gt;&gt;</a>&nbsp;&nbsp;&nbsp;_printf_core
</UL>

<P><STRONG><a name="[56]"></a>__aeabi_llsl</STRONG> (Thumb, 30 bytes, Stack size 0 bytes, llshl.o(.text))
<BR><BR>[Called By]<UL><LI><a href="#[55]">&gt;&gt;</a>&nbsp;&nbsp;&nbsp;__aeabi_dadd
<LI><a href="#[64]">&gt;&gt;</a>&nbsp;&nbsp;&nbsp;_drnd
<LI><a href="#[63]">&gt;&gt;</a>&nbsp;&nbsp;&nbsp;__aeabi_uldivmod
<LI><a href="#[58]">&gt;&gt;</a>&nbsp;&nbsp;&nbsp;_double_epilogue
</UL>

<P><STRONG><a name="[d7]"></a>_ll_shift_l</STRONG> (Thumb, 0 bytes, Stack size 0 bytes, llshl.o(.text), UNUSED)

<P><STRONG><a name="[61]"></a>__aeabi_llsr</STRONG> (Thumb, 32 bytes, Stack size 0 bytes, llushr.o(.text))
<BR><BR>[Called By]<UL><LI><a href="#[62]">&gt;&gt;</a>&nbsp;&nbsp;&nbsp;__aeabi_d2uiz
<LI><a href="#[64]">&gt;&gt;</a>&nbsp;&nbsp;&nbsp;_drnd
<LI><a href="#[60]">&gt;&gt;</a>&nbsp;&nbsp;&nbsp;__aeabi_d2iz
<LI><a href="#[63]">&gt;&gt;</a>&nbsp;&nbsp;&nbsp;__aeabi_uldivmod
<LI><a href="#[58]">&gt;&gt;</a>&nbsp;&nbsp;&nbsp;_double_epilogue
</UL>

<P><STRONG><a name="[d8]"></a>_ll_ushift_r</STRONG> (Thumb, 0 bytes, Stack size 0 bytes, llushr.o(.text), UNUSED)

<P><STRONG><a name="[57]"></a>__aeabi_lasr</STRONG> (Thumb, 36 bytes, Stack size 0 bytes, llsshr.o(.text))
<BR><BR>[Called By]<UL><LI><a href="#[55]">&gt;&gt;</a>&nbsp;&nbsp;&nbsp;__aeabi_dadd
</UL>

<P><STRONG><a name="[d9]"></a>_ll_sshift_r</STRONG> (Thumb, 0 bytes, Stack size 0 bytes, llsshr.o(.text), UNUSED)

<P><STRONG><a name="[da]"></a>__I$use$fp</STRONG> (Thumb, 0 bytes, Stack size 8 bytes, iusefp.o(.text), UNUSED)

<P><STRONG><a name="[59]"></a>_double_round</STRONG> (Thumb, 30 bytes, Stack size 8 bytes, depilogue.o(.text))
<BR><BR>[Stack]<UL><LI>Max Depth = 8<LI>Call Chain = _double_round
</UL>
<BR>[Called By]<UL><LI><a href="#[5d]">&gt;&gt;</a>&nbsp;&nbsp;&nbsp;__aeabi_ddiv
<LI><a href="#[55]">&gt;&gt;</a>&nbsp;&nbsp;&nbsp;__aeabi_dadd
<LI><a href="#[64]">&gt;&gt;</a>&nbsp;&nbsp;&nbsp;_drnd
<LI><a href="#[58]">&gt;&gt;</a>&nbsp;&nbsp;&nbsp;_double_epilogue
</UL>

<P><STRONG><a name="[58]"></a>_double_epilogue</STRONG> (Thumb, 156 bytes, Stack size 32 bytes, depilogue.o(.text))
<BR><BR>[Stack]<UL><LI>Max Depth = 40<LI>Call Chain = _double_epilogue &rArr; _double_round
</UL>
<BR>[Calls]<UL><LI><a href="#[61]">&gt;&gt;</a>&nbsp;&nbsp;&nbsp;__aeabi_llsr
<LI><a href="#[56]">&gt;&gt;</a>&nbsp;&nbsp;&nbsp;__aeabi_llsl
<LI><a href="#[59]">&gt;&gt;</a>&nbsp;&nbsp;&nbsp;_double_round
</UL>
<BR>[Called By]<UL><LI><a href="#[5f]">&gt;&gt;</a>&nbsp;&nbsp;&nbsp;__aeabi_ui2d
<LI><a href="#[5e]">&gt;&gt;</a>&nbsp;&nbsp;&nbsp;__aeabi_i2d
<LI><a href="#[5c]">&gt;&gt;</a>&nbsp;&nbsp;&nbsp;__aeabi_dmul
<LI><a href="#[55]">&gt;&gt;</a>&nbsp;&nbsp;&nbsp;__aeabi_dadd
</UL>

<P><STRONG><a name="[64]"></a>_drnd</STRONG> (Thumb, 132 bytes, Stack size 24 bytes, drnd.o(.text))
<BR><BR>[Stack]<UL><LI>Max Depth = 32<LI>Call Chain = _drnd &rArr; _double_round
</UL>
<BR>[Calls]<UL><LI><a href="#[61]">&gt;&gt;</a>&nbsp;&nbsp;&nbsp;__aeabi_llsr
<LI><a href="#[56]">&gt;&gt;</a>&nbsp;&nbsp;&nbsp;__aeabi_llsl
<LI><a href="#[59]">&gt;&gt;</a>&nbsp;&nbsp;&nbsp;_double_round
</UL>
<BR>[Called By]<UL><LI><a href="#[86]">&gt;&gt;</a>&nbsp;&nbsp;&nbsp;round
</UL>

<P><STRONG><a name="[c6]"></a>__aeabi_cdrcmple</STRONG> (Thumb, 48 bytes, Stack size 0 bytes, cdrcmple.o(.text))
<BR><BR>[Called By]<UL><LI><a href="#[86]">&gt;&gt;</a>&nbsp;&nbsp;&nbsp;round
</UL>

<P><STRONG><a name="[51]"></a>__scatterload</STRONG> (Thumb, 28 bytes, Stack size 0 bytes, init.o(.text))
<BR><BR>[Calls]<UL><LI><a href="#[65]">&gt;&gt;</a>&nbsp;&nbsp;&nbsp;__main_after_scatterload
</UL>
<BR>[Called By]<UL><LI><a href="#[50]">&gt;&gt;</a>&nbsp;&nbsp;&nbsp;_main_scatterload
</UL>

<P><STRONG><a name="[db]"></a>__scatterload_rt2</STRONG> (Thumb, 0 bytes, Stack size 0 bytes, init.o(.text), UNUSED)

<P><STRONG><a name="[6d]"></a>ADC_Cmd</STRONG> (Thumb, 22 bytes, Stack size 0 bytes, stm32f10x_adc.o(i.ADC_Cmd))
<BR><BR>[Called By]<UL><LI><a href="#[68]">&gt;&gt;</a>&nbsp;&nbsp;&nbsp;Adc_Init
</UL>

<P><STRONG><a name="[66]"></a>ADC_DeInit</STRONG> (Thumb, 78 bytes, Stack size 8 bytes, stm32f10x_adc.o(i.ADC_DeInit))
<BR><BR>[Stack]<UL><LI>Max Depth = 8<LI>Call Chain = ADC_DeInit
</UL>
<BR>[Calls]<UL><LI><a href="#[67]">&gt;&gt;</a>&nbsp;&nbsp;&nbsp;RCC_APB2PeriphResetCmd
</UL>
<BR>[Called By]<UL><LI><a href="#[68]">&gt;&gt;</a>&nbsp;&nbsp;&nbsp;Adc_Init
</UL>

<P><STRONG><a name="[71]"></a>ADC_GetCalibrationStatus</STRONG> (Thumb, 20 bytes, Stack size 0 bytes, stm32f10x_adc.o(i.ADC_GetCalibrationStatus))
<BR><BR>[Called By]<UL><LI><a href="#[68]">&gt;&gt;</a>&nbsp;&nbsp;&nbsp;Adc_Init
</UL>

<P><STRONG><a name="[6f]"></a>ADC_GetResetCalibrationStatus</STRONG> (Thumb, 20 bytes, Stack size 0 bytes, stm32f10x_adc.o(i.ADC_GetResetCalibrationStatus))
<BR><BR>[Called By]<UL><LI><a href="#[68]">&gt;&gt;</a>&nbsp;&nbsp;&nbsp;Adc_Init
</UL>

<P><STRONG><a name="[6c]"></a>ADC_Init</STRONG> (Thumb, 70 bytes, Stack size 12 bytes, stm32f10x_adc.o(i.ADC_Init))
<BR><BR>[Stack]<UL><LI>Max Depth = 12<LI>Call Chain = ADC_Init
</UL>
<BR>[Called By]<UL><LI><a href="#[68]">&gt;&gt;</a>&nbsp;&nbsp;&nbsp;Adc_Init
</UL>

<P><STRONG><a name="[6e]"></a>ADC_ResetCalibration</STRONG> (Thumb, 10 bytes, Stack size 0 bytes, stm32f10x_adc.o(i.ADC_ResetCalibration))
<BR><BR>[Called By]<UL><LI><a href="#[68]">&gt;&gt;</a>&nbsp;&nbsp;&nbsp;Adc_Init
</UL>

<P><STRONG><a name="[70]"></a>ADC_StartCalibration</STRONG> (Thumb, 10 bytes, Stack size 0 bytes, stm32f10x_adc.o(i.ADC_StartCalibration))
<BR><BR>[Called By]<UL><LI><a href="#[68]">&gt;&gt;</a>&nbsp;&nbsp;&nbsp;Adc_Init
</UL>

<P><STRONG><a name="[68]"></a>Adc_Init</STRONG> (Thumb, 132 bytes, Stack size 32 bytes, adc.o(i.Adc_Init))
<BR><BR>[Stack]<UL><LI>Max Depth = 56<LI>Call Chain = Adc_Init &rArr; GPIO_Init
</UL>
<BR>[Calls]<UL><LI><a href="#[6a]">&gt;&gt;</a>&nbsp;&nbsp;&nbsp;RCC_ADCCLKConfig
<LI><a href="#[70]">&gt;&gt;</a>&nbsp;&nbsp;&nbsp;ADC_StartCalibration
<LI><a href="#[6e]">&gt;&gt;</a>&nbsp;&nbsp;&nbsp;ADC_ResetCalibration
<LI><a href="#[6c]">&gt;&gt;</a>&nbsp;&nbsp;&nbsp;ADC_Init
<LI><a href="#[6f]">&gt;&gt;</a>&nbsp;&nbsp;&nbsp;ADC_GetResetCalibrationStatus
<LI><a href="#[71]">&gt;&gt;</a>&nbsp;&nbsp;&nbsp;ADC_GetCalibrationStatus
<LI><a href="#[66]">&gt;&gt;</a>&nbsp;&nbsp;&nbsp;ADC_DeInit
<LI><a href="#[6d]">&gt;&gt;</a>&nbsp;&nbsp;&nbsp;ADC_Cmd
<LI><a href="#[69]">&gt;&gt;</a>&nbsp;&nbsp;&nbsp;RCC_APB2PeriphClockCmd
<LI><a href="#[6b]">&gt;&gt;</a>&nbsp;&nbsp;&nbsp;GPIO_Init
</UL>
<BR>[Called By]<UL><LI><a href="#[46]">&gt;&gt;</a>&nbsp;&nbsp;&nbsp;main
</UL>

<P><STRONG><a name="[72]"></a>BH1750_Init</STRONG> (Thumb, 64 bytes, Stack size 8 bytes, bh1750.o(i.BH1750_Init))
<BR><BR>[Stack]<UL><LI>Max Depth = 40<LI>Call Chain = BH1750_Init &rArr; IIC_Init &rArr; GPIO_Init
</UL>
<BR>[Calls]<UL><LI><a href="#[73]">&gt;&gt;</a>&nbsp;&nbsp;&nbsp;GPIO_ResetBits
<LI><a href="#[76]">&gt;&gt;</a>&nbsp;&nbsp;&nbsp;IIC_Init
<LI><a href="#[69]">&gt;&gt;</a>&nbsp;&nbsp;&nbsp;RCC_APB2PeriphClockCmd
<LI><a href="#[75]">&gt;&gt;</a>&nbsp;&nbsp;&nbsp;GPIO_SetBits
<LI><a href="#[6b]">&gt;&gt;</a>&nbsp;&nbsp;&nbsp;GPIO_Init
<LI><a href="#[74]">&gt;&gt;</a>&nbsp;&nbsp;&nbsp;delay_ms
</UL>
<BR>[Called By]<UL><LI><a href="#[46]">&gt;&gt;</a>&nbsp;&nbsp;&nbsp;main
</UL>

<P><STRONG><a name="[77]"></a>BH1750_SetMode</STRONG> (Thumb, 48 bytes, Stack size 8 bytes, bh1750.o(i.BH1750_SetMode))
<BR><BR>[Stack]<UL><LI>Max Depth = 24<LI>Call Chain = BH1750_SetMode &rArr; IIC_Wait_Ack &rArr; IIC_Stop
</UL>
<BR>[Calls]<UL><LI><a href="#[7a]">&gt;&gt;</a>&nbsp;&nbsp;&nbsp;IIC_Wait_Ack
<LI><a href="#[7b]">&gt;&gt;</a>&nbsp;&nbsp;&nbsp;IIC_Stop
<LI><a href="#[78]">&gt;&gt;</a>&nbsp;&nbsp;&nbsp;IIC_Start
<LI><a href="#[79]">&gt;&gt;</a>&nbsp;&nbsp;&nbsp;IIC_Send_Byte
</UL>
<BR>[Called By]<UL><LI><a href="#[46]">&gt;&gt;</a>&nbsp;&nbsp;&nbsp;main
</UL>

<P><STRONG><a name="[4]"></a>BusFault_Handler</STRONG> (Thumb, 4 bytes, Stack size 0 bytes, stm32f10x_it.o(i.BusFault_Handler))
<BR>[Address Reference Count : 1]<UL><LI> startup_stm32f10x_hd.o(RESET)
</UL>
<P><STRONG><a name="[7]"></a>DebugMon_Handler</STRONG> (Thumb, 2 bytes, Stack size 0 bytes, stm32f10x_it.o(i.DebugMon_Handler))
<BR>[Address Reference Count : 1]<UL><LI> startup_stm32f10x_hd.o(RESET)
</UL>
<P><STRONG><a name="[6b]"></a>GPIO_Init</STRONG> (Thumb, 278 bytes, Stack size 24 bytes, stm32f10x_gpio.o(i.GPIO_Init))
<BR><BR>[Stack]<UL><LI>Max Depth = 24<LI>Call Chain = GPIO_Init
</UL>
<BR>[Called By]<UL><LI><a href="#[76]">&gt;&gt;</a>&nbsp;&nbsp;&nbsp;IIC_Init
<LI><a href="#[c3]">&gt;&gt;</a>&nbsp;&nbsp;&nbsp;uart_init
<LI><a href="#[b7]">&gt;&gt;</a>&nbsp;&nbsp;&nbsp;SpiInit
<LI><a href="#[7e]">&gt;&gt;</a>&nbsp;&nbsp;&nbsp;LED_Init
<LI><a href="#[7c]">&gt;&gt;</a>&nbsp;&nbsp;&nbsp;IIC2_Init
<LI><a href="#[72]">&gt;&gt;</a>&nbsp;&nbsp;&nbsp;BH1750_Init
<LI><a href="#[68]">&gt;&gt;</a>&nbsp;&nbsp;&nbsp;Adc_Init
<LI><a href="#[96]">&gt;&gt;</a>&nbsp;&nbsp;&nbsp;SX1276InitIo
</UL>

<P><STRONG><a name="[7f]"></a>GPIO_PinRemapConfig</STRONG> (Thumb, 138 bytes, Stack size 20 bytes, stm32f10x_gpio.o(i.GPIO_PinRemapConfig))
<BR><BR>[Stack]<UL><LI>Max Depth = 20<LI>Call Chain = GPIO_PinRemapConfig
</UL>
<BR>[Called By]<UL><LI><a href="#[7e]">&gt;&gt;</a>&nbsp;&nbsp;&nbsp;LED_Init
</UL>

<P><STRONG><a name="[ae]"></a>GPIO_ReadInputDataBit</STRONG> (Thumb, 18 bytes, Stack size 0 bytes, stm32f10x_gpio.o(i.GPIO_ReadInputDataBit))
<BR><BR>[Called By]<UL><LI><a href="#[88]">&gt;&gt;</a>&nbsp;&nbsp;&nbsp;SX1276ReadDio4
<LI><a href="#[90]">&gt;&gt;</a>&nbsp;&nbsp;&nbsp;SX1276ReadDio3
<LI><a href="#[89]">&gt;&gt;</a>&nbsp;&nbsp;&nbsp;SX1276ReadDio2
<LI><a href="#[8f]">&gt;&gt;</a>&nbsp;&nbsp;&nbsp;SX1276ReadDio0
<LI><a href="#[8d]">&gt;&gt;</a>&nbsp;&nbsp;&nbsp;SX1276ReadDio1
</UL>

<P><STRONG><a name="[73]"></a>GPIO_ResetBits</STRONG> (Thumb, 4 bytes, Stack size 0 bytes, stm32f10x_gpio.o(i.GPIO_ResetBits))
<BR><BR>[Called By]<UL><LI><a href="#[7c]">&gt;&gt;</a>&nbsp;&nbsp;&nbsp;IIC2_Init
<LI><a href="#[72]">&gt;&gt;</a>&nbsp;&nbsp;&nbsp;BH1750_Init
</UL>

<P><STRONG><a name="[75]"></a>GPIO_SetBits</STRONG> (Thumb, 4 bytes, Stack size 0 bytes, stm32f10x_gpio.o(i.GPIO_SetBits))
<BR><BR>[Called By]<UL><LI><a href="#[76]">&gt;&gt;</a>&nbsp;&nbsp;&nbsp;IIC_Init
<LI><a href="#[7e]">&gt;&gt;</a>&nbsp;&nbsp;&nbsp;LED_Init
<LI><a href="#[7c]">&gt;&gt;</a>&nbsp;&nbsp;&nbsp;IIC2_Init
<LI><a href="#[72]">&gt;&gt;</a>&nbsp;&nbsp;&nbsp;BH1750_Init
<LI><a href="#[96]">&gt;&gt;</a>&nbsp;&nbsp;&nbsp;SX1276InitIo
</UL>

<P><STRONG><a name="[ac]"></a>GPIO_WriteBit</STRONG> (Thumb, 10 bytes, Stack size 0 bytes, stm32f10x_gpio.o(i.GPIO_WriteBit))
<BR><BR>[Called By]<UL><LI><a href="#[83]">&gt;&gt;</a>&nbsp;&nbsp;&nbsp;SX1276WriteBuffer
<LI><a href="#[af]">&gt;&gt;</a>&nbsp;&nbsp;&nbsp;SX1276SetReset
<LI><a href="#[92]">&gt;&gt;</a>&nbsp;&nbsp;&nbsp;SX1276ReadBuffer
</UL>

<P><STRONG><a name="[2]"></a>HardFault_Handler</STRONG> (Thumb, 4 bytes, Stack size 0 bytes, stm32f10x_it.o(i.HardFault_Handler))
<BR>[Address Reference Count : 1]<UL><LI> startup_stm32f10x_hd.o(RESET)
</UL>
<P><STRONG><a name="[7c]"></a>IIC2_Init</STRONG> (Thumb, 60 bytes, Stack size 8 bytes, my_iic2.o(i.IIC2_Init))
<BR><BR>[Stack]<UL><LI>Max Depth = 32<LI>Call Chain = IIC2_Init &rArr; GPIO_Init
</UL>
<BR>[Calls]<UL><LI><a href="#[73]">&gt;&gt;</a>&nbsp;&nbsp;&nbsp;GPIO_ResetBits
<LI><a href="#[69]">&gt;&gt;</a>&nbsp;&nbsp;&nbsp;RCC_APB2PeriphClockCmd
<LI><a href="#[75]">&gt;&gt;</a>&nbsp;&nbsp;&nbsp;GPIO_SetBits
<LI><a href="#[6b]">&gt;&gt;</a>&nbsp;&nbsp;&nbsp;GPIO_Init
</UL>
<BR>[Called By]<UL><LI><a href="#[46]">&gt;&gt;</a>&nbsp;&nbsp;&nbsp;main
</UL>

<P><STRONG><a name="[76]"></a>IIC_Init</STRONG> (Thumb, 46 bytes, Stack size 8 bytes, myiic.o(i.IIC_Init))
<BR><BR>[Stack]<UL><LI>Max Depth = 32<LI>Call Chain = IIC_Init &rArr; GPIO_Init
</UL>
<BR>[Calls]<UL><LI><a href="#[69]">&gt;&gt;</a>&nbsp;&nbsp;&nbsp;RCC_APB2PeriphClockCmd
<LI><a href="#[75]">&gt;&gt;</a>&nbsp;&nbsp;&nbsp;GPIO_SetBits
<LI><a href="#[6b]">&gt;&gt;</a>&nbsp;&nbsp;&nbsp;GPIO_Init
</UL>
<BR>[Called By]<UL><LI><a href="#[72]">&gt;&gt;</a>&nbsp;&nbsp;&nbsp;BH1750_Init
</UL>

<P><STRONG><a name="[79]"></a>IIC_Send_Byte</STRONG> (Thumb, 104 bytes, Stack size 16 bytes, myiic.o(i.IIC_Send_Byte))
<BR><BR>[Stack]<UL><LI>Max Depth = 16<LI>Call Chain = IIC_Send_Byte
</UL>
<BR>[Calls]<UL><LI><a href="#[7d]">&gt;&gt;</a>&nbsp;&nbsp;&nbsp;delay_us
</UL>
<BR>[Called By]<UL><LI><a href="#[77]">&gt;&gt;</a>&nbsp;&nbsp;&nbsp;BH1750_SetMode
</UL>

<P><STRONG><a name="[78]"></a>IIC_Start</STRONG> (Thumb, 64 bytes, Stack size 8 bytes, myiic.o(i.IIC_Start))
<BR><BR>[Stack]<UL><LI>Max Depth = 8<LI>Call Chain = IIC_Start
</UL>
<BR>[Calls]<UL><LI><a href="#[7d]">&gt;&gt;</a>&nbsp;&nbsp;&nbsp;delay_us
</UL>
<BR>[Called By]<UL><LI><a href="#[77]">&gt;&gt;</a>&nbsp;&nbsp;&nbsp;BH1750_SetMode
</UL>

<P><STRONG><a name="[7b]"></a>IIC_Stop</STRONG> (Thumb, 62 bytes, Stack size 8 bytes, myiic.o(i.IIC_Stop))
<BR><BR>[Stack]<UL><LI>Max Depth = 8<LI>Call Chain = IIC_Stop
</UL>
<BR>[Calls]<UL><LI><a href="#[7d]">&gt;&gt;</a>&nbsp;&nbsp;&nbsp;delay_us
</UL>
<BR>[Called By]<UL><LI><a href="#[7a]">&gt;&gt;</a>&nbsp;&nbsp;&nbsp;IIC_Wait_Ack
<LI><a href="#[77]">&gt;&gt;</a>&nbsp;&nbsp;&nbsp;BH1750_SetMode
</UL>

<P><STRONG><a name="[7a]"></a>IIC_Wait_Ack</STRONG> (Thumb, 86 bytes, Stack size 8 bytes, myiic.o(i.IIC_Wait_Ack))
<BR><BR>[Stack]<UL><LI>Max Depth = 16<LI>Call Chain = IIC_Wait_Ack &rArr; IIC_Stop
</UL>
<BR>[Calls]<UL><LI><a href="#[7d]">&gt;&gt;</a>&nbsp;&nbsp;&nbsp;delay_us
<LI><a href="#[7b]">&gt;&gt;</a>&nbsp;&nbsp;&nbsp;IIC_Stop
</UL>
<BR>[Called By]<UL><LI><a href="#[77]">&gt;&gt;</a>&nbsp;&nbsp;&nbsp;BH1750_SetMode
</UL>

<P><STRONG><a name="[7e]"></a>LED_Init</STRONG> (Thumb, 78 bytes, Stack size 8 bytes, led.o(i.LED_Init))
<BR><BR>[Stack]<UL><LI>Max Depth = 32<LI>Call Chain = LED_Init &rArr; GPIO_Init
</UL>
<BR>[Calls]<UL><LI><a href="#[69]">&gt;&gt;</a>&nbsp;&nbsp;&nbsp;RCC_APB2PeriphClockCmd
<LI><a href="#[75]">&gt;&gt;</a>&nbsp;&nbsp;&nbsp;GPIO_SetBits
<LI><a href="#[7f]">&gt;&gt;</a>&nbsp;&nbsp;&nbsp;GPIO_PinRemapConfig
<LI><a href="#[6b]">&gt;&gt;</a>&nbsp;&nbsp;&nbsp;GPIO_Init
</UL>
<BR>[Called By]<UL><LI><a href="#[46]">&gt;&gt;</a>&nbsp;&nbsp;&nbsp;main
</UL>

<P><STRONG><a name="[3]"></a>MemManage_Handler</STRONG> (Thumb, 4 bytes, Stack size 0 bytes, stm32f10x_it.o(i.MemManage_Handler))
<BR>[Address Reference Count : 1]<UL><LI> startup_stm32f10x_hd.o(RESET)
</UL>
<P><STRONG><a name="[1]"></a>NMI_Handler</STRONG> (Thumb, 2 bytes, Stack size 0 bytes, stm32f10x_it.o(i.NMI_Handler))
<BR>[Address Reference Count : 1]<UL><LI> startup_stm32f10x_hd.o(RESET)
</UL>
<P><STRONG><a name="[c7]"></a>NVIC_Init</STRONG> (Thumb, 100 bytes, Stack size 16 bytes, misc.o(i.NVIC_Init))
<BR><BR>[Stack]<UL><LI>Max Depth = 16<LI>Call Chain = NVIC_Init
</UL>
<BR>[Called By]<UL><LI><a href="#[c3]">&gt;&gt;</a>&nbsp;&nbsp;&nbsp;uart_init
</UL>

<P><STRONG><a name="[c2]"></a>NVIC_PriorityGroupConfig</STRONG> (Thumb, 10 bytes, Stack size 0 bytes, misc.o(i.NVIC_PriorityGroupConfig))
<BR><BR>[Called By]<UL><LI><a href="#[46]">&gt;&gt;</a>&nbsp;&nbsp;&nbsp;main
</UL>

<P><STRONG><a name="[8]"></a>PendSV_Handler</STRONG> (Thumb, 2 bytes, Stack size 0 bytes, stm32f10x_it.o(i.PendSV_Handler))
<BR>[Address Reference Count : 1]<UL><LI> startup_stm32f10x_hd.o(RESET)
</UL>
<P><STRONG><a name="[6a]"></a>RCC_ADCCLKConfig</STRONG> (Thumb, 18 bytes, Stack size 0 bytes, stm32f10x_rcc.o(i.RCC_ADCCLKConfig))
<BR><BR>[Called By]<UL><LI><a href="#[68]">&gt;&gt;</a>&nbsp;&nbsp;&nbsp;Adc_Init
</UL>

<P><STRONG><a name="[69]"></a>RCC_APB2PeriphClockCmd</STRONG> (Thumb, 26 bytes, Stack size 0 bytes, stm32f10x_rcc.o(i.RCC_APB2PeriphClockCmd))
<BR><BR>[Called By]<UL><LI><a href="#[76]">&gt;&gt;</a>&nbsp;&nbsp;&nbsp;IIC_Init
<LI><a href="#[c3]">&gt;&gt;</a>&nbsp;&nbsp;&nbsp;uart_init
<LI><a href="#[b7]">&gt;&gt;</a>&nbsp;&nbsp;&nbsp;SpiInit
<LI><a href="#[7e]">&gt;&gt;</a>&nbsp;&nbsp;&nbsp;LED_Init
<LI><a href="#[7c]">&gt;&gt;</a>&nbsp;&nbsp;&nbsp;IIC2_Init
<LI><a href="#[72]">&gt;&gt;</a>&nbsp;&nbsp;&nbsp;BH1750_Init
<LI><a href="#[68]">&gt;&gt;</a>&nbsp;&nbsp;&nbsp;Adc_Init
<LI><a href="#[96]">&gt;&gt;</a>&nbsp;&nbsp;&nbsp;SX1276InitIo
</UL>

<P><STRONG><a name="[67]"></a>RCC_APB2PeriphResetCmd</STRONG> (Thumb, 26 bytes, Stack size 0 bytes, stm32f10x_rcc.o(i.RCC_APB2PeriphResetCmd))
<BR><BR>[Called By]<UL><LI><a href="#[66]">&gt;&gt;</a>&nbsp;&nbsp;&nbsp;ADC_DeInit
</UL>

<P><STRONG><a name="[bd]"></a>RCC_GetClocksFreq</STRONG> (Thumb, 192 bytes, Stack size 12 bytes, stm32f10x_rcc.o(i.RCC_GetClocksFreq))
<BR><BR>[Stack]<UL><LI>Max Depth = 12<LI>Call Chain = RCC_GetClocksFreq
</UL>
<BR>[Called By]<UL><LI><a href="#[bc]">&gt;&gt;</a>&nbsp;&nbsp;&nbsp;USART_Init
</UL>

<P><STRONG><a name="[c4]"></a>RadioDriverInit</STRONG> (Thumb, 30 bytes, Stack size 0 bytes, radio.o(i.RadioDriverInit))
<BR><BR>[Called By]<UL><LI><a href="#[46]">&gt;&gt;</a>&nbsp;&nbsp;&nbsp;main
</UL>

<P><STRONG><a name="[b8]"></a>SPI_Cmd</STRONG> (Thumb, 24 bytes, Stack size 0 bytes, stm32f10x_spi.o(i.SPI_Cmd))
<BR><BR>[Called By]<UL><LI><a href="#[b7]">&gt;&gt;</a>&nbsp;&nbsp;&nbsp;SpiInit
</UL>

<P><STRONG><a name="[b4]"></a>SPI_I2S_GetFlagStatus</STRONG> (Thumb, 18 bytes, Stack size 0 bytes, stm32f10x_spi.o(i.SPI_I2S_GetFlagStatus))
<BR><BR>[Called By]<UL><LI><a href="#[ad]">&gt;&gt;</a>&nbsp;&nbsp;&nbsp;SpiInOut
</UL>

<P><STRONG><a name="[b6]"></a>SPI_I2S_ReceiveData</STRONG> (Thumb, 6 bytes, Stack size 0 bytes, stm32f10x_spi.o(i.SPI_I2S_ReceiveData))
<BR><BR>[Called By]<UL><LI><a href="#[ad]">&gt;&gt;</a>&nbsp;&nbsp;&nbsp;SpiInOut
</UL>

<P><STRONG><a name="[b5]"></a>SPI_I2S_SendData</STRONG> (Thumb, 4 bytes, Stack size 0 bytes, stm32f10x_spi.o(i.SPI_I2S_SendData))
<BR><BR>[Called By]<UL><LI><a href="#[ad]">&gt;&gt;</a>&nbsp;&nbsp;&nbsp;SpiInOut
</UL>

<P><STRONG><a name="[b9]"></a>SPI_Init</STRONG> (Thumb, 60 bytes, Stack size 8 bytes, stm32f10x_spi.o(i.SPI_Init))
<BR><BR>[Stack]<UL><LI>Max Depth = 8<LI>Call Chain = SPI_Init
</UL>
<BR>[Called By]<UL><LI><a href="#[b7]">&gt;&gt;</a>&nbsp;&nbsp;&nbsp;SpiInit
</UL>

<P><STRONG><a name="[6]"></a>SVC_Handler</STRONG> (Thumb, 2 bytes, Stack size 0 bytes, stm32f10x_it.o(i.SVC_Handler))
<BR>[Address Reference Count : 1]<UL><LI> startup_stm32f10x_hd.o(RESET)
</UL>
<P><STRONG><a name="[85]"></a>SX1276FskGetPacketPayloadSize</STRONG> (Thumb, 92 bytes, Stack size 12 bytes, sx1276-fsk.o(i.SX1276FskGetPacketPayloadSize))
<BR><BR>[Stack]<UL><LI>Max Depth = 12<LI>Call Chain = SX1276FskGetPacketPayloadSize
</UL>
<BR>[Called By]<UL><LI><a href="#[82]">&gt;&gt;</a>&nbsp;&nbsp;&nbsp;SX1276FskProcess
</UL>

<P><STRONG><a name="[80]"></a>SX1276FskGetRxPacket</STRONG> (Thumb, 30 bytes, Stack size 16 bytes, sx1276-fsk.o(i.SX1276FskGetRxPacket))
<BR><BR>[Stack]<UL><LI>Max Depth = 16<LI>Call Chain = SX1276FskGetRxPacket
</UL>
<BR>[Calls]<UL><LI><a href="#[81]">&gt;&gt;</a>&nbsp;&nbsp;&nbsp;__aeabi_memcpy
</UL>
<BR>[Called By]<UL><LI><a href="#[4c]">&gt;&gt;</a>&nbsp;&nbsp;&nbsp;SX1276GetRxPacket
</UL>

<P><STRONG><a name="[82]"></a>SX1276FskProcess</STRONG> (Thumb, 1454 bytes, Stack size 72 bytes, sx1276-fsk.o(i.SX1276FskProcess))
<BR><BR>[Stack]<UL><LI>Max Depth = 192<LI>Call Chain = SX1276FskProcess &rArr; round &rArr; __aeabi_dadd &rArr; _double_epilogue &rArr; _double_round
</UL>
<BR>[Calls]<UL><LI><a href="#[5d]">&gt;&gt;</a>&nbsp;&nbsp;&nbsp;__aeabi_ddiv
<LI><a href="#[62]">&gt;&gt;</a>&nbsp;&nbsp;&nbsp;__aeabi_d2uiz
<LI><a href="#[5f]">&gt;&gt;</a>&nbsp;&nbsp;&nbsp;__aeabi_ui2d
<LI><a href="#[5c]">&gt;&gt;</a>&nbsp;&nbsp;&nbsp;__aeabi_dmul
<LI><a href="#[55]">&gt;&gt;</a>&nbsp;&nbsp;&nbsp;__aeabi_dadd
<LI><a href="#[91]">&gt;&gt;</a>&nbsp;&nbsp;&nbsp;SX1276WriteFifo
<LI><a href="#[8e]">&gt;&gt;</a>&nbsp;&nbsp;&nbsp;SX1276ReadFifo
<LI><a href="#[88]">&gt;&gt;</a>&nbsp;&nbsp;&nbsp;SX1276ReadDio4
<LI><a href="#[90]">&gt;&gt;</a>&nbsp;&nbsp;&nbsp;SX1276ReadDio3
<LI><a href="#[89]">&gt;&gt;</a>&nbsp;&nbsp;&nbsp;SX1276ReadDio2
<LI><a href="#[8f]">&gt;&gt;</a>&nbsp;&nbsp;&nbsp;SX1276ReadDio0
<LI><a href="#[83]">&gt;&gt;</a>&nbsp;&nbsp;&nbsp;SX1276WriteBuffer
<LI><a href="#[87]">&gt;&gt;</a>&nbsp;&nbsp;&nbsp;SX1276Write
<LI><a href="#[84]">&gt;&gt;</a>&nbsp;&nbsp;&nbsp;SX1276FskSetOpMode
<LI><a href="#[8c]">&gt;&gt;</a>&nbsp;&nbsp;&nbsp;SX1276FskReadRxGain
<LI><a href="#[8a]">&gt;&gt;</a>&nbsp;&nbsp;&nbsp;SX1276FskReadRssi
<LI><a href="#[52]">&gt;&gt;</a>&nbsp;&nbsp;&nbsp;__aeabi_memclr
<LI><a href="#[86]">&gt;&gt;</a>&nbsp;&nbsp;&nbsp;round
<LI><a href="#[8d]">&gt;&gt;</a>&nbsp;&nbsp;&nbsp;SX1276ReadDio1
<LI><a href="#[8b]">&gt;&gt;</a>&nbsp;&nbsp;&nbsp;SX1276FskReadAfc
<LI><a href="#[85]">&gt;&gt;</a>&nbsp;&nbsp;&nbsp;SX1276FskGetPacketPayloadSize
</UL>
<BR>[Called By]<UL><LI><a href="#[4e]">&gt;&gt;</a>&nbsp;&nbsp;&nbsp;SX1276Process
</UL>

<P><STRONG><a name="[8b]"></a>SX1276FskReadAfc</STRONG> (Thumb, 70 bytes, Stack size 32 bytes, sx1276-fsk.o(i.SX1276FskReadAfc))
<BR><BR>[Stack]<UL><LI>Max Depth = 120<LI>Call Chain = SX1276FskReadAfc &rArr; __aeabi_dmul &rArr; _double_epilogue &rArr; _double_round
</UL>
<BR>[Calls]<UL><LI><a href="#[5e]">&gt;&gt;</a>&nbsp;&nbsp;&nbsp;__aeabi_i2d
<LI><a href="#[5c]">&gt;&gt;</a>&nbsp;&nbsp;&nbsp;__aeabi_dmul
<LI><a href="#[92]">&gt;&gt;</a>&nbsp;&nbsp;&nbsp;SX1276ReadBuffer
<LI><a href="#[60]">&gt;&gt;</a>&nbsp;&nbsp;&nbsp;__aeabi_d2iz
</UL>
<BR>[Called By]<UL><LI><a href="#[82]">&gt;&gt;</a>&nbsp;&nbsp;&nbsp;SX1276FskProcess
</UL>

<P><STRONG><a name="[8a]"></a>SX1276FskReadRssi</STRONG> (Thumb, 42 bytes, Stack size 16 bytes, sx1276-fsk.o(i.SX1276FskReadRssi))
<BR><BR>[Stack]<UL><LI>Max Depth = 72<LI>Call Chain = SX1276FskReadRssi &rArr; __aeabi_ui2d &rArr; _double_epilogue &rArr; _double_round
</UL>
<BR>[Calls]<UL><LI><a href="#[5d]">&gt;&gt;</a>&nbsp;&nbsp;&nbsp;__aeabi_ddiv
<LI><a href="#[5f]">&gt;&gt;</a>&nbsp;&nbsp;&nbsp;__aeabi_ui2d
<LI><a href="#[93]">&gt;&gt;</a>&nbsp;&nbsp;&nbsp;SX1276Read
</UL>
<BR>[Called By]<UL><LI><a href="#[82]">&gt;&gt;</a>&nbsp;&nbsp;&nbsp;SX1276FskProcess
</UL>

<P><STRONG><a name="[8c]"></a>SX1276FskReadRxGain</STRONG> (Thumb, 24 bytes, Stack size 8 bytes, sx1276-fsk.o(i.SX1276FskReadRxGain))
<BR><BR>[Stack]<UL><LI>Max Depth = 56<LI>Call Chain = SX1276FskReadRxGain &rArr; SX1276Read &rArr; SX1276ReadBuffer &rArr; SpiInOut
</UL>
<BR>[Calls]<UL><LI><a href="#[93]">&gt;&gt;</a>&nbsp;&nbsp;&nbsp;SX1276Read
</UL>
<BR>[Called By]<UL><LI><a href="#[82]">&gt;&gt;</a>&nbsp;&nbsp;&nbsp;SX1276FskProcess
</UL>

<P><STRONG><a name="[84]"></a>SX1276FskSetOpMode</STRONG> (Thumb, 82 bytes, Stack size 16 bytes, sx1276-fsk.o(i.SX1276FskSetOpMode))
<BR><BR>[Stack]<UL><LI>Max Depth = 64<LI>Call Chain = SX1276FskSetOpMode &rArr; SX1276Write &rArr; SX1276WriteBuffer &rArr; SpiInOut
</UL>
<BR>[Calls]<UL><LI><a href="#[87]">&gt;&gt;</a>&nbsp;&nbsp;&nbsp;SX1276Write
</UL>
<BR>[Called By]<UL><LI><a href="#[82]">&gt;&gt;</a>&nbsp;&nbsp;&nbsp;SX1276FskProcess
</UL>

<P><STRONG><a name="[b0]"></a>SX1276FskSetRFState</STRONG> (Thumb, 6 bytes, Stack size 0 bytes, sx1276-fsk.o(i.SX1276FskSetRFState))
<BR><BR>[Called By]<UL><LI><a href="#[4b]">&gt;&gt;</a>&nbsp;&nbsp;&nbsp;SX1276StartRx
</UL>

<P><STRONG><a name="[94]"></a>SX1276FskSetTxPacket</STRONG> (Thumb, 28 bytes, Stack size 16 bytes, sx1276-fsk.o(i.SX1276FskSetTxPacket))
<BR><BR>[Stack]<UL><LI>Max Depth = 16<LI>Call Chain = SX1276FskSetTxPacket
</UL>
<BR>[Calls]<UL><LI><a href="#[81]">&gt;&gt;</a>&nbsp;&nbsp;&nbsp;__aeabi_memcpy
</UL>
<BR>[Called By]<UL><LI><a href="#[4d]">&gt;&gt;</a>&nbsp;&nbsp;&nbsp;SX1276SetTxPacket
</UL>

<P><STRONG><a name="[4c]"></a>SX1276GetRxPacket</STRONG> (Thumb, 32 bytes, Stack size 16 bytes, sx1276.o(i.SX1276GetRxPacket))
<BR><BR>[Stack]<UL><LI>Max Depth = 32<LI>Call Chain = SX1276GetRxPacket &rArr; SX1276LoRaGetRxPacket
</UL>
<BR>[Calls]<UL><LI><a href="#[95]">&gt;&gt;</a>&nbsp;&nbsp;&nbsp;SX1276LoRaGetRxPacket
<LI><a href="#[80]">&gt;&gt;</a>&nbsp;&nbsp;&nbsp;SX1276FskGetRxPacket
</UL>
<BR>[Address Reference Count : 1]<UL><LI> radio.o(i.RadioDriverInit)
</UL>
<P><STRONG><a name="[49]"></a>SX1276Init</STRONG> (Thumb, 80 bytes, Stack size 8 bytes, sx1276.o(i.SX1276Init))
<BR><BR>[Stack]<UL><LI>Max Depth = 96<LI>Call Chain = SX1276Init &rArr; SX1276LoRaInit &rArr; SX1276LoRaSetRFFrequency &rArr; __aeabi_ui2d &rArr; _double_epilogue &rArr; _double_round
</UL>
<BR>[Calls]<UL><LI><a href="#[74]">&gt;&gt;</a>&nbsp;&nbsp;&nbsp;delay_ms
<LI><a href="#[93]">&gt;&gt;</a>&nbsp;&nbsp;&nbsp;SX1276Read
<LI><a href="#[99]">&gt;&gt;</a>&nbsp;&nbsp;&nbsp;SX1276LoRaInit
<LI><a href="#[96]">&gt;&gt;</a>&nbsp;&nbsp;&nbsp;SX1276InitIo
<LI><a href="#[98]">&gt;&gt;</a>&nbsp;&nbsp;&nbsp;SX1276SetLoRaOn
<LI><a href="#[4a]">&gt;&gt;</a>&nbsp;&nbsp;&nbsp;SX1276Reset
<LI><a href="#[97]">&gt;&gt;</a>&nbsp;&nbsp;&nbsp;__2printf
</UL>
<BR>[Address Reference Count : 1]<UL><LI> radio.o(i.RadioDriverInit)
</UL>
<P><STRONG><a name="[96]"></a>SX1276InitIo</STRONG> (Thumb, 166 bytes, Stack size 8 bytes, sx1276-hal.o(i.SX1276InitIo))
<BR><BR>[Stack]<UL><LI>Max Depth = 32<LI>Call Chain = SX1276InitIo &rArr; GPIO_Init
</UL>
<BR>[Calls]<UL><LI><a href="#[69]">&gt;&gt;</a>&nbsp;&nbsp;&nbsp;RCC_APB2PeriphClockCmd
<LI><a href="#[75]">&gt;&gt;</a>&nbsp;&nbsp;&nbsp;GPIO_SetBits
<LI><a href="#[6b]">&gt;&gt;</a>&nbsp;&nbsp;&nbsp;GPIO_Init
</UL>
<BR>[Called By]<UL><LI><a href="#[49]">&gt;&gt;</a>&nbsp;&nbsp;&nbsp;SX1276Init
</UL>

<P><STRONG><a name="[95]"></a>SX1276LoRaGetRxPacket</STRONG> (Thumb, 30 bytes, Stack size 16 bytes, sx1276-lora.o(i.SX1276LoRaGetRxPacket))
<BR><BR>[Stack]<UL><LI>Max Depth = 16<LI>Call Chain = SX1276LoRaGetRxPacket
</UL>
<BR>[Calls]<UL><LI><a href="#[81]">&gt;&gt;</a>&nbsp;&nbsp;&nbsp;__aeabi_memcpy
</UL>
<BR>[Called By]<UL><LI><a href="#[4c]">&gt;&gt;</a>&nbsp;&nbsp;&nbsp;SX1276GetRxPacket
</UL>

<P><STRONG><a name="[99]"></a>SX1276LoRaInit</STRONG> (Thumb, 182 bytes, Stack size 8 bytes, sx1276-lora.o(i.SX1276LoRaInit))
<BR><BR>[Stack]<UL><LI>Max Depth = 88<LI>Call Chain = SX1276LoRaInit &rArr; SX1276LoRaSetRFFrequency &rArr; __aeabi_ui2d &rArr; _double_epilogue &rArr; _double_round
</UL>
<BR>[Calls]<UL><LI><a href="#[a1]">&gt;&gt;</a>&nbsp;&nbsp;&nbsp;SX1276LoRaSetSymbTimeout
<LI><a href="#[9c]">&gt;&gt;</a>&nbsp;&nbsp;&nbsp;SX1276LoRaSetSpreadingFactor
<LI><a href="#[9f]">&gt;&gt;</a>&nbsp;&nbsp;&nbsp;SX1276LoRaSetSignalBandwidth
<LI><a href="#[a6]">&gt;&gt;</a>&nbsp;&nbsp;&nbsp;SX1276LoRaSetRFPower
<LI><a href="#[9b]">&gt;&gt;</a>&nbsp;&nbsp;&nbsp;SX1276LoRaSetRFFrequency
<LI><a href="#[a2]">&gt;&gt;</a>&nbsp;&nbsp;&nbsp;SX1276LoRaSetPayloadLength
<LI><a href="#[9e]">&gt;&gt;</a>&nbsp;&nbsp;&nbsp;SX1276LoRaSetPacketCrcOn
<LI><a href="#[a5]">&gt;&gt;</a>&nbsp;&nbsp;&nbsp;SX1276LoRaSetPa20dBm
<LI><a href="#[a4]">&gt;&gt;</a>&nbsp;&nbsp;&nbsp;SX1276LoRaSetPAOutput
<LI><a href="#[a3]">&gt;&gt;</a>&nbsp;&nbsp;&nbsp;SX1276LoRaSetLowDatarateOptimize
<LI><a href="#[a0]">&gt;&gt;</a>&nbsp;&nbsp;&nbsp;SX1276LoRaSetImplicitHeaderOn
<LI><a href="#[9d]">&gt;&gt;</a>&nbsp;&nbsp;&nbsp;SX1276LoRaSetErrorCoding
<LI><a href="#[9a]">&gt;&gt;</a>&nbsp;&nbsp;&nbsp;SX1276LoRaSetDefaults
<LI><a href="#[83]">&gt;&gt;</a>&nbsp;&nbsp;&nbsp;SX1276WriteBuffer
<LI><a href="#[92]">&gt;&gt;</a>&nbsp;&nbsp;&nbsp;SX1276ReadBuffer
<LI><a href="#[a7]">&gt;&gt;</a>&nbsp;&nbsp;&nbsp;SX1276LoRaSetOpMode
</UL>
<BR>[Called By]<UL><LI><a href="#[49]">&gt;&gt;</a>&nbsp;&nbsp;&nbsp;SX1276Init
</UL>

<P><STRONG><a name="[a8]"></a>SX1276LoRaProcess</STRONG> (Thumb, 1708 bytes, Stack size 48 bytes, sx1276-lora.o(i.SX1276LoRaProcess))
<BR><BR>[Stack]<UL><LI>Max Depth = 136<LI>Call Chain = SX1276LoRaProcess &rArr; __aeabi_dmul &rArr; _double_epilogue &rArr; _double_round
</UL>
<BR>[Calls]<UL><LI><a href="#[5f]">&gt;&gt;</a>&nbsp;&nbsp;&nbsp;__aeabi_ui2d
<LI><a href="#[5e]">&gt;&gt;</a>&nbsp;&nbsp;&nbsp;__aeabi_i2d
<LI><a href="#[5c]">&gt;&gt;</a>&nbsp;&nbsp;&nbsp;__aeabi_dmul
<LI><a href="#[55]">&gt;&gt;</a>&nbsp;&nbsp;&nbsp;__aeabi_dadd
<LI><a href="#[91]">&gt;&gt;</a>&nbsp;&nbsp;&nbsp;SX1276WriteFifo
<LI><a href="#[8e]">&gt;&gt;</a>&nbsp;&nbsp;&nbsp;SX1276ReadFifo
<LI><a href="#[88]">&gt;&gt;</a>&nbsp;&nbsp;&nbsp;SX1276ReadDio4
<LI><a href="#[90]">&gt;&gt;</a>&nbsp;&nbsp;&nbsp;SX1276ReadDio3
<LI><a href="#[89]">&gt;&gt;</a>&nbsp;&nbsp;&nbsp;SX1276ReadDio2
<LI><a href="#[8f]">&gt;&gt;</a>&nbsp;&nbsp;&nbsp;SX1276ReadDio0
<LI><a href="#[9b]">&gt;&gt;</a>&nbsp;&nbsp;&nbsp;SX1276LoRaSetRFFrequency
<LI><a href="#[83]">&gt;&gt;</a>&nbsp;&nbsp;&nbsp;SX1276WriteBuffer
<LI><a href="#[87]">&gt;&gt;</a>&nbsp;&nbsp;&nbsp;SX1276Write
<LI><a href="#[93]">&gt;&gt;</a>&nbsp;&nbsp;&nbsp;SX1276Read
<LI><a href="#[a7]">&gt;&gt;</a>&nbsp;&nbsp;&nbsp;SX1276LoRaSetOpMode
<LI><a href="#[a9]">&gt;&gt;</a>&nbsp;&nbsp;&nbsp;SX1276LoRaReadRxGain
<LI><a href="#[97]">&gt;&gt;</a>&nbsp;&nbsp;&nbsp;__2printf
<LI><a href="#[52]">&gt;&gt;</a>&nbsp;&nbsp;&nbsp;__aeabi_memclr
</UL>
<BR>[Called By]<UL><LI><a href="#[4e]">&gt;&gt;</a>&nbsp;&nbsp;&nbsp;SX1276Process
</UL>

<P><STRONG><a name="[a9]"></a>SX1276LoRaReadRxGain</STRONG> (Thumb, 24 bytes, Stack size 8 bytes, sx1276-lora.o(i.SX1276LoRaReadRxGain))
<BR><BR>[Stack]<UL><LI>Max Depth = 56<LI>Call Chain = SX1276LoRaReadRxGain &rArr; SX1276Read &rArr; SX1276ReadBuffer &rArr; SpiInOut
</UL>
<BR>[Calls]<UL><LI><a href="#[93]">&gt;&gt;</a>&nbsp;&nbsp;&nbsp;SX1276Read
</UL>
<BR>[Called By]<UL><LI><a href="#[a8]">&gt;&gt;</a>&nbsp;&nbsp;&nbsp;SX1276LoRaProcess
</UL>

<P><STRONG><a name="[9a]"></a>SX1276LoRaSetDefaults</STRONG> (Thumb, 16 bytes, Stack size 8 bytes, sx1276-lora.o(i.SX1276LoRaSetDefaults))
<BR><BR>[Stack]<UL><LI>Max Depth = 56<LI>Call Chain = SX1276LoRaSetDefaults &rArr; SX1276Read &rArr; SX1276ReadBuffer &rArr; SpiInOut
</UL>
<BR>[Calls]<UL><LI><a href="#[93]">&gt;&gt;</a>&nbsp;&nbsp;&nbsp;SX1276Read
</UL>
<BR>[Called By]<UL><LI><a href="#[99]">&gt;&gt;</a>&nbsp;&nbsp;&nbsp;SX1276LoRaInit
</UL>

<P><STRONG><a name="[9d]"></a>SX1276LoRaSetErrorCoding</STRONG> (Thumb, 54 bytes, Stack size 8 bytes, sx1276-loramisc.o(i.SX1276LoRaSetErrorCoding))
<BR><BR>[Stack]<UL><LI>Max Depth = 56<LI>Call Chain = SX1276LoRaSetErrorCoding &rArr; SX1276Write &rArr; SX1276WriteBuffer &rArr; SpiInOut
</UL>
<BR>[Calls]<UL><LI><a href="#[87]">&gt;&gt;</a>&nbsp;&nbsp;&nbsp;SX1276Write
<LI><a href="#[93]">&gt;&gt;</a>&nbsp;&nbsp;&nbsp;SX1276Read
</UL>
<BR>[Called By]<UL><LI><a href="#[99]">&gt;&gt;</a>&nbsp;&nbsp;&nbsp;SX1276LoRaInit
</UL>

<P><STRONG><a name="[a0]"></a>SX1276LoRaSetImplicitHeaderOn</STRONG> (Thumb, 52 bytes, Stack size 8 bytes, sx1276-loramisc.o(i.SX1276LoRaSetImplicitHeaderOn))
<BR><BR>[Stack]<UL><LI>Max Depth = 56<LI>Call Chain = SX1276LoRaSetImplicitHeaderOn &rArr; SX1276Write &rArr; SX1276WriteBuffer &rArr; SpiInOut
</UL>
<BR>[Calls]<UL><LI><a href="#[87]">&gt;&gt;</a>&nbsp;&nbsp;&nbsp;SX1276Write
<LI><a href="#[93]">&gt;&gt;</a>&nbsp;&nbsp;&nbsp;SX1276Read
</UL>
<BR>[Called By]<UL><LI><a href="#[99]">&gt;&gt;</a>&nbsp;&nbsp;&nbsp;SX1276LoRaInit
</UL>

<P><STRONG><a name="[a3]"></a>SX1276LoRaSetLowDatarateOptimize</STRONG> (Thumb, 56 bytes, Stack size 8 bytes, sx1276-loramisc.o(i.SX1276LoRaSetLowDatarateOptimize))
<BR><BR>[Stack]<UL><LI>Max Depth = 56<LI>Call Chain = SX1276LoRaSetLowDatarateOptimize &rArr; SX1276Write &rArr; SX1276WriteBuffer &rArr; SpiInOut
</UL>
<BR>[Calls]<UL><LI><a href="#[87]">&gt;&gt;</a>&nbsp;&nbsp;&nbsp;SX1276Write
<LI><a href="#[93]">&gt;&gt;</a>&nbsp;&nbsp;&nbsp;SX1276Read
</UL>
<BR>[Called By]<UL><LI><a href="#[99]">&gt;&gt;</a>&nbsp;&nbsp;&nbsp;SX1276LoRaInit
</UL>

<P><STRONG><a name="[aa]"></a>SX1276LoRaSetNbTrigPeaks</STRONG> (Thumb, 54 bytes, Stack size 8 bytes, sx1276-loramisc.o(i.SX1276LoRaSetNbTrigPeaks))
<BR><BR>[Stack]<UL><LI>Max Depth = 56<LI>Call Chain = SX1276LoRaSetNbTrigPeaks &rArr; SX1276Write &rArr; SX1276WriteBuffer &rArr; SpiInOut
</UL>
<BR>[Calls]<UL><LI><a href="#[87]">&gt;&gt;</a>&nbsp;&nbsp;&nbsp;SX1276Write
<LI><a href="#[93]">&gt;&gt;</a>&nbsp;&nbsp;&nbsp;SX1276Read
</UL>
<BR>[Called By]<UL><LI><a href="#[9c]">&gt;&gt;</a>&nbsp;&nbsp;&nbsp;SX1276LoRaSetSpreadingFactor
</UL>

<P><STRONG><a name="[a7]"></a>SX1276LoRaSetOpMode</STRONG> (Thumb, 82 bytes, Stack size 16 bytes, sx1276-lora.o(i.SX1276LoRaSetOpMode))
<BR><BR>[Stack]<UL><LI>Max Depth = 64<LI>Call Chain = SX1276LoRaSetOpMode &rArr; SX1276Write &rArr; SX1276WriteBuffer &rArr; SpiInOut
</UL>
<BR>[Calls]<UL><LI><a href="#[87]">&gt;&gt;</a>&nbsp;&nbsp;&nbsp;SX1276Write
</UL>
<BR>[Called By]<UL><LI><a href="#[a8]">&gt;&gt;</a>&nbsp;&nbsp;&nbsp;SX1276LoRaProcess
<LI><a href="#[99]">&gt;&gt;</a>&nbsp;&nbsp;&nbsp;SX1276LoRaInit
<LI><a href="#[98]">&gt;&gt;</a>&nbsp;&nbsp;&nbsp;SX1276SetLoRaOn
</UL>

<P><STRONG><a name="[a4]"></a>SX1276LoRaSetPAOutput</STRONG> (Thumb, 48 bytes, Stack size 8 bytes, sx1276-loramisc.o(i.SX1276LoRaSetPAOutput))
<BR><BR>[Stack]<UL><LI>Max Depth = 56<LI>Call Chain = SX1276LoRaSetPAOutput &rArr; SX1276Write &rArr; SX1276WriteBuffer &rArr; SpiInOut
</UL>
<BR>[Calls]<UL><LI><a href="#[87]">&gt;&gt;</a>&nbsp;&nbsp;&nbsp;SX1276Write
<LI><a href="#[93]">&gt;&gt;</a>&nbsp;&nbsp;&nbsp;SX1276Read
</UL>
<BR>[Called By]<UL><LI><a href="#[99]">&gt;&gt;</a>&nbsp;&nbsp;&nbsp;SX1276LoRaInit
</UL>

<P><STRONG><a name="[a5]"></a>SX1276LoRaSetPa20dBm</STRONG> (Thumb, 84 bytes, Stack size 8 bytes, sx1276-loramisc.o(i.SX1276LoRaSetPa20dBm))
<BR><BR>[Stack]<UL><LI>Max Depth = 56<LI>Call Chain = SX1276LoRaSetPa20dBm &rArr; SX1276Write &rArr; SX1276WriteBuffer &rArr; SpiInOut
</UL>
<BR>[Calls]<UL><LI><a href="#[87]">&gt;&gt;</a>&nbsp;&nbsp;&nbsp;SX1276Write
<LI><a href="#[93]">&gt;&gt;</a>&nbsp;&nbsp;&nbsp;SX1276Read
</UL>
<BR>[Called By]<UL><LI><a href="#[99]">&gt;&gt;</a>&nbsp;&nbsp;&nbsp;SX1276LoRaInit
</UL>

<P><STRONG><a name="[9e]"></a>SX1276LoRaSetPacketCrcOn</STRONG> (Thumb, 54 bytes, Stack size 8 bytes, sx1276-loramisc.o(i.SX1276LoRaSetPacketCrcOn))
<BR><BR>[Stack]<UL><LI>Max Depth = 56<LI>Call Chain = SX1276LoRaSetPacketCrcOn &rArr; SX1276Write &rArr; SX1276WriteBuffer &rArr; SpiInOut
</UL>
<BR>[Calls]<UL><LI><a href="#[87]">&gt;&gt;</a>&nbsp;&nbsp;&nbsp;SX1276Write
<LI><a href="#[93]">&gt;&gt;</a>&nbsp;&nbsp;&nbsp;SX1276Read
</UL>
<BR>[Called By]<UL><LI><a href="#[99]">&gt;&gt;</a>&nbsp;&nbsp;&nbsp;SX1276LoRaInit
</UL>

<P><STRONG><a name="[a2]"></a>SX1276LoRaSetPayloadLength</STRONG> (Thumb, 32 bytes, Stack size 8 bytes, sx1276-loramisc.o(i.SX1276LoRaSetPayloadLength))
<BR><BR>[Stack]<UL><LI>Max Depth = 56<LI>Call Chain = SX1276LoRaSetPayloadLength &rArr; SX1276Write &rArr; SX1276WriteBuffer &rArr; SpiInOut
</UL>
<BR>[Calls]<UL><LI><a href="#[87]">&gt;&gt;</a>&nbsp;&nbsp;&nbsp;SX1276Write
</UL>
<BR>[Called By]<UL><LI><a href="#[99]">&gt;&gt;</a>&nbsp;&nbsp;&nbsp;SX1276LoRaInit
</UL>

<P><STRONG><a name="[9b]"></a>SX1276LoRaSetRFFrequency</STRONG> (Thumb, 74 bytes, Stack size 24 bytes, sx1276-loramisc.o(i.SX1276LoRaSetRFFrequency))
<BR><BR>[Stack]<UL><LI>Max Depth = 80<LI>Call Chain = SX1276LoRaSetRFFrequency &rArr; __aeabi_ui2d &rArr; _double_epilogue &rArr; _double_round
</UL>
<BR>[Calls]<UL><LI><a href="#[5d]">&gt;&gt;</a>&nbsp;&nbsp;&nbsp;__aeabi_ddiv
<LI><a href="#[62]">&gt;&gt;</a>&nbsp;&nbsp;&nbsp;__aeabi_d2uiz
<LI><a href="#[5f]">&gt;&gt;</a>&nbsp;&nbsp;&nbsp;__aeabi_ui2d
<LI><a href="#[83]">&gt;&gt;</a>&nbsp;&nbsp;&nbsp;SX1276WriteBuffer
</UL>
<BR>[Called By]<UL><LI><a href="#[a8]">&gt;&gt;</a>&nbsp;&nbsp;&nbsp;SX1276LoRaProcess
<LI><a href="#[99]">&gt;&gt;</a>&nbsp;&nbsp;&nbsp;SX1276LoRaInit
</UL>

<P><STRONG><a name="[a6]"></a>SX1276LoRaSetRFPower</STRONG> (Thumb, 252 bytes, Stack size 8 bytes, sx1276-loramisc.o(i.SX1276LoRaSetRFPower))
<BR><BR>[Stack]<UL><LI>Max Depth = 56<LI>Call Chain = SX1276LoRaSetRFPower &rArr; SX1276Write &rArr; SX1276WriteBuffer &rArr; SpiInOut
</UL>
<BR>[Calls]<UL><LI><a href="#[87]">&gt;&gt;</a>&nbsp;&nbsp;&nbsp;SX1276Write
<LI><a href="#[93]">&gt;&gt;</a>&nbsp;&nbsp;&nbsp;SX1276Read
</UL>
<BR>[Called By]<UL><LI><a href="#[99]">&gt;&gt;</a>&nbsp;&nbsp;&nbsp;SX1276LoRaInit
</UL>

<P><STRONG><a name="[b1]"></a>SX1276LoRaSetRFState</STRONG> (Thumb, 6 bytes, Stack size 0 bytes, sx1276-lora.o(i.SX1276LoRaSetRFState))
<BR><BR>[Called By]<UL><LI><a href="#[4b]">&gt;&gt;</a>&nbsp;&nbsp;&nbsp;SX1276StartRx
</UL>

<P><STRONG><a name="[9f]"></a>SX1276LoRaSetSignalBandwidth</STRONG> (Thumb, 50 bytes, Stack size 8 bytes, sx1276-loramisc.o(i.SX1276LoRaSetSignalBandwidth))
<BR><BR>[Stack]<UL><LI>Max Depth = 56<LI>Call Chain = SX1276LoRaSetSignalBandwidth &rArr; SX1276Write &rArr; SX1276WriteBuffer &rArr; SpiInOut
</UL>
<BR>[Calls]<UL><LI><a href="#[87]">&gt;&gt;</a>&nbsp;&nbsp;&nbsp;SX1276Write
<LI><a href="#[93]">&gt;&gt;</a>&nbsp;&nbsp;&nbsp;SX1276Read
</UL>
<BR>[Called By]<UL><LI><a href="#[99]">&gt;&gt;</a>&nbsp;&nbsp;&nbsp;SX1276LoRaInit
</UL>

<P><STRONG><a name="[9c]"></a>SX1276LoRaSetSpreadingFactor</STRONG> (Thumb, 82 bytes, Stack size 8 bytes, sx1276-loramisc.o(i.SX1276LoRaSetSpreadingFactor))
<BR><BR>[Stack]<UL><LI>Max Depth = 64<LI>Call Chain = SX1276LoRaSetSpreadingFactor &rArr; SX1276LoRaSetNbTrigPeaks &rArr; SX1276Write &rArr; SX1276WriteBuffer &rArr; SpiInOut
</UL>
<BR>[Calls]<UL><LI><a href="#[aa]">&gt;&gt;</a>&nbsp;&nbsp;&nbsp;SX1276LoRaSetNbTrigPeaks
<LI><a href="#[87]">&gt;&gt;</a>&nbsp;&nbsp;&nbsp;SX1276Write
<LI><a href="#[93]">&gt;&gt;</a>&nbsp;&nbsp;&nbsp;SX1276Read
</UL>
<BR>[Called By]<UL><LI><a href="#[99]">&gt;&gt;</a>&nbsp;&nbsp;&nbsp;SX1276LoRaInit
</UL>

<P><STRONG><a name="[a1]"></a>SX1276LoRaSetSymbTimeout</STRONG> (Thumb, 66 bytes, Stack size 8 bytes, sx1276-loramisc.o(i.SX1276LoRaSetSymbTimeout))
<BR><BR>[Stack]<UL><LI>Max Depth = 40<LI>Call Chain = SX1276LoRaSetSymbTimeout &rArr; SX1276WriteBuffer &rArr; SpiInOut
</UL>
<BR>[Calls]<UL><LI><a href="#[83]">&gt;&gt;</a>&nbsp;&nbsp;&nbsp;SX1276WriteBuffer
<LI><a href="#[92]">&gt;&gt;</a>&nbsp;&nbsp;&nbsp;SX1276ReadBuffer
</UL>
<BR>[Called By]<UL><LI><a href="#[99]">&gt;&gt;</a>&nbsp;&nbsp;&nbsp;SX1276LoRaInit
</UL>

<P><STRONG><a name="[ab]"></a>SX1276LoRaSetTxPacket</STRONG> (Thumb, 44 bytes, Stack size 16 bytes, sx1276-lora.o(i.SX1276LoRaSetTxPacket))
<BR><BR>[Stack]<UL><LI>Max Depth = 16<LI>Call Chain = SX1276LoRaSetTxPacket
</UL>
<BR>[Calls]<UL><LI><a href="#[81]">&gt;&gt;</a>&nbsp;&nbsp;&nbsp;__aeabi_memcpy
</UL>
<BR>[Called By]<UL><LI><a href="#[4d]">&gt;&gt;</a>&nbsp;&nbsp;&nbsp;SX1276SetTxPacket
</UL>

<P><STRONG><a name="[4e]"></a>SX1276Process</STRONG> (Thumb, 20 bytes, Stack size 8 bytes, sx1276.o(i.SX1276Process))
<BR><BR>[Stack]<UL><LI>Max Depth = 200<LI>Call Chain = SX1276Process &rArr; SX1276FskProcess &rArr; round &rArr; __aeabi_dadd &rArr; _double_epilogue &rArr; _double_round
</UL>
<BR>[Calls]<UL><LI><a href="#[a8]">&gt;&gt;</a>&nbsp;&nbsp;&nbsp;SX1276LoRaProcess
<LI><a href="#[82]">&gt;&gt;</a>&nbsp;&nbsp;&nbsp;SX1276FskProcess
</UL>
<BR>[Address Reference Count : 1]<UL><LI> radio.o(i.RadioDriverInit)
</UL>
<P><STRONG><a name="[93]"></a>SX1276Read</STRONG> (Thumb, 18 bytes, Stack size 16 bytes, sx1276-hal.o(i.SX1276Read))
<BR><BR>[Stack]<UL><LI>Max Depth = 48<LI>Call Chain = SX1276Read &rArr; SX1276ReadBuffer &rArr; SpiInOut
</UL>
<BR>[Calls]<UL><LI><a href="#[92]">&gt;&gt;</a>&nbsp;&nbsp;&nbsp;SX1276ReadBuffer
</UL>
<BR>[Called By]<UL><LI><a href="#[aa]">&gt;&gt;</a>&nbsp;&nbsp;&nbsp;SX1276LoRaSetNbTrigPeaks
<LI><a href="#[9c]">&gt;&gt;</a>&nbsp;&nbsp;&nbsp;SX1276LoRaSetSpreadingFactor
<LI><a href="#[9f]">&gt;&gt;</a>&nbsp;&nbsp;&nbsp;SX1276LoRaSetSignalBandwidth
<LI><a href="#[a6]">&gt;&gt;</a>&nbsp;&nbsp;&nbsp;SX1276LoRaSetRFPower
<LI><a href="#[9e]">&gt;&gt;</a>&nbsp;&nbsp;&nbsp;SX1276LoRaSetPacketCrcOn
<LI><a href="#[a5]">&gt;&gt;</a>&nbsp;&nbsp;&nbsp;SX1276LoRaSetPa20dBm
<LI><a href="#[a4]">&gt;&gt;</a>&nbsp;&nbsp;&nbsp;SX1276LoRaSetPAOutput
<LI><a href="#[a3]">&gt;&gt;</a>&nbsp;&nbsp;&nbsp;SX1276LoRaSetLowDatarateOptimize
<LI><a href="#[a0]">&gt;&gt;</a>&nbsp;&nbsp;&nbsp;SX1276LoRaSetImplicitHeaderOn
<LI><a href="#[9d]">&gt;&gt;</a>&nbsp;&nbsp;&nbsp;SX1276LoRaSetErrorCoding
<LI><a href="#[9a]">&gt;&gt;</a>&nbsp;&nbsp;&nbsp;SX1276LoRaSetDefaults
<LI><a href="#[a9]">&gt;&gt;</a>&nbsp;&nbsp;&nbsp;SX1276LoRaReadRxGain
<LI><a href="#[a8]">&gt;&gt;</a>&nbsp;&nbsp;&nbsp;SX1276LoRaProcess
<LI><a href="#[8c]">&gt;&gt;</a>&nbsp;&nbsp;&nbsp;SX1276FskReadRxGain
<LI><a href="#[8a]">&gt;&gt;</a>&nbsp;&nbsp;&nbsp;SX1276FskReadRssi
<LI><a href="#[49]">&gt;&gt;</a>&nbsp;&nbsp;&nbsp;SX1276Init
</UL>

<P><STRONG><a name="[92]"></a>SX1276ReadBuffer</STRONG> (Thumb, 62 bytes, Stack size 24 bytes, sx1276-hal.o(i.SX1276ReadBuffer))
<BR><BR>[Stack]<UL><LI>Max Depth = 32<LI>Call Chain = SX1276ReadBuffer &rArr; SpiInOut
</UL>
<BR>[Calls]<UL><LI><a href="#[ac]">&gt;&gt;</a>&nbsp;&nbsp;&nbsp;GPIO_WriteBit
<LI><a href="#[ad]">&gt;&gt;</a>&nbsp;&nbsp;&nbsp;SpiInOut
</UL>
<BR>[Called By]<UL><LI><a href="#[8e]">&gt;&gt;</a>&nbsp;&nbsp;&nbsp;SX1276ReadFifo
<LI><a href="#[a1]">&gt;&gt;</a>&nbsp;&nbsp;&nbsp;SX1276LoRaSetSymbTimeout
<LI><a href="#[93]">&gt;&gt;</a>&nbsp;&nbsp;&nbsp;SX1276Read
<LI><a href="#[99]">&gt;&gt;</a>&nbsp;&nbsp;&nbsp;SX1276LoRaInit
<LI><a href="#[98]">&gt;&gt;</a>&nbsp;&nbsp;&nbsp;SX1276SetLoRaOn
<LI><a href="#[8b]">&gt;&gt;</a>&nbsp;&nbsp;&nbsp;SX1276FskReadAfc
</UL>

<P><STRONG><a name="[8f]"></a>SX1276ReadDio0</STRONG> (Thumb, 12 bytes, Stack size 8 bytes, sx1276-hal.o(i.SX1276ReadDio0))
<BR><BR>[Stack]<UL><LI>Max Depth = 8<LI>Call Chain = SX1276ReadDio0
</UL>
<BR>[Calls]<UL><LI><a href="#[ae]">&gt;&gt;</a>&nbsp;&nbsp;&nbsp;GPIO_ReadInputDataBit
</UL>
<BR>[Called By]<UL><LI><a href="#[a8]">&gt;&gt;</a>&nbsp;&nbsp;&nbsp;SX1276LoRaProcess
<LI><a href="#[82]">&gt;&gt;</a>&nbsp;&nbsp;&nbsp;SX1276FskProcess
</UL>

<P><STRONG><a name="[8d]"></a>SX1276ReadDio1</STRONG> (Thumb, 14 bytes, Stack size 8 bytes, sx1276-hal.o(i.SX1276ReadDio1))
<BR><BR>[Stack]<UL><LI>Max Depth = 8<LI>Call Chain = SX1276ReadDio1
</UL>
<BR>[Calls]<UL><LI><a href="#[ae]">&gt;&gt;</a>&nbsp;&nbsp;&nbsp;GPIO_ReadInputDataBit
</UL>
<BR>[Called By]<UL><LI><a href="#[82]">&gt;&gt;</a>&nbsp;&nbsp;&nbsp;SX1276FskProcess
</UL>

<P><STRONG><a name="[89]"></a>SX1276ReadDio2</STRONG> (Thumb, 14 bytes, Stack size 8 bytes, sx1276-hal.o(i.SX1276ReadDio2))
<BR><BR>[Stack]<UL><LI>Max Depth = 8<LI>Call Chain = SX1276ReadDio2
</UL>
<BR>[Calls]<UL><LI><a href="#[ae]">&gt;&gt;</a>&nbsp;&nbsp;&nbsp;GPIO_ReadInputDataBit
</UL>
<BR>[Called By]<UL><LI><a href="#[a8]">&gt;&gt;</a>&nbsp;&nbsp;&nbsp;SX1276LoRaProcess
<LI><a href="#[82]">&gt;&gt;</a>&nbsp;&nbsp;&nbsp;SX1276FskProcess
</UL>

<P><STRONG><a name="[90]"></a>SX1276ReadDio3</STRONG> (Thumb, 14 bytes, Stack size 8 bytes, sx1276-hal.o(i.SX1276ReadDio3))
<BR><BR>[Stack]<UL><LI>Max Depth = 8<LI>Call Chain = SX1276ReadDio3
</UL>
<BR>[Calls]<UL><LI><a href="#[ae]">&gt;&gt;</a>&nbsp;&nbsp;&nbsp;GPIO_ReadInputDataBit
</UL>
<BR>[Called By]<UL><LI><a href="#[a8]">&gt;&gt;</a>&nbsp;&nbsp;&nbsp;SX1276LoRaProcess
<LI><a href="#[82]">&gt;&gt;</a>&nbsp;&nbsp;&nbsp;SX1276FskProcess
</UL>

<P><STRONG><a name="[88]"></a>SX1276ReadDio4</STRONG> (Thumb, 14 bytes, Stack size 8 bytes, sx1276-hal.o(i.SX1276ReadDio4))
<BR><BR>[Stack]<UL><LI>Max Depth = 8<LI>Call Chain = SX1276ReadDio4
</UL>
<BR>[Calls]<UL><LI><a href="#[ae]">&gt;&gt;</a>&nbsp;&nbsp;&nbsp;GPIO_ReadInputDataBit
</UL>
<BR>[Called By]<UL><LI><a href="#[a8]">&gt;&gt;</a>&nbsp;&nbsp;&nbsp;SX1276LoRaProcess
<LI><a href="#[82]">&gt;&gt;</a>&nbsp;&nbsp;&nbsp;SX1276FskProcess
</UL>

<P><STRONG><a name="[8e]"></a>SX1276ReadFifo</STRONG> (Thumb, 18 bytes, Stack size 16 bytes, sx1276-hal.o(i.SX1276ReadFifo))
<BR><BR>[Stack]<UL><LI>Max Depth = 48<LI>Call Chain = SX1276ReadFifo &rArr; SX1276ReadBuffer &rArr; SpiInOut
</UL>
<BR>[Calls]<UL><LI><a href="#[92]">&gt;&gt;</a>&nbsp;&nbsp;&nbsp;SX1276ReadBuffer
</UL>
<BR>[Called By]<UL><LI><a href="#[a8]">&gt;&gt;</a>&nbsp;&nbsp;&nbsp;SX1276LoRaProcess
<LI><a href="#[82]">&gt;&gt;</a>&nbsp;&nbsp;&nbsp;SX1276FskProcess
</UL>

<P><STRONG><a name="[4a]"></a>SX1276Reset</STRONG> (Thumb, 28 bytes, Stack size 8 bytes, sx1276.o(i.SX1276Reset))
<BR><BR>[Stack]<UL><LI>Max Depth = 16<LI>Call Chain = SX1276Reset &rArr; SX1276SetReset
</UL>
<BR>[Calls]<UL><LI><a href="#[74]">&gt;&gt;</a>&nbsp;&nbsp;&nbsp;delay_ms
<LI><a href="#[af]">&gt;&gt;</a>&nbsp;&nbsp;&nbsp;SX1276SetReset
</UL>
<BR>[Called By]<UL><LI><a href="#[49]">&gt;&gt;</a>&nbsp;&nbsp;&nbsp;SX1276Init
</UL>
<BR>[Address Reference Count : 1]<UL><LI> radio.o(i.RadioDriverInit)
</UL>
<P><STRONG><a name="[98]"></a>SX1276SetLoRaOn</STRONG> (Thumb, 170 bytes, Stack size 8 bytes, sx1276.o(i.SX1276SetLoRaOn))
<BR><BR>[Stack]<UL><LI>Max Depth = 72<LI>Call Chain = SX1276SetLoRaOn &rArr; SX1276LoRaSetOpMode &rArr; SX1276Write &rArr; SX1276WriteBuffer &rArr; SpiInOut
</UL>
<BR>[Calls]<UL><LI><a href="#[83]">&gt;&gt;</a>&nbsp;&nbsp;&nbsp;SX1276WriteBuffer
<LI><a href="#[87]">&gt;&gt;</a>&nbsp;&nbsp;&nbsp;SX1276Write
<LI><a href="#[92]">&gt;&gt;</a>&nbsp;&nbsp;&nbsp;SX1276ReadBuffer
<LI><a href="#[a7]">&gt;&gt;</a>&nbsp;&nbsp;&nbsp;SX1276LoRaSetOpMode
</UL>
<BR>[Called By]<UL><LI><a href="#[49]">&gt;&gt;</a>&nbsp;&nbsp;&nbsp;SX1276Init
</UL>

<P><STRONG><a name="[af]"></a>SX1276SetReset</STRONG> (Thumb, 32 bytes, Stack size 8 bytes, sx1276-hal.o(i.SX1276SetReset))
<BR><BR>[Stack]<UL><LI>Max Depth = 8<LI>Call Chain = SX1276SetReset
</UL>
<BR>[Calls]<UL><LI><a href="#[ac]">&gt;&gt;</a>&nbsp;&nbsp;&nbsp;GPIO_WriteBit
</UL>
<BR>[Called By]<UL><LI><a href="#[4a]">&gt;&gt;</a>&nbsp;&nbsp;&nbsp;SX1276Reset
</UL>

<P><STRONG><a name="[4d]"></a>SX1276SetTxPacket</STRONG> (Thumb, 32 bytes, Stack size 16 bytes, sx1276.o(i.SX1276SetTxPacket))
<BR><BR>[Stack]<UL><LI>Max Depth = 32<LI>Call Chain = SX1276SetTxPacket &rArr; SX1276LoRaSetTxPacket
</UL>
<BR>[Calls]<UL><LI><a href="#[ab]">&gt;&gt;</a>&nbsp;&nbsp;&nbsp;SX1276LoRaSetTxPacket
<LI><a href="#[94]">&gt;&gt;</a>&nbsp;&nbsp;&nbsp;SX1276FskSetTxPacket
</UL>
<BR>[Address Reference Count : 1]<UL><LI> radio.o(i.RadioDriverInit)
</UL>
<P><STRONG><a name="[4b]"></a>SX1276StartRx</STRONG> (Thumb, 24 bytes, Stack size 8 bytes, sx1276.o(i.SX1276StartRx))
<BR><BR>[Stack]<UL><LI>Max Depth = 8<LI>Call Chain = SX1276StartRx
</UL>
<BR>[Calls]<UL><LI><a href="#[b1]">&gt;&gt;</a>&nbsp;&nbsp;&nbsp;SX1276LoRaSetRFState
<LI><a href="#[b0]">&gt;&gt;</a>&nbsp;&nbsp;&nbsp;SX1276FskSetRFState
</UL>
<BR>[Address Reference Count : 1]<UL><LI> radio.o(i.RadioDriverInit)
</UL>
<P><STRONG><a name="[87]"></a>SX1276Write</STRONG> (Thumb, 16 bytes, Stack size 16 bytes, sx1276-hal.o(i.SX1276Write))
<BR><BR>[Stack]<UL><LI>Max Depth = 48<LI>Call Chain = SX1276Write &rArr; SX1276WriteBuffer &rArr; SpiInOut
</UL>
<BR>[Calls]<UL><LI><a href="#[83]">&gt;&gt;</a>&nbsp;&nbsp;&nbsp;SX1276WriteBuffer
</UL>
<BR>[Called By]<UL><LI><a href="#[aa]">&gt;&gt;</a>&nbsp;&nbsp;&nbsp;SX1276LoRaSetNbTrigPeaks
<LI><a href="#[9c]">&gt;&gt;</a>&nbsp;&nbsp;&nbsp;SX1276LoRaSetSpreadingFactor
<LI><a href="#[9f]">&gt;&gt;</a>&nbsp;&nbsp;&nbsp;SX1276LoRaSetSignalBandwidth
<LI><a href="#[a6]">&gt;&gt;</a>&nbsp;&nbsp;&nbsp;SX1276LoRaSetRFPower
<LI><a href="#[a2]">&gt;&gt;</a>&nbsp;&nbsp;&nbsp;SX1276LoRaSetPayloadLength
<LI><a href="#[9e]">&gt;&gt;</a>&nbsp;&nbsp;&nbsp;SX1276LoRaSetPacketCrcOn
<LI><a href="#[a5]">&gt;&gt;</a>&nbsp;&nbsp;&nbsp;SX1276LoRaSetPa20dBm
<LI><a href="#[a4]">&gt;&gt;</a>&nbsp;&nbsp;&nbsp;SX1276LoRaSetPAOutput
<LI><a href="#[a3]">&gt;&gt;</a>&nbsp;&nbsp;&nbsp;SX1276LoRaSetLowDatarateOptimize
<LI><a href="#[a0]">&gt;&gt;</a>&nbsp;&nbsp;&nbsp;SX1276LoRaSetImplicitHeaderOn
<LI><a href="#[9d]">&gt;&gt;</a>&nbsp;&nbsp;&nbsp;SX1276LoRaSetErrorCoding
<LI><a href="#[a7]">&gt;&gt;</a>&nbsp;&nbsp;&nbsp;SX1276LoRaSetOpMode
<LI><a href="#[a8]">&gt;&gt;</a>&nbsp;&nbsp;&nbsp;SX1276LoRaProcess
<LI><a href="#[84]">&gt;&gt;</a>&nbsp;&nbsp;&nbsp;SX1276FskSetOpMode
<LI><a href="#[82]">&gt;&gt;</a>&nbsp;&nbsp;&nbsp;SX1276FskProcess
<LI><a href="#[98]">&gt;&gt;</a>&nbsp;&nbsp;&nbsp;SX1276SetLoRaOn
</UL>

<P><STRONG><a name="[83]"></a>SX1276WriteBuffer</STRONG> (Thumb, 60 bytes, Stack size 24 bytes, sx1276-hal.o(i.SX1276WriteBuffer))
<BR><BR>[Stack]<UL><LI>Max Depth = 32<LI>Call Chain = SX1276WriteBuffer &rArr; SpiInOut
</UL>
<BR>[Calls]<UL><LI><a href="#[ac]">&gt;&gt;</a>&nbsp;&nbsp;&nbsp;GPIO_WriteBit
<LI><a href="#[ad]">&gt;&gt;</a>&nbsp;&nbsp;&nbsp;SpiInOut
</UL>
<BR>[Called By]<UL><LI><a href="#[91]">&gt;&gt;</a>&nbsp;&nbsp;&nbsp;SX1276WriteFifo
<LI><a href="#[a1]">&gt;&gt;</a>&nbsp;&nbsp;&nbsp;SX1276LoRaSetSymbTimeout
<LI><a href="#[9b]">&gt;&gt;</a>&nbsp;&nbsp;&nbsp;SX1276LoRaSetRFFrequency
<LI><a href="#[87]">&gt;&gt;</a>&nbsp;&nbsp;&nbsp;SX1276Write
<LI><a href="#[a8]">&gt;&gt;</a>&nbsp;&nbsp;&nbsp;SX1276LoRaProcess
<LI><a href="#[99]">&gt;&gt;</a>&nbsp;&nbsp;&nbsp;SX1276LoRaInit
<LI><a href="#[82]">&gt;&gt;</a>&nbsp;&nbsp;&nbsp;SX1276FskProcess
<LI><a href="#[98]">&gt;&gt;</a>&nbsp;&nbsp;&nbsp;SX1276SetLoRaOn
</UL>

<P><STRONG><a name="[91]"></a>SX1276WriteFifo</STRONG> (Thumb, 18 bytes, Stack size 16 bytes, sx1276-hal.o(i.SX1276WriteFifo))
<BR><BR>[Stack]<UL><LI>Max Depth = 48<LI>Call Chain = SX1276WriteFifo &rArr; SX1276WriteBuffer &rArr; SpiInOut
</UL>
<BR>[Calls]<UL><LI><a href="#[83]">&gt;&gt;</a>&nbsp;&nbsp;&nbsp;SX1276WriteBuffer
</UL>
<BR>[Called By]<UL><LI><a href="#[a8]">&gt;&gt;</a>&nbsp;&nbsp;&nbsp;SX1276LoRaProcess
<LI><a href="#[82]">&gt;&gt;</a>&nbsp;&nbsp;&nbsp;SX1276FskProcess
</UL>

<P><STRONG><a name="[ad]"></a>SpiInOut</STRONG> (Thumb, 50 bytes, Stack size 8 bytes, spi.o(i.SpiInOut))
<BR><BR>[Stack]<UL><LI>Max Depth = 8<LI>Call Chain = SpiInOut
</UL>
<BR>[Calls]<UL><LI><a href="#[b5]">&gt;&gt;</a>&nbsp;&nbsp;&nbsp;SPI_I2S_SendData
<LI><a href="#[b6]">&gt;&gt;</a>&nbsp;&nbsp;&nbsp;SPI_I2S_ReceiveData
<LI><a href="#[b4]">&gt;&gt;</a>&nbsp;&nbsp;&nbsp;SPI_I2S_GetFlagStatus
</UL>
<BR>[Called By]<UL><LI><a href="#[83]">&gt;&gt;</a>&nbsp;&nbsp;&nbsp;SX1276WriteBuffer
<LI><a href="#[92]">&gt;&gt;</a>&nbsp;&nbsp;&nbsp;SX1276ReadBuffer
</UL>

<P><STRONG><a name="[b7]"></a>SpiInit</STRONG> (Thumb, 156 bytes, Stack size 32 bytes, spi.o(i.SpiInit))
<BR><BR>[Stack]<UL><LI>Max Depth = 56<LI>Call Chain = SpiInit &rArr; GPIO_Init
</UL>
<BR>[Calls]<UL><LI><a href="#[69]">&gt;&gt;</a>&nbsp;&nbsp;&nbsp;RCC_APB2PeriphClockCmd
<LI><a href="#[6b]">&gt;&gt;</a>&nbsp;&nbsp;&nbsp;GPIO_Init
<LI><a href="#[b9]">&gt;&gt;</a>&nbsp;&nbsp;&nbsp;SPI_Init
<LI><a href="#[b8]">&gt;&gt;</a>&nbsp;&nbsp;&nbsp;SPI_Cmd
</UL>
<BR>[Called By]<UL><LI><a href="#[46]">&gt;&gt;</a>&nbsp;&nbsp;&nbsp;main
</UL>

<P><STRONG><a name="[c1]"></a>SysTick_CLKSourceConfig</STRONG> (Thumb, 40 bytes, Stack size 0 bytes, misc.o(i.SysTick_CLKSourceConfig))
<BR><BR>[Called By]<UL><LI><a href="#[c0]">&gt;&gt;</a>&nbsp;&nbsp;&nbsp;delay_init
</UL>

<P><STRONG><a name="[9]"></a>SysTick_Handler</STRONG> (Thumb, 2 bytes, Stack size 0 bytes, stm32f10x_it.o(i.SysTick_Handler))
<BR>[Address Reference Count : 1]<UL><LI> startup_stm32f10x_hd.o(RESET)
</UL>
<P><STRONG><a name="[47]"></a>SystemInit</STRONG> (Thumb, 78 bytes, Stack size 8 bytes, system_stm32f10x.o(i.SystemInit))
<BR><BR>[Stack]<UL><LI>Max Depth = 28<LI>Call Chain = SystemInit &rArr; SetSysClock &rArr; SetSysClockTo72
</UL>
<BR>[Calls]<UL><LI><a href="#[b2]">&gt;&gt;</a>&nbsp;&nbsp;&nbsp;SetSysClock
</UL>
<BR>[Address Reference Count : 1]<UL><LI> startup_stm32f10x_hd.o(.text)
</UL>
<P><STRONG><a name="[2f]"></a>USART1_IRQHandler</STRONG> (Thumb, 122 bytes, Stack size 8 bytes, usart1.o(i.USART1_IRQHandler))
<BR><BR>[Stack]<UL><LI>Max Depth = 24<LI>Call Chain = USART1_IRQHandler &rArr; USART_GetITStatus
</UL>
<BR>[Calls]<UL><LI><a href="#[bb]">&gt;&gt;</a>&nbsp;&nbsp;&nbsp;USART_ReceiveData
<LI><a href="#[ba]">&gt;&gt;</a>&nbsp;&nbsp;&nbsp;USART_GetITStatus
</UL>
<BR>[Address Reference Count : 1]<UL><LI> startup_stm32f10x_hd.o(RESET)
</UL>
<P><STRONG><a name="[c9]"></a>USART_Cmd</STRONG> (Thumb, 24 bytes, Stack size 0 bytes, stm32f10x_usart.o(i.USART_Cmd))
<BR><BR>[Called By]<UL><LI><a href="#[c3]">&gt;&gt;</a>&nbsp;&nbsp;&nbsp;uart_init
</UL>

<P><STRONG><a name="[ba]"></a>USART_GetITStatus</STRONG> (Thumb, 84 bytes, Stack size 16 bytes, stm32f10x_usart.o(i.USART_GetITStatus))
<BR><BR>[Stack]<UL><LI>Max Depth = 16<LI>Call Chain = USART_GetITStatus
</UL>
<BR>[Called By]<UL><LI><a href="#[2f]">&gt;&gt;</a>&nbsp;&nbsp;&nbsp;USART1_IRQHandler
</UL>

<P><STRONG><a name="[c8]"></a>USART_ITConfig</STRONG> (Thumb, 74 bytes, Stack size 20 bytes, stm32f10x_usart.o(i.USART_ITConfig))
<BR><BR>[Stack]<UL><LI>Max Depth = 20<LI>Call Chain = USART_ITConfig
</UL>
<BR>[Called By]<UL><LI><a href="#[c3]">&gt;&gt;</a>&nbsp;&nbsp;&nbsp;uart_init
</UL>

<P><STRONG><a name="[bc]"></a>USART_Init</STRONG> (Thumb, 210 bytes, Stack size 56 bytes, stm32f10x_usart.o(i.USART_Init))
<BR><BR>[Stack]<UL><LI>Max Depth = 68<LI>Call Chain = USART_Init &rArr; RCC_GetClocksFreq
</UL>
<BR>[Calls]<UL><LI><a href="#[bd]">&gt;&gt;</a>&nbsp;&nbsp;&nbsp;RCC_GetClocksFreq
</UL>
<BR>[Called By]<UL><LI><a href="#[c3]">&gt;&gt;</a>&nbsp;&nbsp;&nbsp;uart_init
</UL>

<P><STRONG><a name="[bb]"></a>USART_ReceiveData</STRONG> (Thumb, 10 bytes, Stack size 0 bytes, stm32f10x_usart.o(i.USART_ReceiveData))
<BR><BR>[Called By]<UL><LI><a href="#[2f]">&gt;&gt;</a>&nbsp;&nbsp;&nbsp;USART1_IRQHandler
</UL>

<P><STRONG><a name="[5]"></a>UsageFault_Handler</STRONG> (Thumb, 4 bytes, Stack size 0 bytes, stm32f10x_it.o(i.UsageFault_Handler))
<BR>[Address Reference Count : 1]<UL><LI> startup_stm32f10x_hd.o(RESET)
</UL>
<P><STRONG><a name="[be]"></a>__0printf$5</STRONG> (Thumb, 22 bytes, Stack size 24 bytes, printf5.o(i.__0printf$5), UNUSED)
<BR><BR>[Calls]<UL><LI><a href="#[bf]">&gt;&gt;</a>&nbsp;&nbsp;&nbsp;_printf_core
</UL>

<P><STRONG><a name="[dc]"></a>__1printf$5</STRONG> (Thumb, 0 bytes, Stack size 24 bytes, printf5.o(i.__0printf$5), UNUSED)

<P><STRONG><a name="[97]"></a>__2printf</STRONG> (Thumb, 0 bytes, Stack size 24 bytes, printf5.o(i.__0printf$5))
<BR><BR>[Stack]<UL><LI>Max Depth = 24<LI>Call Chain = __2printf
</UL>
<BR>[Called By]<UL><LI><a href="#[a8]">&gt;&gt;</a>&nbsp;&nbsp;&nbsp;SX1276LoRaProcess
<LI><a href="#[49]">&gt;&gt;</a>&nbsp;&nbsp;&nbsp;SX1276Init
</UL>

<P><STRONG><a name="[dd]"></a>__scatterload_copy</STRONG> (Thumb, 14 bytes, Stack size unknown bytes, handlers.o(i.__scatterload_copy), UNUSED)

<P><STRONG><a name="[de]"></a>__scatterload_null</STRONG> (Thumb, 2 bytes, Stack size unknown bytes, handlers.o(i.__scatterload_null), UNUSED)

<P><STRONG><a name="[df]"></a>__scatterload_zeroinit</STRONG> (Thumb, 14 bytes, Stack size unknown bytes, handlers.o(i.__scatterload_zeroinit), UNUSED)

<P><STRONG><a name="[c0]"></a>delay_init</STRONG> (Thumb, 50 bytes, Stack size 8 bytes, delay.o(i.delay_init))
<BR><BR>[Stack]<UL><LI>Max Depth = 8<LI>Call Chain = delay_init
</UL>
<BR>[Calls]<UL><LI><a href="#[c1]">&gt;&gt;</a>&nbsp;&nbsp;&nbsp;SysTick_CLKSourceConfig
</UL>
<BR>[Called By]<UL><LI><a href="#[46]">&gt;&gt;</a>&nbsp;&nbsp;&nbsp;main
</UL>

<P><STRONG><a name="[74]"></a>delay_ms</STRONG> (Thumb, 72 bytes, Stack size 0 bytes, delay.o(i.delay_ms))
<BR><BR>[Called By]<UL><LI><a href="#[72]">&gt;&gt;</a>&nbsp;&nbsp;&nbsp;BH1750_Init
<LI><a href="#[46]">&gt;&gt;</a>&nbsp;&nbsp;&nbsp;main
<LI><a href="#[4a]">&gt;&gt;</a>&nbsp;&nbsp;&nbsp;SX1276Reset
<LI><a href="#[49]">&gt;&gt;</a>&nbsp;&nbsp;&nbsp;SX1276Init
</UL>

<P><STRONG><a name="[7d]"></a>delay_us</STRONG> (Thumb, 72 bytes, Stack size 0 bytes, delay.o(i.delay_us))
<BR><BR>[Called By]<UL><LI><a href="#[7a]">&gt;&gt;</a>&nbsp;&nbsp;&nbsp;IIC_Wait_Ack
<LI><a href="#[7b]">&gt;&gt;</a>&nbsp;&nbsp;&nbsp;IIC_Stop
<LI><a href="#[78]">&gt;&gt;</a>&nbsp;&nbsp;&nbsp;IIC_Start
<LI><a href="#[79]">&gt;&gt;</a>&nbsp;&nbsp;&nbsp;IIC_Send_Byte
</UL>

<P><STRONG><a name="[4f]"></a>fputc</STRONG> (Thumb, 24 bytes, Stack size 0 bytes, usart1.o(i.fputc))
<BR>[Address Reference Count : 1]<UL><LI> printf5.o(i.__0printf$5)
</UL>
<P><STRONG><a name="[46]"></a>main</STRONG> (Thumb, 100 bytes, Stack size 0 bytes, main.o(i.main))
<BR><BR>[Stack]<UL><LI>Max Depth = 100<LI>Call Chain = main &rArr; uart_init &rArr; USART_Init &rArr; RCC_GetClocksFreq
</UL>
<BR>[Calls]<UL><LI><a href="#[c3]">&gt;&gt;</a>&nbsp;&nbsp;&nbsp;uart_init
<LI><a href="#[74]">&gt;&gt;</a>&nbsp;&nbsp;&nbsp;delay_ms
<LI><a href="#[c0]">&gt;&gt;</a>&nbsp;&nbsp;&nbsp;delay_init
<LI><a href="#[b7]">&gt;&gt;</a>&nbsp;&nbsp;&nbsp;SpiInit
<LI><a href="#[c4]">&gt;&gt;</a>&nbsp;&nbsp;&nbsp;RadioDriverInit
<LI><a href="#[c2]">&gt;&gt;</a>&nbsp;&nbsp;&nbsp;NVIC_PriorityGroupConfig
<LI><a href="#[7e]">&gt;&gt;</a>&nbsp;&nbsp;&nbsp;LED_Init
<LI><a href="#[7c]">&gt;&gt;</a>&nbsp;&nbsp;&nbsp;IIC2_Init
<LI><a href="#[77]">&gt;&gt;</a>&nbsp;&nbsp;&nbsp;BH1750_SetMode
<LI><a href="#[72]">&gt;&gt;</a>&nbsp;&nbsp;&nbsp;BH1750_Init
<LI><a href="#[68]">&gt;&gt;</a>&nbsp;&nbsp;&nbsp;Adc_Init
</UL>
<BR>[Address Reference Count : 1]<UL><LI> entry9a.o(.ARM.Collect$$$$0000000B)
</UL>
<P><STRONG><a name="[86]"></a>round</STRONG> (Thumb, 136 bytes, Stack size 32 bytes, round.o(i.round))
<BR><BR>[Stack]<UL><LI>Max Depth = 120<LI>Call Chain = round &rArr; __aeabi_dadd &rArr; _double_epilogue &rArr; _double_round
</UL>
<BR>[Calls]<UL><LI><a href="#[55]">&gt;&gt;</a>&nbsp;&nbsp;&nbsp;__aeabi_dadd
<LI><a href="#[64]">&gt;&gt;</a>&nbsp;&nbsp;&nbsp;_drnd
<LI><a href="#[5a]">&gt;&gt;</a>&nbsp;&nbsp;&nbsp;__aeabi_dsub
<LI><a href="#[c6]">&gt;&gt;</a>&nbsp;&nbsp;&nbsp;__aeabi_cdrcmple
<LI><a href="#[5b]">&gt;&gt;</a>&nbsp;&nbsp;&nbsp;__aeabi_drsub
<LI><a href="#[c5]">&gt;&gt;</a>&nbsp;&nbsp;&nbsp;__aeabi_cdcmple
</UL>
<BR>[Called By]<UL><LI><a href="#[82]">&gt;&gt;</a>&nbsp;&nbsp;&nbsp;SX1276FskProcess
</UL>

<P><STRONG><a name="[c3]"></a>uart_init</STRONG> (Thumb, 152 bytes, Stack size 32 bytes, usart1.o(i.uart_init))
<BR><BR>[Stack]<UL><LI>Max Depth = 100<LI>Call Chain = uart_init &rArr; USART_Init &rArr; RCC_GetClocksFreq
</UL>
<BR>[Calls]<UL><LI><a href="#[69]">&gt;&gt;</a>&nbsp;&nbsp;&nbsp;RCC_APB2PeriphClockCmd
<LI><a href="#[6b]">&gt;&gt;</a>&nbsp;&nbsp;&nbsp;GPIO_Init
<LI><a href="#[bc]">&gt;&gt;</a>&nbsp;&nbsp;&nbsp;USART_Init
<LI><a href="#[c8]">&gt;&gt;</a>&nbsp;&nbsp;&nbsp;USART_ITConfig
<LI><a href="#[c9]">&gt;&gt;</a>&nbsp;&nbsp;&nbsp;USART_Cmd
<LI><a href="#[c7]">&gt;&gt;</a>&nbsp;&nbsp;&nbsp;NVIC_Init
</UL>
<BR>[Called By]<UL><LI><a href="#[46]">&gt;&gt;</a>&nbsp;&nbsp;&nbsp;main
</UL>
<P>
<H3>
Local Symbols
</H3>
<P><STRONG><a name="[b2]"></a>SetSysClock</STRONG> (Thumb, 8 bytes, Stack size 8 bytes, system_stm32f10x.o(i.SetSysClock))
<BR><BR>[Stack]<UL><LI>Max Depth = 20<LI>Call Chain = SetSysClock &rArr; SetSysClockTo72
</UL>
<BR>[Calls]<UL><LI><a href="#[b3]">&gt;&gt;</a>&nbsp;&nbsp;&nbsp;SetSysClockTo72
</UL>
<BR>[Called By]<UL><LI><a href="#[47]">&gt;&gt;</a>&nbsp;&nbsp;&nbsp;SystemInit
</UL>

<P><STRONG><a name="[b3]"></a>SetSysClockTo72</STRONG> (Thumb, 214 bytes, Stack size 12 bytes, system_stm32f10x.o(i.SetSysClockTo72))
<BR><BR>[Stack]<UL><LI>Max Depth = 12<LI>Call Chain = SetSysClockTo72
</UL>
<BR>[Called By]<UL><LI><a href="#[b2]">&gt;&gt;</a>&nbsp;&nbsp;&nbsp;SetSysClock
</UL>

<P><STRONG><a name="[bf]"></a>_printf_core</STRONG> (Thumb, 658 bytes, Stack size 104 bytes, printf5.o(i._printf_core), UNUSED)
<BR><BR>[Calls]<UL><LI><a href="#[63]">&gt;&gt;</a>&nbsp;&nbsp;&nbsp;__aeabi_uldivmod
</UL>
<BR>[Called By]<UL><LI><a href="#[be]">&gt;&gt;</a>&nbsp;&nbsp;&nbsp;__0printf$5
</UL>
<P>
<H3>
Undefined Global Symbols
</H3><HR></body></html>
