Component: ARM Compiler 5.06 update 6 (build 750) Tool: armlink [4d35ed]

==============================================================================

Section Cross References

    startup_stm32f10x_hd.o(RESET) refers to startup_stm32f10x_hd.o(STACK) for __initial_sp
    startup_stm32f10x_hd.o(RESET) refers to startup_stm32f10x_hd.o(.text) for Reset_Handler
    startup_stm32f10x_hd.o(RESET) refers to stm32f10x_it.o(i.NMI_Handler) for NMI_Handler
    startup_stm32f10x_hd.o(RESET) refers to stm32f10x_it.o(i.HardFault_Handler) for HardFault_Handler
    startup_stm32f10x_hd.o(RESET) refers to stm32f10x_it.o(i.MemManage_Handler) for MemManage_Handler
    startup_stm32f10x_hd.o(RESET) refers to stm32f10x_it.o(i.BusFault_Handler) for BusFault_Handler
    startup_stm32f10x_hd.o(RESET) refers to stm32f10x_it.o(i.UsageFault_Handler) for UsageFault_Handler
    startup_stm32f10x_hd.o(RESET) refers to stm32f10x_it.o(i.SVC_Handler) for SVC_Handler
    startup_stm32f10x_hd.o(RESET) refers to stm32f10x_it.o(i.DebugMon_Handler) for DebugMon_Handler
    startup_stm32f10x_hd.o(RESET) refers to stm32f10x_it.o(i.PendSV_Handler) for PendSV_Handler
    startup_stm32f10x_hd.o(RESET) refers to stm32f10x_it.o(i.SysTick_Handler) for SysTick_Handler
    startup_stm32f10x_hd.o(RESET) refers to usart1.o(i.USART1_IRQHandler) for USART1_IRQHandler
    startup_stm32f10x_hd.o(.text) refers to system_stm32f10x.o(i.SystemInit) for SystemInit
    startup_stm32f10x_hd.o(.text) refers to entry.o(.ARM.Collect$$$$00000000) for __main
    main.o(i.main) refers to delay.o(i.delay_init) for delay_init
    main.o(i.main) refers to misc.o(i.NVIC_PriorityGroupConfig) for NVIC_PriorityGroupConfig
    main.o(i.main) refers to usart1.o(i.uart_init) for uart_init
    main.o(i.main) refers to spi.o(i.SpiInit) for SpiInit
    main.o(i.main) refers to led.o(i.LED_Init) for LED_Init
    main.o(i.main) refers to adc.o(i.Adc_Init) for Adc_Init
    main.o(i.main) refers to bh1750.o(i.BH1750_Init) for BH1750_Init
    main.o(i.main) refers to bh1750.o(i.BH1750_SetMode) for BH1750_SetMode
    main.o(i.main) refers to bme280_app.o(i.BME280_Init) for BME280_Init
    main.o(i.main) refers to bme280_app.o(i.set_sensor_data_normal_mode) for set_sensor_data_normal_mode
    main.o(i.main) refers to printfa.o(i.__0printf) for __2printf
    main.o(i.main) refers to bme280.o(i.bme280_get_sensor_data) for bme280_get_sensor_data
    main.o(i.main) refers to bme280_app.o(i.print_sensor_data) for print_sensor_data
    main.o(i.main) refers to bh1750.o(i.BH1750_ReadRealData) for BH1750_ReadRealData
    main.o(i.main) refers to f2d.o(.text) for __aeabi_f2d
    main.o(i.main) refers to delay.o(i.delay_ms) for delay_ms
    main.o(i.main) refers to bme280_app.o(.bss) for Global_BME280
    system_stm32f10x.o(i.SystemCoreClockUpdate) refers to system_stm32f10x.o(.data) for .data
    system_stm32f10x.o(i.SystemInit) refers to system_stm32f10x.o(i.SetSysClockTo72) for SetSysClockTo72
    led.o(i.LED_Init) refers to stm32f10x_rcc.o(i.RCC_APB2PeriphClockCmd) for RCC_APB2PeriphClockCmd
    led.o(i.LED_Init) refers to stm32f10x_gpio.o(i.GPIO_PinRemapConfig) for GPIO_PinRemapConfig
    led.o(i.LED_Init) refers to stm32f10x_gpio.o(i.GPIO_Init) for GPIO_Init
    led.o(i.LED_Init) refers to stm32f10x_gpio.o(i.GPIO_SetBits) for GPIO_SetBits
    bme280.o(i.bme280_compensate_data) refers to bme280.o(i.compensate_temperature) for compensate_temperature
    bme280.o(i.bme280_compensate_data) refers to bme280.o(i.compensate_pressure) for compensate_pressure
    bme280.o(i.bme280_compensate_data) refers to bme280.o(i.compensate_humidity) for compensate_humidity
    bme280.o(i.bme280_get_regs) refers to bme280.o(i.null_ptr_check) for null_ptr_check
    bme280.o(i.bme280_get_sensor_data) refers to bme280.o(i.null_ptr_check) for null_ptr_check
    bme280.o(i.bme280_get_sensor_data) refers to bme280.o(i.bme280_get_regs) for bme280_get_regs
    bme280.o(i.bme280_get_sensor_data) refers to bme280.o(i.bme280_parse_sensor_data) for bme280_parse_sensor_data
    bme280.o(i.bme280_get_sensor_data) refers to bme280.o(i.bme280_compensate_data) for bme280_compensate_data
    bme280.o(i.bme280_get_sensor_mode) refers to bme280.o(i.null_ptr_check) for null_ptr_check
    bme280.o(i.bme280_get_sensor_mode) refers to bme280.o(i.bme280_get_regs) for bme280_get_regs
    bme280.o(i.bme280_get_sensor_settings) refers to bme280.o(i.null_ptr_check) for null_ptr_check
    bme280.o(i.bme280_get_sensor_settings) refers to bme280.o(i.bme280_get_regs) for bme280_get_regs
    bme280.o(i.bme280_get_sensor_settings) refers to bme280.o(i.parse_device_settings) for parse_device_settings
    bme280.o(i.bme280_init) refers to bme280.o(i.null_ptr_check) for null_ptr_check
    bme280.o(i.bme280_init) refers to bme280.o(i.bme280_get_regs) for bme280_get_regs
    bme280.o(i.bme280_init) refers to bme280.o(i.bme280_soft_reset) for bme280_soft_reset
    bme280.o(i.bme280_init) refers to bme280.o(i.get_calib_data) for get_calib_data
[...]
    Removing sys.o(i.INTX_ENABLE), (4 bytes).
    Removing sys.o(i.WFI_SET), (4 bytes).
    Removing usart1.o(i._sys_exit), (2 bytes).
    Removing misc.o(i.NVIC_SetVectorTable), (20 bytes).
    Removing misc.o(i.NVIC_SystemLPConfig), (24 bytes).
    Removing stm32f10x_exti.o(i.EXTI_ClearFlag), (12 bytes).
    Removing stm32f10x_exti.o(i.EXTI_ClearITPendingBit), (12 bytes).
    Removing stm32f10x_exti.o(i.EXTI_DeInit), (36 bytes).
    Removing stm32f10x_exti.o(i.EXTI_GenerateSWInterrupt), (16 bytes).
    Removing stm32f10x_exti.o(i.EXTI_GetFlagStatus), (20 bytes).
    Removing stm32f10x_exti.o(i.EXTI_GetITStatus), (32 bytes).
    Removing stm32f10x_exti.o(i.EXTI_Init), (112 bytes).
    Removing stm32f10x_exti.o(i.EXTI_StructInit), (14 bytes).
    Removing stm32f10x_gpio.o(i.GPIO_AFIODeInit), (22 bytes).
    Removing stm32f10x_gpio.o(i.GPIO_DeInit), (180 bytes).
    Removing stm32f10x_gpio.o(i.GPIO_ETH_MediaInterfaceConfig), (12 bytes).
    Removing stm32f10x_gpio.o(i.GPIO_EXTILineConfig), (40 bytes).
    Removing stm32f10x_gpio.o(i.GPIO_EventOutputCmd), (12 bytes).
    Removing stm32f10x_gpio.o(i.GPIO_EventOutputConfig), (28 bytes).
    Removing stm32f10x_gpio.o(i.GPIO_PinLockConfig), (16 bytes).
    Removing stm32f10x_gpio.o(i.GPIO_ReadInputData), (6 bytes).
    Removing stm32f10x_gpio.o(i.GPIO_ReadInputDataBit), (14 bytes).
    Removing stm32f10x_gpio.o(i.GPIO_ReadOutputData), (6 bytes).
    Removing stm32f10x_gpio.o(i.GPIO_ReadOutputDataBit), (14 bytes).
    Removing stm32f10x_gpio.o(i.GPIO_StructInit), (16 bytes).
    Removing stm32f10x_gpio.o(i.GPIO_Write), (4 bytes).
    Removing stm32f10x_gpio.o(i.GPIO_WriteBit), (10 bytes).
    Removing stm32f10x_rcc.o(i.RCC_AHBPeriphClockCmd), (24 bytes).
    Removing stm32f10x_rcc.o(i.RCC_APB1PeriphClockCmd), (24 bytes).
    Removing stm32f10x_rcc.o(i.RCC_APB1PeriphResetCmd), (24 bytes).
    Removing stm32f10x_rcc.o(i.RCC_AdjustHSICalibrationValue), (20 bytes).
    Removing stm32f10x_rcc.o(i.RCC_BackupResetCmd), (12 bytes).
    Removing stm32f10x_rcc.o(i.RCC_ClearFlag), (16 bytes).
    Removing stm32f10x_rcc.o(i.RCC_ClearITPendingBit), (12 bytes).
    Removing stm32f10x_rcc.o(i.RCC_ClockSecuritySystemCmd), (12 bytes).
    Removing stm32f10x_rcc.o(i.RCC_DeInit), (64 bytes).
    Removing stm32f10x_rcc.o(i.RCC_GetFlagStatus), (48 bytes).
    Removing stm32f10x_rcc.o(i.RCC_GetITStatus), (20 bytes).
    Removing stm32f10x_rcc.o(i.RCC_GetSYSCLKSource), (16 bytes).
    Removing stm32f10x_rcc.o(i.RCC_HCLKConfig), (20 bytes).
    Removing stm32f10x_rcc.o(i.RCC_HSEConfig), (52 bytes).
    Removing stm32f10x_rcc.o(i.RCC_HSICmd), (12 bytes).
    Removing stm32f10x_rcc.o(i.RCC_ITConfig), (24 bytes).
    Removing stm32f10x_rcc.o(i.RCC_LSEConfig), (32 bytes).
    Removing stm32f10x_rcc.o(i.RCC_LSICmd), (12 bytes).
    Removing stm32f10x_rcc.o(i.RCC_MCOConfig), (12 bytes).
    Removing stm32f10x_rcc.o(i.RCC_PCLK1Config), (20 bytes).
    Removing stm32f10x_rcc.o(i.RCC_PCLK2Config), (20 bytes).
    Removing stm32f10x_rcc.o(i.RCC_PLLCmd), (12 bytes).
    Removing stm32f10x_rcc.o(i.RCC_PLLConfig), (20 bytes).
    Removing stm32f10x_rcc.o(i.RCC_RTCCLKCmd), (12 bytes).
    Removing stm32f10x_rcc.o(i.RCC_RTCCLKConfig), (16 bytes).
    Removing stm32f10x_rcc.o(i.RCC_SYSCLKConfig), (20 bytes).
    Removing stm32f10x_rcc.o(i.RCC_USBCLKConfig), (12 bytes).
    Removing stm32f10x_rcc.o(i.RCC_WaitForHSEStartUp), (44 bytes).
    Removing stm32f10x_usart.o(i.USART_ClearFlag), (6 bytes).
    Removing stm32f10x_usart.o(i.USART_ClearITPendingBit), (12 bytes).
    Removing stm32f10x_usart.o(i.USART_ClockInit), (30 bytes).
    Removing stm32f10x_usart.o(i.USART_ClockStructInit), (12 bytes).
    Removing stm32f10x_usart.o(i.USART_DMACmd), (16 bytes).
    Removing stm32f10x_usart.o(i.USART_DeInit), (116 bytes).
    Removing stm32f10x_usart.o(i.USART_GetFlagStatus), (14 bytes).
    Removing stm32f10x_usart.o(i.USART_HalfDuplexCmd), (20 bytes).
    Removing stm32f10x_usart.o(i.USART_IrDACmd), (20 bytes).
    Removing stm32f10x_usart.o(i.USART_IrDAConfig), (16 bytes).
    Removing stm32f10x_usart.o(i.USART_LINBreakDetectLengthConfig), (16 bytes).
    Removing stm32f10x_usart.o(i.USART_LINCmd), (20 bytes).
    Removing stm32f10x_usart.o(i.USART_OneBitMethodCmd), (20 bytes).
    Removing stm32f10x_usart.o(i.USART_OverSampling8Cmd), (20 bytes).
    Removing stm32f10x_usart.o(i.USART_ReceiverWakeUpCmd), (20 bytes).
    Removing stm32f10x_usart.o(i.USART_SendBreak), (10 bytes).
    Removing stm32f10x_usart.o(i.USART_SendData), (8 bytes).
    Removing stm32f10x_usart.o(i.USART_SetAddress), (16 bytes).
    Removing stm32f10x_usart.o(i.USART_SetGuardTime), (16 bytes).
    Removing stm32f10x_usart.o(i.USART_SetPrescaler), (16 bytes).
    Removing stm32f10x_usart.o(i.USART_SmartCardCmd), (20 bytes).
    Removing stm32f10x_usart.o(i.USART_SmartCardNACKCmd), (20 bytes).
    Removing stm32f10x_usart.o(i.USART_StructInit), (22 bytes).
    Removing stm32f10x_usart.o(i.USART_WakeUpConfig), (16 bytes).
    Removing stm32f10x_spi.o(i.I2S_Cmd), (20 bytes).
    Removing stm32f10x_spi.o(i.I2S_Init), (152 bytes).
    Removing stm32f10x_spi.o(i.I2S_StructInit), (18 bytes).
    Removing stm32f10x_spi.o(i.SPI_BiDirectionalLineConfig), (22 bytes).
    Removing stm32f10x_spi.o(i.SPI_CalculateCRC), (20 bytes).
    Removing stm32f10x_spi.o(i.SPI_DataSizeConfig), (16 bytes).
    Removing stm32f10x_spi.o(i.SPI_GetCRC), (12 bytes).
    Removing stm32f10x_spi.o(i.SPI_GetCRCPolynomial), (4 bytes).
    Removing stm32f10x_spi.o(i.SPI_I2S_ClearFlag), (6 bytes).
    Removing stm32f10x_spi.o(i.SPI_I2S_ClearITPendingBit), (14 bytes).
    Removing stm32f10x_spi.o(i.SPI_I2S_DMACmd), (16 bytes).
    Removing stm32f10x_spi.o(i.SPI_I2S_DeInit), (84 bytes).
    Removing stm32f10x_spi.o(i.SPI_I2S_GetFlagStatus), (14 bytes).
    Removing stm32f10x_spi.o(i.SPI_I2S_GetITStatus), (42 bytes).
    Removing stm32f10x_spi.o(i.SPI_I2S_ITConfig), (24 bytes).
    Removing stm32f10x_spi.o(i.SPI_I2S_ReceiveData), (4 bytes).
    Removing stm32f10x_spi.o(i.SPI_I2S_SendData), (4 bytes).
    Removing stm32f10x_spi.o(i.SPI_NSSInternalSoftwareConfig), (24 bytes).
    Removing stm32f10x_spi.o(i.SPI_SSOutputCmd), (20 bytes).
    Removing stm32f10x_spi.o(i.SPI_StructInit), (24 bytes).
    Removing stm32f10x_spi.o(i.SPI_TransmitCRC), (10 bytes).
    Removing stm32f10x_adc.o(i.ADC_AnalogWatchdogCmd), (16 bytes).
    Removing stm32f10x_adc.o(i.ADC_AnalogWatchdogSingleChannelConfig), (12 bytes).
    Removing stm32f10x_adc.o(i.ADC_AnalogWatchdogThresholdsConfig), (6 bytes).
    Removing stm32f10x_adc.o(i.ADC_AutoInjectedConvCmd), (20 bytes).
    Removing stm32f10x_adc.o(i.ADC_ClearFlag), (6 bytes).
    Removing stm32f10x_adc.o(i.ADC_ClearITPendingBit), (8 bytes).
    Removing stm32f10x_adc.o(i.ADC_DMACmd), (20 bytes).
    Removing stm32f10x_adc.o(i.ADC_DiscModeChannelCountConfig), (16 bytes).
    Removing stm32f10x_adc.o(i.ADC_DiscModeCmd), (20 bytes).
    Removing stm32f10x_adc.o(i.ADC_ExternalTrigConvCmd), (20 bytes).
    Removing stm32f10x_adc.o(i.ADC_ExternalTrigInjectedConvCmd), (20 bytes).
    Removing stm32f10x_adc.o(i.ADC_ExternalTrigInjectedConvConfig), (12 bytes).
    Removing stm32f10x_adc.o(i.ADC_GetConversionValue), (6 bytes).
    Removing stm32f10x_adc.o(i.ADC_GetDualModeConversionValue), (12 bytes).
    Removing stm32f10x_adc.o(i.ADC_GetFlagStatus), (14 bytes).
    Removing stm32f10x_adc.o(i.ADC_GetITStatus), (28 bytes).
    Removing stm32f10x_adc.o(i.ADC_GetInjectedConversionValue), (14 bytes).
    Removing stm32f10x_adc.o(i.ADC_GetSoftwareStartConvStatus), (14 bytes).
    Removing stm32f10x_adc.o(i.ADC_GetSoftwareStartInjectedConvCmdStatus), (14 bytes).
    Removing stm32f10x_adc.o(i.ADC_ITConfig), (18 bytes).
    Removing stm32f10x_adc.o(i.ADC_InjectedChannelConfig), (74 bytes).
    Removing stm32f10x_adc.o(i.ADC_InjectedDiscModeCmd), (20 bytes).
    Removing stm32f10x_adc.o(i.ADC_InjectedSequencerLengthConfig), (16 bytes).
    Removing stm32f10x_adc.o(i.ADC_RegularChannelConfig), (116 bytes).
    Removing stm32f10x_adc.o(i.ADC_SetInjectedOffset), (10 bytes).
    Removing stm32f10x_adc.o(i.ADC_SoftwareStartConvCmd), (20 bytes).
    Removing stm32f10x_adc.o(i.ADC_SoftwareStartInjectedConvCmd), (20 bytes).
    Removing stm32f10x_adc.o(i.ADC_StructInit), (18 bytes).
    Removing stm32f10x_adc.o(i.ADC_TempSensorVrefintCmd), (28 bytes).
    Removing radio.o(i.RadioDriverInit), (56 bytes).
    Removing radio.o(.bss), (24 bytes).
    Removing sx1276.o(i.SX1276GetLoRaOn), (12 bytes).
    Removing sx1276.o(i.SX1276GetOpMode), (20 bytes).
    Removing sx1276.o(i.SX1276GetPacketAfc), (16 bytes).
    Removing sx1276.o(i.SX1276GetPacketRssi), (20 bytes).
    Removing sx1276.o(i.SX1276GetPacketRxGain), (20 bytes).
    Removing sx1276.o(i.SX1276GetPacketSnr), (16 bytes).
    Removing sx1276.o(i.SX1276GetRFState), (20 bytes).
    Removing sx1276.o(i.SX1276GetRxPacket), (20 bytes).
    Removing sx1276.o(i.SX1276Init), (116 bytes).
    Removing sx1276.o(i.SX1276Process), (20 bytes).
    Removing sx1276.o(i.SX1276ReadRssi), (20 bytes).
    Removing sx1276.o(i.SX1276ReadRxGain), (20 bytes).
    Removing sx1276.o(i.SX1276Reset), (30 bytes).
    Removing sx1276.o(i.SX1276SetLoRaOn), (128 bytes).
    Removing sx1276.o(i.SX1276SetOpMode), (20 bytes).
    Removing sx1276.o(i.SX1276SetRFState), (20 bytes).
    Removing sx1276.o(i.SX1276SetTxPacket), (20 bytes).
    Removing sx1276.o(i.SX1276StartRx), (24 bytes).
    Removing sx1276.o(.bss), (112 bytes).
    Removing sx1276.o(.data), (2 bytes).
    Removing sx1276-lora.o(i.SX1276LoRaGetOpMode), (28 bytes).
    Removing sx1276-lora.o(i.SX1276LoRaGetPacketRssi), (12 bytes).
    Removing sx1276-lora.o(i.SX1276LoRaGetPacketRxGain), (12 bytes).
    Removing sx1276-lora.o(i.SX1276LoRaGetPacketSnr), (12 bytes).
    Removing sx1276-lora.o(i.SX1276LoRaGetRFState), (12 bytes).
    Removing sx1276-lora.o(i.SX1276LoRaGetRxPacket), (24 bytes).
    Removing sx1276-lora.o(i.SX1276LoRaInit), (168 bytes).
    Removing sx1276-lora.o(i.SX1276LoRaProcess), (1174 bytes).
    Removing sx1276-lora.o(i.SX1276LoRaReadRssi), (80 bytes).
    Removing sx1276-lora.o(i.SX1276LoRaReadRxGain), (28 bytes).
    Removing sx1276-lora.o(i.SX1276LoRaReset), (30 bytes).
    Removing sx1276-lora.o(i.SX1276LoRaSetDefaults), (16 bytes).
    Removing sx1276-lora.o(i.SX1276LoRaSetOpMode), (60 bytes).
    Removing sx1276-lora.o(i.SX1276LoRaSetRFState), (12 bytes).
    Removing sx1276-lora.o(i.SX1276LoRaSetTxPacket), (40 bytes).
    Removing sx1276-lora.o(i.SX1276LoRaStartRx), (12 bytes).
    Removing sx1276-lora.o(.bss), (256 bytes).
    Removing sx1276-lora.o(.constdata), (444 bytes).
    Removing sx1276-lora.o(.data), (60 bytes).
    Removing sx1276-loramisc.o(i.SX1276LoRaGetErrorCoding), (36 bytes).
    Removing sx1276-loramisc.o(i.SX1276LoRaGetFreqHopOn), (12 bytes).
    Removing sx1276-loramisc.o(i.SX1276LoRaGetHopPeriod), (36 bytes).
    Removing sx1276-loramisc.o(i.SX1276LoRaGetImplicitHeaderOn), (36 bytes).
    Removing sx1276-loramisc.o(i.SX1276LoRaGetLowDatarateOptimize), (32 bytes).
    Removing sx1276-loramisc.o(i.SX1276LoRaGetNbTrigPeaks), (32 bytes).
    Removing sx1276-loramisc.o(i.SX1276LoRaGetPAOutput), (28 bytes).
    Removing sx1276-loramisc.o(i.SX1276LoRaGetPa20dBm), (40 bytes).
    Removing sx1276-loramisc.o(i.SX1276LoRaGetPaRamp), (28 bytes).
    Removing sx1276-loramisc.o(i.SX1276LoRaGetPacketCrcOn), (36 bytes).
    Removing sx1276-loramisc.o(i.SX1276LoRaGetPayloadLength), (36 bytes).
    Removing sx1276-loramisc.o(i.SX1276LoRaGetPreambleLength), (28 bytes).
    Removing sx1276-loramisc.o(i.SX1276LoRaGetRFFrequency), (68 bytes).
    Removing sx1276-loramisc.o(i.SX1276LoRaGetRFPower), (76 bytes).
    Removing sx1276-loramisc.o(i.SX1276LoRaGetRxPacketTimeout), (12 bytes).
    Removing sx1276-loramisc.o(i.SX1276LoRaGetRxSingleOn), (12 bytes).
    Removing sx1276-loramisc.o(i.SX1276LoRaGetSignalBandwidth), (36 bytes).
    Removing sx1276-loramisc.o(i.SX1276LoRaGetSpreadingFactor), (36 bytes).
    Removing sx1276-loramisc.o(i.SX1276LoRaGetSymbTimeout), (36 bytes).
    Removing sx1276-loramisc.o(i.SX1276LoRaGetTxPacketTimeout), (12 bytes).
    Removing sx1276-loramisc.o(i.SX1276LoRaSetErrorCoding), (52 bytes).
    Removing sx1276-loramisc.o(i.SX1276LoRaSetFreqHopOn), (12 bytes).
    Removing sx1276-loramisc.o(i.SX1276LoRaSetHopPeriod), (36 bytes).
    Removing sx1276-loramisc.o(i.SX1276LoRaSetImplicitHeaderOn), (48 bytes).
    Removing sx1276-loramisc.o(i.SX1276LoRaSetLowDatarateOptimize), (48 bytes).
    Removing sx1276-loramisc.o(i.SX1276LoRaSetNbTrigPeaks), (44 bytes).
    Removing sx1276-loramisc.o(i.SX1276LoRaSetPAOutput), (44 bytes).
    Removing sx1276-loramisc.o(i.SX1276LoRaSetPa20dBm), (68 bytes).
    Removing sx1276-loramisc.o(i.SX1276LoRaSetPaRamp), (48 bytes).
    Removing sx1276-loramisc.o(i.SX1276LoRaSetPacketCrcOn), (52 bytes).
    Removing sx1276-loramisc.o(i.SX1276LoRaSetPayloadLength), (36 bytes).
    Removing sx1276-loramisc.o(i.SX1276LoRaSetPreambleLength), (44 bytes).
    Removing sx1276-loramisc.o(i.SX1276LoRaSetRFFrequency), (64 bytes).
    Removing sx1276-loramisc.o(i.SX1276LoRaSetRFPower), (156 bytes).
    Removing sx1276-loramisc.o(i.SX1276LoRaSetRxPacketTimeout), (12 bytes).
    Removing sx1276-loramisc.o(i.SX1276LoRaSetRxSingleOn), (12 bytes).
    Removing sx1276-loramisc.o(i.SX1276LoRaSetSignalBandwidth), (48 bytes).
    Removing sx1276-loramisc.o(i.SX1276LoRaSetSpreadingFactor), (84 bytes).
    Removing sx1276-loramisc.o(i.SX1276LoRaSetSymbTimeout), (56 bytes).
    Removing sx1276-loramisc.o(i.SX1276LoRaSetTxPacketTimeout), (12 bytes).
    Removing sx1276-fsk.o(i.SX1276FskGetOpMode), (28 bytes).
    Removing sx1276-fsk.o(i.SX1276FskGetPacketAfc), (12 bytes).
    Removing sx1276-fsk.o(i.SX1276FskGetPacketHeaderSize), (28 bytes).
    Removing sx1276-fsk.o(i.SX1276FskGetPacketPayloadSize), (56 bytes).
    Removing sx1276-fsk.o(i.SX1276FskGetPacketRssi), (12 bytes).
    Removing sx1276-fsk.o(i.SX1276FskGetPacketRxGain), (12 bytes).
    Removing sx1276-fsk.o(i.SX1276FskGetRFState), (12 bytes).
    Removing sx1276-fsk.o(i.SX1276FskGetRxPacket), (28 bytes).
    Removing sx1276-fsk.o(i.SX1276FskInit), (280 bytes).
    Removing sx1276-fsk.o(i.SX1276FskProcess), (880 bytes).
    Removing sx1276-fsk.o(i.SX1276FskReadAfc), (52 bytes).
    Removing sx1276-fsk.o(i.SX1276FskReadFei), (52 bytes).
    Removing sx1276-fsk.o(i.SX1276FskReadRssi), (44 bytes).
    Removing sx1276-fsk.o(i.SX1276FskReadRxGain), (28 bytes).
    Removing sx1276-fsk.o(i.SX1276FskSetDefaults), (16 bytes).
    Removing sx1276-fsk.o(i.SX1276FskSetOpMode), (60 bytes).
    Removing sx1276-fsk.o(i.SX1276FskSetRFState), (12 bytes).
    Removing sx1276-fsk.o(i.SX1276FskSetTxPacket), (32 bytes).
    Removing sx1276-fsk.o(i.SX1276FskStartRx), (12 bytes).
    Removing sx1276-fsk.o(.bss), (256 bytes).
    Removing sx1276-fsk.o(.data), (84 bytes).
    Removing sx1276-fskmisc.o(i.SX1276FskCalibreateTemp), (14 bytes).
    Removing sx1276-fskmisc.o(i.SX1276FskComputeRxBw), (68 bytes).
    Removing sx1276-fskmisc.o(i.SX1276FskComputeRxBwMantExp), (164 bytes).
    Removing sx1276-fskmisc.o(i.SX1276FskGetAfcOn), (36 bytes).
    Removing sx1276-fskmisc.o(i.SX1276FskGetBitrate), (64 bytes).
    Removing sx1276-fskmisc.o(i.SX1276FskGetBw), (72 bytes).
    Removing sx1276-fskmisc.o(i.SX1276FskGetFdev), (60 bytes).
    Removing sx1276-fskmisc.o(i.SX1276FskGetPAOutput), (28 bytes).
    Removing sx1276-fskmisc.o(i.SX1276FskGetPa20dBm), (40 bytes).
    Removing sx1276-fskmisc.o(i.SX1276FskGetPaRamp), (28 bytes).
    Removing sx1276-fskmisc.o(i.SX1276FskGetPacketCrcOn), (40 bytes).
    Removing sx1276-fskmisc.o(i.SX1276FskGetPayloadLength), (36 bytes).
    Removing sx1276-fskmisc.o(i.SX1276FskGetRFFrequency), (68 bytes).
    Removing sx1276-fskmisc.o(i.SX1276FskGetRFPower), (76 bytes).
    Removing sx1276-fskmisc.o(i.SX1276FskGetRawTemp), (144 bytes).
    Removing sx1276-fskmisc.o(i.SX1276FskGetRssiOffset), (40 bytes).
    Removing sx1276-fskmisc.o(i.SX1276FskGetTemp), (14 bytes).
    Removing sx1276-fskmisc.o(i.SX1276FskRxCalibrate), (116 bytes).
    Removing sx1276-fskmisc.o(i.SX1276FskSetAfcOn), (52 bytes).
    Removing sx1276-fskmisc.o(i.SX1276FskSetBitrate), (64 bytes).
    Removing sx1276-fskmisc.o(i.SX1276FskSetDccBw), (148 bytes).
    Removing sx1276-fskmisc.o(i.SX1276FskSetFdev), (84 bytes).
    Removing sx1276-fskmisc.o(i.SX1276FskSetPAOutput), (44 bytes).
    Removing sx1276-fskmisc.o(i.SX1276FskSetPa20dBm), (68 bytes).
    Removing sx1276-fskmisc.o(i.SX1276FskSetPaRamp), (48 bytes).
    Removing sx1276-fskmisc.o(i.SX1276FskSetPacketCrcOn), (52 bytes).
    Removing sx1276-fskmisc.o(i.SX1276FskSetPayloadLength), (36 bytes).
    Removing sx1276-fskmisc.o(i.SX1276FskSetRFFrequency), (64 bytes).
    Removing sx1276-fskmisc.o(i.SX1276FskSetRFPower), (156 bytes).
    Removing sx1276-fskmisc.o(i.SX1276FskSetRssiOffset), (56 bytes).
    Removing fifo.o(i.FifoFlush), (8 bytes).
    Removing fifo.o(i.FifoInit), (12 bytes).
    Removing fifo.o(i.FifoNext), (16 bytes).
    Removing fifo.o(i.FifoPop), (30 bytes).
    Removing fifo.o(i.FifoPush), (22 bytes).
    Removing fifo.o(i.IsFifoEmpty), (16 bytes).
    Removing fifo.o(i.IsFifoFull), (24 bytes).
    Removing spi.o(i.SpiInOut), (52 bytes).
    Removing sx1276-hal.o(i.SX1276InitIo), (164 bytes).
    Removing sx1276-hal.o(i.SX1276Read), (6 bytes).
    Removing sx1276-hal.o(i.SX1276ReadBuffer), (68 bytes).
    Removing sx1276-hal.o(i.SX1276ReadDio0), (12 bytes).
    Removing sx1276-hal.o(i.SX1276ReadDio1), (16 bytes).
    Removing sx1276-hal.o(i.SX1276ReadDio2), (16 bytes).
    Removing sx1276-hal.o(i.SX1276ReadDio3), (16 bytes).
    Removing sx1276-hal.o(i.SX1276ReadDio4), (16 bytes).
    Removing sx1276-hal.o(i.SX1276ReadDio5), (12 bytes).
    Removing sx1276-hal.o(i.SX1276ReadFifo), (10 bytes).
    Removing sx1276-hal.o(i.SX1276SetReset), (24 bytes).
    Removing sx1276-hal.o(i.SX1276Write), (12 bytes).
    Removing sx1276-hal.o(i.SX1276WriteBuffer), (68 bytes).
    Removing sx1276-hal.o(i.SX1276WriteFifo), (10 bytes).
    Removing sx12xxeiger.o(i.BoardInit), (60 bytes).
    Removing sx12xxeiger.o(i.Delay), (20 bytes).
    Removing sx12xxeiger.o(i.LongDelay), (24 bytes).
    Removing sx12xxeiger.o(.data), (4 bytes).
    Removing fdiv.o(.text), (124 bytes).
    Removing fscalb.o(.text), (24 bytes).
    Removing ffltui.o(.text), (10 bytes).
    Removing dfixui.o(.text), (50 bytes).
    Removing drnd.o(.text), (136 bytes).
    Removing dsqrt.o(.text), (162 bytes).

313 unused section(s) (total 14695 bytes) removed from the image.

==============================================================================

Image Symbol Table

    Local Symbols

    Symbol Name                              Value     Ov Type        Size  Object(Section)

    ../clib/microlib/division.c              0x00000000   Number         0  uidiv.o ABSOLUTE
    ../clib/microlib/division.c              0x00000000   Number         0  uldiv.o ABSOLUTE
    ../clib/microlib/errno.c                 0x00000000   Number         0  errno.o ABSOLUTE
    ../clib/microlib/init/entry.s            0x00000000   Number         0  entry11b.o ABSOLUTE
    ../clib/microlib/init/entry.s            0x00000000   Number         0  entry8a.o ABSOLUTE
    ../clib/microlib/init/entry.s            0x00000000   Number         0  entry7b.o ABSOLUTE
    ../clib/microlib/init/entry.s            0x00000000   Number         0  entry5.o ABSOLUTE
    ../clib/microlib/init/entry.s            0x00000000   Number         0  entry2.o ABSOLUTE
    ../clib/microlib/init/entry.s            0x00000000   Number         0  entry9b.o ABSOLUTE
    ../clib/microlib/init/entry.s            0x00000000   Number         0  entry7a.o ABSOLUTE
    ../clib/microlib/init/entry.s            0x00000000   Number         0  entry11a.o ABSOLUTE
    ../clib/microlib/init/entry.s            0x00000000   Number         0  entry10b.o ABSOLUTE
    ../clib/microlib/init/entry.s            0x00000000   Number         0  entry10a.o ABSOLUTE
    ../clib/microlib/init/entry.s            0x00000000   Number         0  entry9a.o ABSOLUTE
    ../clib/microlib/init/entry.s            0x00000000   Number         0  entry8b.o ABSOLUTE
    ../clib/microlib/init/entry.s            0x00000000   Number         0  entry.o ABSOLUTE
    ../clib/microlib/longlong.c              0x00000000   Number         0  llsshr.o ABSOLUTE
    ../clib/microlib/longlong.c              0x00000000   Number         0  llushr.o ABSOLUTE
    ../clib/microlib/longlong.c              0x00000000   Number         0  llshl.o ABSOLUTE
    ../clib/microlib/printf/printf.c         0x00000000   Number         0  printfa.o ABSOLUTE
    ../clib/microlib/printf/printf.c         0x00000000   Number         0  printfb.o ABSOLUTE
    ../clib/microlib/printf/printf.c         0x00000000   Number         0  printf0.o ABSOLUTE
    ../clib/microlib/printf/printf.c         0x00000000   Number         0  printf2.o ABSOLUTE
    ../clib/microlib/printf/printf.c         0x00000000   Number         0  printf3.o ABSOLUTE
    ../clib/microlib/printf/printf.c         0x00000000   Number         0  printf4.o ABSOLUTE
    ../clib/microlib/printf/printf.c         0x00000000   Number         0  printf5.o ABSOLUTE
    ../clib/microlib/printf/printf.c         0x00000000   Number         0  printf1.o ABSOLUTE
    ../clib/microlib/printf/printf.c         0x00000000   Number         0  printf6.o ABSOLUTE
    ../clib/microlib/printf/printf.c         0x00000000   Number         0  printf7.o ABSOLUTE
    ../clib/microlib/printf/printf.c         0x00000000   Number         0  printf8.o ABSOLUTE
    ../clib/microlib/printf/stubs.s          0x00000000   Number         0  stubs.o ABSOLUTE
    ../clib/microlib/string/memcpy.c         0x00000000   Number         0  memcpya.o ABSOLUTE
    ../clib/microlib/string/memcpy.c         0x00000000   Number         0  memcpyb.o ABSOLUTE
    ../clib/microlib/string/memset.c         0x00000000   Number         0  memseta.o ABSOLUTE
    ../clib/microlib/stubs.s                 0x00000000   Number         0  useno.o ABSOLUTE
    ../clib/microlib/stubs.s                 0x00000000   Number         0  iusefp.o ABSOLUTE
    ../fplib/microlib/d2f.c                  0x00000000   Number         0  d2f.o ABSOLUTE
    ../fplib/microlib/f2d.c                  0x00000000   Number         0  f2d.o ABSOLUTE
    ../fplib/microlib/fpadd.c                0x00000000   Number         0  dadd.o ABSOLUTE
    ../fplib/microlib/fpdiv.c                0x00000000   Number         0  ddiv.o ABSOLUTE
    ../fplib/microlib/fpdiv.c                0x00000000   Number         0  fdiv.o ABSOLUTE
    ../fplib/microlib/fpepilogue.c           0x00000000   Number         0  depilogue.o ABSOLUTE
    ../fplib/microlib/fpepilogue.c           0x00000000   Number         0  fepilogue.o ABSOLUTE
    ../fplib/microlib/fpfix.c                0x00000000   Number         0  dfixi.o ABSOLUTE
    ../fplib/microlib/fpfix.c                0x00000000   Number         0  dfixui.o ABSOLUTE
    ../fplib/microlib/fpfix.c                0x00000000   Number         0  dfixul.o ABSOLUTE
    ../fplib/microlib/fpflt.c                0x00000000   Number         0  ffltui.o ABSOLUTE
    ../fplib/microlib/fpflt.c                0x00000000   Number         0  dfltui.o ABSOLUTE
    ../fplib/microlib/fpflt.c                0x00000000   Number         0  dflti.o ABSOLUTE
    ../fplib/microlib/fpmul.c                0x00000000   Number         0  dmul.o ABSOLUTE
    ../fplib/microlib/fprnd.c                0x00000000   Number         0  drnd.o ABSOLUTE
    ../fplib/microlib/fpscalb.c              0x00000000   Number         0  dscalb.o ABSOLUTE
    ../fplib/microlib/fpscalb.c              0x00000000   Number         0  fscalb.o ABSOLUTE
    ../fplib/microlib/fpsqrt.c               0x00000000   Number         0  dsqrt.o ABSOLUTE
    ../mathlib/dunder.c                      0x00000000   Number         0  dunder.o ABSOLUTE
    ../mathlib/fpclassify.c                  0x00000000   Number         0  fpclassify.o ABSOLUTE
    ../mathlib/poly.c                        0x00000000   Number         0  poly.o ABSOLUTE
    ../mathlib/pow.c                         0x00000000   Number         0  pow_x.o ABSOLUTE
    ../mathlib/pow.c                         0x00000000   Number         0  pow.o ABSOLUTE
    ../mathlib/qnan.c                        0x00000000   Number         0  qnan.o ABSOLUTE
    ../mathlib/round.c                       0x00000000   Number         0  round.o ABSOLUTE
    ../mathlib/sqrt.c                        0x00000000   Number         0  sqrt.o ABSOLUTE
    ../mathlib/sqrt.c                        0x00000000   Number         0  sqrt_x.o ABSOLUTE
    ..\BSP_USER\ADC\adc.c                    0x00000000   Number         0  adc.o ABSOLUTE
    ..\BSP_USER\BH1750\bh1750.c              0x00000000   Number         0  bh1750.o ABSOLUTE
    ..\BSP_USER\BME280\bme280.c              0x00000000   Number         0  bme280.o ABSOLUTE
    ..\BSP_USER\BME280\bme280_app.c          0x00000000   Number         0  bme280_app.o ABSOLUTE
    ..\BSP_USER\IIC\myiic.c                  0x00000000   Number         0  myiic.o ABSOLUTE
    ..\BSP_USER\IIC_2\my_iic2.c              0x00000000   Number         0  my_iic2.o ABSOLUTE
    ..\BSP_USER\LED\led.c                    0x00000000   Number         0  led.o ABSOLUTE
    ..\CORE\core_cm3.c                       0x00000000   Number         0  core_cm3.o ABSOLUTE
    ..\CORE\startup_stm32f10x_hd.s           0x00000000   Number         0  startup_stm32f10x_hd.o ABSOLUTE
    ..\Common\delay.c                        0x00000000   Number         0  delay.o ABSOLUTE
    ..\Common\sys.c                          0x00000000   Number         0  sys.o ABSOLUTE
    ..\Common\usart1.c                       0x00000000   Number         0  usart1.o ABSOLUTE
    ..\STM32F1_LIB\src\misc.c                0x00000000   Number         0  misc.o ABSOLUTE
    ..\STM32F1_LIB\src\stm32f10x_adc.c       0x00000000   Number         0  stm32f10x_adc.o ABSOLUTE
    ..\STM32F1_LIB\src\stm32f10x_exti.c      0x00000000   Number         0  stm32f10x_exti.o ABSOLUTE
    ..\STM32F1_LIB\src\stm32f10x_gpio.c      0x00000000   Number         0  stm32f10x_gpio.o ABSOLUTE
    ..\STM32F1_LIB\src\stm32f10x_rcc.c       0x00000000   Number         0  stm32f10x_rcc.o ABSOLUTE
    ..\STM32F1_LIB\src\stm32f10x_spi.c       0x00000000   Number         0  stm32f10x_spi.o ABSOLUTE
    ..\STM32F1_LIB\src\stm32f10x_usart.c     0x00000000   Number         0  stm32f10x_usart.o ABSOLUTE
    ..\SX1278\lora_network_node.c            0x00000000   Number         0  lora_network_node.o ABSOLUTE
    ..\SX1278\platform\sx12xxEiger\fifo.c    0x00000000   Number         0  fifo.o ABSOLUTE
    ..\SX1278\platform\sx12xxEiger\spi.c     0x00000000   Number         0  spi.o ABSOLUTE
    ..\SX1278\platform\sx12xxEiger\sx1276-Hal.c 0x00000000   Number         0  sx1276-hal.o ABSOLUTE
    ..\SX1278\platform\sx12xxEiger\sx12xxEiger.c 0x00000000   Number         0  sx12xxeiger.o ABSOLUTE
    ..\SX1278\radio\radio.c                  0x00000000   Number         0  radio.o ABSOLUTE
    ..\SX1278\radio\sx1276-Fsk.c             0x00000000   Number         0  sx1276-fsk.o ABSOLUTE
    ..\SX1278\radio\sx1276-FskMisc.c         0x00000000   Number         0  sx1276-fskmisc.o ABSOLUTE
    ..\SX1278\radio\sx1276-LoRa.c            0x00000000   Number         0  sx1276-lora.o ABSOLUTE
    ..\SX1278\radio\sx1276-LoRaMisc.c        0x00000000   Number         0  sx1276-loramisc.o ABSOLUTE
    ..\SX1278\radio\sx1276.c                 0x00000000   Number         0  sx1276.o ABSOLUTE
    ..\SYSTEM\main.c                         0x00000000   Number         0  main.o ABSOLUTE
    ..\SYSTEM\stm32f10x_it.c                 0x00000000   Number         0  stm32f10x_it.o ABSOLUTE
    ..\SYSTEM\system_stm32f10x.c             0x00000000   Number         0  system_stm32f10x.o ABSOLUTE
    ..\\CORE\\core_cm3.c                     0x00000000   Number         0  core_cm3.o ABSOLUTE
    ..\\Common\\sys.c                        0x00000000   Number         0  sys.o ABSOLUTE
    cdcmple.s                                0x00000000   Number         0  cdcmple.o ABSOLUTE
    cdrcmple.s                               0x00000000   Number         0  cdrcmple.o ABSOLUTE
    dc.s                                     0x00000000   Number         0  dc.o ABSOLUTE
    handlers.s                               0x00000000   Number         0  handlers.o ABSOLUTE
    init.s                                   0x00000000   Number         0  init.o ABSOLUTE
    RESET                                    0x08000000   Section      304  startup_stm32f10x_hd.o(RESET)
    .ARM.Collect$$$$00000000                 0x08000130   Section        0  entry.o(.ARM.Collect$$$$00000000)
    .ARM.Collect$$$$00000001                 0x08000130   Section        4  entry2.o(.ARM.Collect$$$$00000001)
    .ARM.Collect$$$$00000004                 0x08000134   Section        4  entry5.o(.ARM.Collect$$$$00000004)
    .ARM.Collect$$$$00000008                 0x08000138   Section        0  entry7b.o(.ARM.Collect$$$$00000008)
    .ARM.Collect$$$$0000000A                 0x08000138   Section        0  entry8b.o(.ARM.Collect$$$$0000000A)
    .ARM.Collect$$$$0000000B                 0x08000138   Section        8  entry9a.o(.ARM.Collect$$$$0000000B)
    .ARM.Collect$$$$0000000D                 0x08000140   Section        0  entry10a.o(.ARM.Collect$$$$0000000D)
    .ARM.Collect$$$$0000000F                 0x08000140   Section        0  entry11a.o(.ARM.Collect$$$$0000000F)
    .ARM.Collect$$$$00002712                 0x08000140   Section        4  entry2.o(.ARM.Collect$$$$00002712)
    __lit__00000000                          0x08000140   Data           4  entry2.o(.ARM.Collect$$$$00002712)
    .text                                    0x08000144   Section       36  startup_stm32f10x_hd.o(.text)
    .text                                    0x08000168   Section        0  memseta.o(.text)
    .text                                    0x0800018c   Section        0  dadd.o(.text)
    .text                                    0x080002da   Section        0  dmul.o(.text)
    .text                                    0x080003be   Section        0  ddiv.o(.text)
    .text                                    0x0800049c   Section        0  dscalb.o(.text)
    .text                                    0x080004ca   Section        0  dflti.o(.text)
    .text                                    0x080004ec   Section        0  dfltui.o(.text)
    .text                                    0x08000506   Section        0  dfixi.o(.text)
    .text                                    0x08000544   Section        0  f2d.o(.text)
    .text                                    0x0800056c   Section       48  cdcmple.o(.text)
    .text                                    0x0800059c   Section       48  cdrcmple.o(.text)
    .text                                    0x080005cc   Section        0  d2f.o(.text)
    .text                                    0x08000604   Section        0  uidiv.o(.text)
    .text                                    0x08000630   Section        0  uldiv.o(.text)
    .text                                    0x08000692   Section        0  llshl.o(.text)
    .text                                    0x080006b0   Section        0  llushr.o(.text)
    .text                                    0x080006d0   Section        0  llsshr.o(.text)
    .text                                    0x080006f4   Section        0  fepilogue.o(.text)
    .text                                    0x080006f4   Section        0  iusefp.o(.text)
    .text                                    0x08000762   Section        0  depilogue.o(.text)
    .text                                    0x0800081c   Section        0  dfixul.o(.text)
    .text                                    0x0800084c   Section       36  init.o(.text)
    i.ADC_Cmd                                0x08000870   Section        0  stm32f10x_adc.o(i.ADC_Cmd)
    i.ADC_DeInit                             0x08000884   Section        0  stm32f10x_adc.o(i.ADC_DeInit)
    i.ADC_GetCalibrationStatus               0x080008c8   Section        0  stm32f10x_adc.o(i.ADC_GetCalibrationStatus)
    i.ADC_GetResetCalibrationStatus          0x080008d6   Section        0  stm32f10x_adc.o(i.ADC_GetResetCalibrationStatus)
    i.ADC_Init                               0x080008e4   Section        0  stm32f10x_adc.o(i.ADC_Init)
    i.ADC_ResetCalibration                   0x0800092c   Section        0  stm32f10x_adc.o(i.ADC_ResetCalibration)
    i.ADC_StartCalibration                   0x08000936   Section        0  stm32f10x_adc.o(i.ADC_StartCalibration)
    i.Adc_Init                               0x08000940   Section        0  adc.o(i.Adc_Init)
    i.BH1750_Init                            0x08000a04   Section        0  bh1750.o(i.BH1750_Init)
    i.BH1750_ReadData                        0x08000a4c   Section        0  bh1750.o(i.BH1750_ReadData)
    i.BH1750_ReadRealData                    0x08000aa4   Section        0  bh1750.o(i.BH1750_ReadRealData)
    i.BH1750_SetMode                         0x08000ac4   Section        0  bh1750.o(i.BH1750_SetMode)
    i.BME280_Init                            0x08000af0   Section        0  bme280_app.o(i.BME280_Init)
    i.BusFault_Handler                       0x08000b5c   Section        0  stm32f10x_it.o(i.BusFault_Handler)
    i.DebugMon_Handler                       0x08000b5e   Section        0  stm32f10x_it.o(i.DebugMon_Handler)
    i.GPIO_Init                              0x08000b60   Section        0  stm32f10x_gpio.o(i.GPIO_Init)
    i.GPIO_PinRemapConfig                    0x08000c04   Section        0  stm32f10x_gpio.o(i.GPIO_PinRemapConfig)
    i.GPIO_ResetBits                         0x08000c5c   Section        0  stm32f10x_gpio.o(i.GPIO_ResetBits)
    i.GPIO_SetBits                           0x08000c60   Section        0  stm32f10x_gpio.o(i.GPIO_SetBits)
    i.HardFault_Handler                      0x08000c64   Section        0  stm32f10x_it.o(i.HardFault_Handler)
    i.IIC2_Ack                               0x08000c68   Section        0  my_iic2.o(i.IIC2_Ack)
    i.IIC2_Init                              0x08000ca8   Section        0  my_iic2.o(i.IIC2_Init)
    i.IIC2_NAck                              0x08000ce0   Section        0  my_iic2.o(i.IIC2_NAck)
    i.IIC2_Read_Byte                         0x08000d20   Section        0  my_iic2.o(i.IIC2_Read_Byte)
    i.IIC2_Read_nByte                        0x08000d8c   Section        0  my_iic2.o(i.IIC2_Read_nByte)
    i.IIC2_Send_Byte                         0x08000df4   Section        0  my_iic2.o(i.IIC2_Send_Byte)
    i.IIC2_Start                             0x08000e5c   Section        0  my_iic2.o(i.IIC2_Start)
    i.IIC2_Stop                              0x08000e9c   Section        0  my_iic2.o(i.IIC2_Stop)
    i.IIC2_Wait_Ack                          0x08000edc   Section        0  my_iic2.o(i.IIC2_Wait_Ack)
    i.IIC2_Write_nByte                       0x08000f50   Section        0  my_iic2.o(i.IIC2_Write_nByte)
    i.IIC_Ack                                0x08000f9c   Section        0  myiic.o(i.IIC_Ack)
    i.IIC_Init                               0x08000fdc   Section        0  myiic.o(i.IIC_Init)
    i.IIC_NAck                               0x0800101c   Section        0  myiic.o(i.IIC_NAck)
    i.IIC_Read_Byte                          0x0800105c   Section        0  myiic.o(i.IIC_Read_Byte)
    i.IIC_Send_Byte                          0x080010c8   Section        0  myiic.o(i.IIC_Send_Byte)
    i.IIC_Start                              0x08001130   Section        0  myiic.o(i.IIC_Start)
    i.IIC_Stop                               0x08001170   Section        0  myiic.o(i.IIC_Stop)
    i.IIC_Wait_Ack                           0x080011b4   Section        0  myiic.o(i.IIC_Wait_Ack)
    i.LED_Init                               0x0800120c   Section        0  led.o(i.LED_Init)
    i.MemManage_Handler                      0x08001264   Section        0  stm32f10x_it.o(i.MemManage_Handler)
    i.NMI_Handler                            0x08001266   Section        0  stm32f10x_it.o(i.NMI_Handler)
    i.NVIC_Init                              0x08001268   Section        0  misc.o(i.NVIC_Init)
    i.NVIC_PriorityGroupConfig               0x080012cc   Section        0  misc.o(i.NVIC_PriorityGroupConfig)
    i.PendSV_Handler                         0x080012e0   Section        0  stm32f10x_it.o(i.PendSV_Handler)
    i.RCC_ADCCLKConfig                       0x080012e4   Section        0  stm32f10x_rcc.o(i.RCC_ADCCLKConfig)
    i.RCC_APB2PeriphClockCmd                 0x080012f8   Section        0  stm32f10x_rcc.o(i.RCC_APB2PeriphClockCmd)
    i.RCC_APB2PeriphResetCmd                 0x08001310   Section        0  stm32f10x_rcc.o(i.RCC_APB2PeriphResetCmd)
    i.RCC_GetClocksFreq                      0x08001328   Section        0  stm32f10x_rcc.o(i.RCC_GetClocksFreq)
    i.SPI_Cmd                                0x080013b8   Section        0  stm32f10x_spi.o(i.SPI_Cmd)
    i.SPI_Init                               0x080013cc   Section        0  stm32f10x_spi.o(i.SPI_Init)
    i.SVC_Handler                            0x08001404   Section        0  stm32f10x_it.o(i.SVC_Handler)
    i.SetSysClockTo72                        0x08001408   Section        0  system_stm32f10x.o(i.SetSysClockTo72)
    SetSysClockTo72                          0x08001409   Thumb Code   160  system_stm32f10x.o(i.SetSysClockTo72)
    i.SpiInit                                0x080014b0   Section        0  spi.o(i.SpiInit)
    i.SysTick_CLKSourceConfig                0x08001554   Section        0  misc.o(i.SysTick_CLKSourceConfig)
    i.SysTick_Handler                        0x0800156c   Section        0  stm32f10x_it.o(i.SysTick_Handler)
    i.SystemInit                             0x08001570   Section        0  system_stm32f10x.o(i.SystemInit)
    i.USART1_IRQHandler                      0x080015c0   Section        0  usart1.o(i.USART1_IRQHandler)
    i.USART_Cmd                              0x08001624   Section        0  stm32f10x_usart.o(i.USART_Cmd)
    i.USART_GetITStatus                      0x08001638   Section        0  stm32f10x_usart.o(i.USART_GetITStatus)
    i.USART_ITConfig                         0x08001676   Section        0  stm32f10x_usart.o(i.USART_ITConfig)
    i.USART_Init                             0x080016a8   Section        0  stm32f10x_usart.o(i.USART_Init)
    i.USART_ReceiveData                      0x08001754   Section        0  stm32f10x_usart.o(i.USART_ReceiveData)
    i.UsageFault_Handler                     0x0800175c   Section        0  stm32f10x_it.o(i.UsageFault_Handler)
    i.__0printf                              0x08001760   Section        0  printfa.o(i.__0printf)
    i.__scatterload_copy                     0x08001780   Section       14  handlers.o(i.__scatterload_copy)
    i.__scatterload_null                     0x0800178e   Section        2  handlers.o(i.__scatterload_null)
    i.__scatterload_zeroinit                 0x08001790   Section       14  handlers.o(i.__scatterload_zeroinit)
    i._fp_digits                             0x080017a0   Section        0  printfa.o(i._fp_digits)
    _fp_digits                               0x080017a1   Thumb Code   366  printfa.o(i._fp_digits)
    i._printf_core                           0x08001924   Section        0  printfa.o(i._printf_core)
    _printf_core                             0x08001925   Thumb Code  1744  printfa.o(i._printf_core)
    i._printf_post_padding                   0x08002000   Section        0  printfa.o(i._printf_post_padding)
    _printf_post_padding                     0x08002001   Thumb Code    36  printfa.o(i._printf_post_padding)
    i._printf_pre_padding                    0x08002024   Section        0  printfa.o(i._printf_pre_padding)
    _printf_pre_padding                      0x08002025   Thumb Code    46  printfa.o(i._printf_pre_padding)
    i.are_settings_changed                   0x08002052   Section        0  bme280.o(i.are_settings_changed)
    are_settings_changed                     0x08002053   Thumb Code    12  bme280.o(i.are_settings_changed)
    i.bme280_compensate_data                 0x0800205e   Section        0  bme280.o(i.bme280_compensate_data)
    i.bme280_get_regs                        0x080020c0   Section        0  bme280.o(i.bme280_get_regs)
    i.bme280_get_sensor_data                 0x080020f8   Section        0  bme280.o(i.bme280_get_sensor_data)
    i.bme280_get_sensor_mode                 0x08002148   Section        0  bme280.o(i.bme280_get_sensor_mode)
    i.bme280_init                            0x0800216e   Section        0  bme280.o(i.bme280_init)
    i.bme280_parse_sensor_data               0x080021c4   Section        0  bme280.o(i.bme280_parse_sensor_data)
    i.bme280_set_regs                        0x080021f6   Section        0  bme280.o(i.bme280_set_regs)
    i.bme280_set_sensor_mode                 0x0800228c   Section        0  bme280.o(i.bme280_set_sensor_mode)
    i.bme280_set_sensor_settings             0x080022e6   Section        0  bme280.o(i.bme280_set_sensor_settings)
    i.bme280_soft_reset                      0x08002348   Section        0  bme280.o(i.bme280_soft_reset)
    i.compensate_humidity                    0x0800237c   Section        0  bme280.o(i.compensate_humidity)
    compensate_humidity                      0x0800237d   Thumb Code   328  bme280.o(i.compensate_humidity)
    i.compensate_pressure                    0x080024d0   Section        0  bme280.o(i.compensate_pressure)
    compensate_pressure                      0x080024d1   Thumb Code   512  bme280.o(i.compensate_pressure)
    i.compensate_temperature                 0x080026e8   Section        0  bme280.o(i.compensate_temperature)
    compensate_temperature                   0x080026e9   Thumb Code   252  bme280.o(i.compensate_temperature)
    i.delay_init                             0x080027f0   Section        0  delay.o(i.delay_init)
    i.delay_ms                               0x0800282c   Section        0  delay.o(i.delay_ms)
    i.delay_us                               0x08002860   Section        0  delay.o(i.delay_us)
    i.fputc                                  0x08002894   Section        0  usart1.o(i.fputc)
    i.get_calib_data                         0x080028ac   Section        0  bme280.o(i.get_calib_data)
    get_calib_data                           0x080028ad   Thumb Code   190  bme280.o(i.get_calib_data)
    i.main                                   0x0800296c   Section        0  main.o(i.main)
    i.null_ptr_check                         0x08002a0c   Section        0  bme280.o(i.null_ptr_check)
    null_ptr_check                           0x08002a0d   Thumb Code    24  bme280.o(i.null_ptr_check)
    i.parse_device_settings                  0x08002a24   Section        0  bme280.o(i.parse_device_settings)
    parse_device_settings                    0x08002a25   Thumb Code    38  bme280.o(i.parse_device_settings)
    i.print_sensor_data                      0x08002a4c   Section        0  bme280_app.o(i.print_sensor_data)
    i.put_device_to_sleep                    0x08002a84   Section        0  bme280.o(i.put_device_to_sleep)
    put_device_to_sleep                      0x08002a85   Thumb Code    66  bme280.o(i.put_device_to_sleep)
    i.set_filter_standby_settings            0x08002ac6   Section        0  bme280.o(i.set_filter_standby_settings)
    set_filter_standby_settings              0x08002ac7   Thumb Code    78  bme280.o(i.set_filter_standby_settings)
    i.set_osr_settings                       0x08002b14   Section        0  bme280.o(i.set_osr_settings)
    set_osr_settings                         0x08002b15   Thumb Code   152  bme280.o(i.set_osr_settings)
    i.set_sensor_data_normal_mode            0x08002bac   Section        0  bme280_app.o(i.set_sensor_data_normal_mode)
    i.uart_init                              0x08002be0   Section        0  usart1.o(i.uart_init)
    i.user_i2c_read                          0x08002c80   Section        0  my_iic2.o(i.user_i2c_read)
    i.user_i2c_write                         0x08002c90   Section        0  my_iic2.o(i.user_i2c_write)
    .data                                    0x20000000   Section       20  system_stm32f10x.o(.data)
    .data                                    0x20000014   Section        4  delay.o(.data)
    fac_us                                   0x20000014   Data           1  delay.o(.data)
    fac_ms                                   0x20000016   Data           2  delay.o(.data)
    .data                                    0x20000018   Section        2  usart1.o(.data)
    .data                                    0x2000001c   Section        4  usart1.o(.data)
    .data                                    0x20000020   Section       20  stm32f10x_rcc.o(.data)
    ADCPrescTable                            0x20000020   Data           4  stm32f10x_rcc.o(.data)
    APBAHBPrescTable                         0x20000024   Data          16  stm32f10x_rcc.o(.data)
    .bss                                     0x20000034   Section       64  bme280_app.o(.bss)
    .bss                                     0x20000074   Section      200  usart1.o(.bss)
    STACK                                    0x20000140   Section     1024  startup_stm32f10x_hd.o(STACK)

    Global Symbols

    Symbol Name                              Value     Ov Type        Size  Object(Section)

    BuildAttributes$$THM_ISAv4$P$D$K$B$S$PE$A:L22UL41UL21$X:L11$S22US41US21$IEEE1$IW$USESV6$~STKCKD$USESV7$~SHL$OTIME$ROPI$IEEEX$EBA8$MICROLIB$REQ8$PRES8$EABIv2 0x00000000   Number         0  anon$$obj.o ABSOLUTE
    __ARM_use_no_argv                        0x00000000   Number         0  main.o ABSOLUTE
    __use_no_errno                           0x00000000   Number         0  useno.o ABSOLUTE
    __use_no_exception_handling              0x00000000   Number         0  useno.o ABSOLUTE
    __use_no_fp                              0x00000000   Number         0  useno.o ABSOLUTE
    __use_no_heap                            0x00000000   Number         0  useno.o ABSOLUTE
    __use_no_heap_region                     0x00000000   Number         0  useno.o ABSOLUTE
    __use_no_semihosting                     0x00000000   Number         0  useno.o ABSOLUTE
    __use_no_semihosting_swi                 0x00000000   Number         0  useno.o ABSOLUTE
    __use_no_signal_handling                 0x00000000   Number         0  useno.o ABSOLUTE
    _printf_a                                0x00000000   Number         0  stubs.o ABSOLUTE
    _printf_c                                0x00000000   Number         0  stubs.o ABSOLUTE
    _printf_charcount                        0x00000000   Number         0  stubs.o ABSOLUTE
    _printf_d                                0x00000000   Number         0  stubs.o ABSOLUTE
    _printf_e                                0x00000000   Number         0  stubs.o ABSOLUTE
    _printf_f                                0x00000000   Number         0  stubs.o ABSOLUTE
    _printf_flags                            0x00000000   Number         0  stubs.o ABSOLUTE
    _printf_fp_dec                           0x00000000   Number         0  stubs.o ABSOLUTE
    _printf_fp_hex                           0x00000000   Number         0  stubs.o ABSOLUTE
    _printf_g                                0x00000000   Number         0  stubs.o ABSOLUTE
    _printf_i                                0x00000000   Number         0  stubs.o ABSOLUTE
    _printf_int_dec                          0x00000000   Number         0  stubs.o ABSOLUTE
    _printf_l                                0x00000000   Number         0  stubs.o ABSOLUTE
    _printf_lc                               0x00000000   Number         0  stubs.o ABSOLUTE
    _printf_ll                               0x00000000   Number         0  stubs.o ABSOLUTE
    _printf_lld                              0x00000000   Number         0  stubs.o ABSOLUTE
    _printf_lli                              0x00000000   Number         0  stubs.o ABSOLUTE
    _printf_llo                              0x00000000   Number         0  stubs.o ABSOLUTE
    _printf_llu                              0x00000000   Number         0  stubs.o ABSOLUTE
    _printf_llx                              0x00000000   Number         0  stubs.o ABSOLUTE
    _printf_longlong_dec                     0x00000000   Number         0  stubs.o ABSOLUTE
    _printf_longlong_hex                     0x00000000   Number         0  stubs.o ABSOLUTE
    _printf_longlong_oct                     0x00000000   Number         0  stubs.o ABSOLUTE
    _printf_ls                               0x00000000   Number         0  stubs.o ABSOLUTE
    _printf_mbtowc                           0x00000000   Number         0  stubs.o ABSOLUTE
    _printf_n                                0x00000000   Number         0  stubs.o ABSOLUTE
    _printf_o                                0x00000000   Number         0  stubs.o ABSOLUTE
    _printf_p                                0x00000000   Number         0  stubs.o ABSOLUTE
    _printf_percent                          0x00000000   Number         0  stubs.o ABSOLUTE
    _printf_pre_padding                      0x00000000   Number         0  stubs.o ABSOLUTE
    _printf_return_value                     0x00000000   Number         0  stubs.o ABSOLUTE
    _printf_s                                0x00000000   Number         0  stubs.o ABSOLUTE
    _printf_sizespec                         0x00000000   Number         0  stubs.o ABSOLUTE
    _printf_str                              0x00000000   Number         0  stubs.o ABSOLUTE
    _printf_truncate_signed                  0x00000000   Number         0  stubs.o ABSOLUTE
    _printf_truncate_unsigned                0x00000000   Number         0  stubs.o ABSOLUTE
    _printf_u                                0x00000000   Number         0  stubs.o ABSOLUTE
    _printf_wc                               0x00000000   Number         0  stubs.o ABSOLUTE
    _printf_wctomb                           0x00000000   Number         0  stubs.o ABSOLUTE
    _printf_widthprec                        0x00000000   Number         0  stubs.o ABSOLUTE
    _printf_x                                0x00000000   Number         0  stubs.o ABSOLUTE
    __cpp_initialize__aeabi_                  - Undefined Weak Reference
    __cxa_finalize                            - Undefined Weak Reference
    __decompress                              - Undefined Weak Reference
    _clock_init                               - Undefined Weak Reference
    _microlib_exit                            - Undefined Weak Reference
    __Vectors_Size                           0x00000130   Number         0  startup_stm32f10x_hd.o ABSOLUTE
    __Vectors                                0x08000000   Data           4  startup_stm32f10x_hd.o(RESET)
    __Vectors_End                            0x08000130   Data           0  startup_stm32f10x_hd.o(RESET)
    __main                                   0x08000131   Thumb Code     0  entry.o(.ARM.Collect$$$$00000000)
    _main_stk                                0x08000131   Thumb Code     0  entry2.o(.ARM.Collect$$$$00000001)
    _main_scatterload                        0x08000135   Thumb Code     0  entry5.o(.ARM.Collect$$$$00000004)
    __main_after_scatterload                 0x08000139   Thumb Code     0  entry5.o(.ARM.Collect$$$$00000004)
    _main_clock                              0x08000139   Thumb Code     0  entry7b.o(.ARM.Collect$$$$00000008)
    _main_cpp_init                           0x08000139   Thumb Code     0  entry8b.o(.ARM.Collect$$$$0000000A)
    _main_init                               0x08000139   Thumb Code     0  entry9a.o(.ARM.Collect$$$$0000000B)
    __rt_final_cpp                           0x08000141   Thumb Code     0  entry10a.o(.ARM.Collect$$$$0000000D)
    __rt_final_exit                          0x08000141   Thumb Code     0  entry11a.o(.ARM.Collect$$$$0000000F)
    Reset_Handler                            0x08000145   Thumb Code     8  startup_stm32f10x_hd.o(.text)
    ADC1_2_IRQHandler                        0x0800015f   Thumb Code     0  startup_stm32f10x_hd.o(.text)
    ADC3_IRQHandler                          0x0800015f   Thumb Code     0  startup_stm32f10x_hd.o(.text)
    CAN1_RX1_IRQHandler                      0x0800015f   Thumb Code     0  startup_stm32f10x_hd.o(.text)
    CAN1_SCE_IRQHandler                      0x0800015f   Thumb Code     0  startup_stm32f10x_hd.o(.text)
    DMA1_Channel1_IRQHandler                 0x0800015f   Thumb Code     0  startup_stm32f10x_hd.o(.text)
    DMA1_Channel2_IRQHandler                 0x0800015f   Thumb Code     0  startup_stm32f10x_hd.o(.text)
    DMA1_Channel3_IRQHandler                 0x0800015f   Thumb Code     0  startup_stm32f10x_hd.o(.text)
    DMA1_Channel4_IRQHandler                 0x0800015f   Thumb Code     0  startup_stm32f10x_hd.o(.text)
    DMA1_Channel5_IRQHandler                 0x0800015f   Thumb Code     0  startup_stm32f10x_hd.o(.text)
    DMA1_Channel6_IRQHandler                 0x0800015f   Thumb Code     0  startup_stm32f10x_hd.o(.text)
    DMA1_Channel7_IRQHandler                 0x0800015f   Thumb Code     0  startup_stm32f10x_hd.o(.text)
    DMA2_Channel1_IRQHandler                 0x0800015f   Thumb Code     0  startup_stm32f10x_hd.o(.text)
    DMA2_Channel2_IRQHandler                 0x0800015f   Thumb Code     0  startup_stm32f10x_hd.o(.text)
    DMA2_Channel3_IRQHandler                 0x0800015f   Thumb Code     0  startup_stm32f10x_hd.o(.text)
    DMA2_Channel4_5_IRQHandler               0x0800015f   Thumb Code     0  startup_stm32f10x_hd.o(.text)
    EXTI0_IRQHandler                         0x0800015f   Thumb Code     0  startup_stm32f10x_hd.o(.text)
    EXTI15_10_IRQHandler                     0x0800015f   Thumb Code     0  startup_stm32f10x_hd.o(.text)
    EXTI1_IRQHandler                         0x0800015f   Thumb Code     0  startup_stm32f10x_hd.o(.text)
    EXTI2_IRQHandler                         0x0800015f   Thumb Code     0  startup_stm32f10x_hd.o(.text)
    EXTI3_IRQHandler                         0x0800015f   Thumb Code     0  startup_stm32f10x_hd.o(.text)
    EXTI4_IRQHandler                         0x0800015f   Thumb Code     0  startup_stm32f10x_hd.o(.text)
    EXTI9_5_IRQHandler                       0x0800015f   Thumb Code     0  startup_stm32f10x_hd.o(.text)
    FLASH_IRQHandler                         0x0800015f   Thumb Code     0  startup_stm32f10x_hd.o(.text)
    FSMC_IRQHandler                          0x0800015f   Thumb Code     0  startup_stm32f10x_hd.o(.text)
    I2C1_ER_IRQHandler                       0x0800015f   Thumb Code     0  startup_stm32f10x_hd.o(.text)
    I2C1_EV_IRQHandler                       0x0800015f   Thumb Code     0  startup_stm32f10x_hd.o(.text)
    I2C2_ER_IRQHandler                       0x0800015f   Thumb Code     0  startup_stm32f10x_hd.o(.text)
    I2C2_EV_IRQHandler                       0x0800015f   Thumb Code     0  startup_stm32f10x_hd.o(.text)
    PVD_IRQHandler                           0x0800015f   Thumb Code     0  startup_stm32f10x_hd.o(.text)
    RCC_IRQHandler                           0x0800015f   Thumb Code     0  startup_stm32f10x_hd.o(.text)
    RTCAlarm_IRQHandler                      0x0800015f   Thumb Code     0  startup_stm32f10x_hd.o(.text)
    RTC_IRQHandler                           0x0800015f   Thumb Code     0  startup_stm32f10x_hd.o(.text)
    SDIO_IRQHandler                          0x0800015f   Thumb Code     0  startup_stm32f10x_hd.o(.text)
    SPI1_IRQHandler                          0x0800015f   Thumb Code     0  startup_stm32f10x_hd.o(.text)
    SPI2_IRQHandler                          0x0800015f   Thumb Code     0  startup_stm32f10x_hd.o(.text)
    SPI3_IRQHandler                          0x0800015f   Thumb Code     0  startup_stm32f10x_hd.o(.text)
    TAMPER_IRQHandler                        0x0800015f   Thumb Code     0  startup_stm32f10x_hd.o(.text)
    TIM1_BRK_IRQHandler                      0x0800015f   Thumb Code     0  startup_stm32f10x_hd.o(.text)
    TIM1_CC_IRQHandler                       0x0800015f   Thumb Code     0  startup_stm32f10x_hd.o(.text)
    TIM1_TRG_COM_IRQHandler                  0x0800015f   Thumb Code     0  startup_stm32f10x_hd.o(.text)
    TIM1_UP_IRQHandler                       0x0800015f   Thumb Code     0  startup_stm32f10x_hd.o(.text)
    TIM2_IRQHandler                          0x0800015f   Thumb Code     0  startup_stm32f10x_hd.o(.text)
    TIM3_IRQHandler                          0x0800015f   Thumb Code     0  startup_stm32f10x_hd.o(.text)
    TIM4_IRQHandler                          0x0800015f   Thumb Code     0  startup_stm32f10x_hd.o(.text)
    TIM5_IRQHandler                          0x0800015f   Thumb Code     0  startup_stm32f10x_hd.o(.text)
    TIM6_IRQHandler                          0x0800015f   Thumb Code     0  startup_stm32f10x_hd.o(.text)
    TIM7_IRQHandler                          0x0800015f   Thumb Code     0  startup_stm32f10x_hd.o(.text)
    TIM8_BRK_IRQHandler                      0x0800015f   Thumb Code     0  startup_stm32f10x_hd.o(.text)
    TIM8_CC_IRQHandler                       0x0800015f   Thumb Code     0  startup_stm32f10x_hd.o(.text)
    TIM8_TRG_COM_IRQHandler                  0x0800015f   Thumb Code     0  startup_stm32f10x_hd.o(.text)
    TIM8_UP_IRQHandler                       0x0800015f   Thumb Code     0  startup_stm32f10x_hd.o(.text)
    UART4_IRQHandler                         0x0800015f   Thumb Code     0  startup_stm32f10x_hd.o(.text)
    UART5_IRQHandler                         0x0800015f   Thumb Code     0  startup_stm32f10x_hd.o(.text)
    USART2_IRQHandler                        0x0800015f   Thumb Code     0  startup_stm32f10x_hd.o(.text)
    USART3_IRQHandler                        0x0800015f   Thumb Code     0  startup_stm32f10x_hd.o(.text)
    USBWakeUp_IRQHandler                     0x0800015f   Thumb Code     0  startup_stm32f10x_hd.o(.text)
    USB_HP_CAN1_TX_IRQHandler                0x0800015f   Thumb Code     0  startup_stm32f10x_hd.o(.text)
    USB_LP_CAN1_RX0_IRQHandler               0x0800015f   Thumb Code     0  startup_stm32f10x_hd.o(.text)
    WWDG_IRQHandler                          0x0800015f   Thumb Code     0  startup_stm32f10x_hd.o(.text)
    __aeabi_memset                           0x08000169   Thumb Code    14  memseta.o(.text)
    __aeabi_memset4                          0x08000169   Thumb Code     0  memseta.o(.text)
    __aeabi_memset8                          0x08000169   Thumb Code     0  memseta.o(.text)
    __aeabi_memclr                           0x08000177   Thumb Code     4  memseta.o(.text)
    __aeabi_memclr4                          0x08000177   Thumb Code     0  memseta.o(.text)
    __aeabi_memclr8                          0x08000177   Thumb Code     0  memseta.o(.text)
    _memset$wrapper                          0x0800017b   Thumb Code    18  memseta.o(.text)
    __aeabi_dadd                             0x0800018d   Thumb Code   322  dadd.o(.text)
    __aeabi_dsub                             0x080002cf   Thumb Code     6  dadd.o(.text)
    __aeabi_drsub                            0x080002d5   Thumb Code     6  dadd.o(.text)
    __aeabi_dmul                             0x080002db   Thumb Code   228  dmul.o(.text)
    __aeabi_ddiv                             0x080003bf   Thumb Code   222  ddiv.o(.text)
    __ARM_scalbn                             0x0800049d   Thumb Code    46  dscalb.o(.text)
    scalbn                                   0x0800049d   Thumb Code     0  dscalb.o(.text)
    __aeabi_i2d                              0x080004cb   Thumb Code    34  dflti.o(.text)
    __aeabi_ui2d                             0x080004ed   Thumb Code    26  dfltui.o(.text)
    __aeabi_d2iz                             0x08000507   Thumb Code    62  dfixi.o(.text)
    __aeabi_f2d                              0x08000545   Thumb Code    38  f2d.o(.text)
    __aeabi_cdcmpeq                          0x0800056d   Thumb Code     0  cdcmple.o(.text)
    __aeabi_cdcmple                          0x0800056d   Thumb Code    48  cdcmple.o(.text)
    __aeabi_cdrcmple                         0x0800059d   Thumb Code    48  cdrcmple.o(.text)
    __aeabi_d2f                              0x080005cd   Thumb Code    56  d2f.o(.text)
    __aeabi_uidiv                            0x08000605   Thumb Code     0  uidiv.o(.text)
    __aeabi_uidivmod                         0x08000605   Thumb Code    44  uidiv.o(.text)
    __aeabi_uldivmod                         0x08000631   Thumb Code    98  uldiv.o(.text)
    __aeabi_llsl                             0x08000693   Thumb Code    30  llshl.o(.text)
    _ll_shift_l                              0x08000693   Thumb Code     0  llshl.o(.text)
    __aeabi_llsr                             0x080006b1   Thumb Code    32  llushr.o(.text)
    _ll_ushift_r                             0x080006b1   Thumb Code     0  llushr.o(.text)
    __aeabi_lasr                             0x080006d1   Thumb Code    36  llsshr.o(.text)
    _ll_sshift_r                             0x080006d1   Thumb Code     0  llsshr.o(.text)
    __I$use$fp                               0x080006f5   Thumb Code     0  iusefp.o(.text)
    _float_round                             0x080006f5   Thumb Code    18  fepilogue.o(.text)
    _float_epilogue                          0x08000707   Thumb Code    92  fepilogue.o(.text)
    _double_round                            0x08000763   Thumb Code    30  depilogue.o(.text)
    _double_epilogue                         0x08000781   Thumb Code   156  depilogue.o(.text)
    __aeabi_d2ulz                            0x0800081d   Thumb Code    48  dfixul.o(.text)
    __scatterload                            0x0800084d   Thumb Code    28  init.o(.text)
    __scatterload_rt2                        0x0800084d   Thumb Code     0  init.o(.text)
    ADC_Cmd                                  0x08000871   Thumb Code    20  stm32f10x_adc.o(i.ADC_Cmd)
    ADC_DeInit                               0x08000885   Thumb Code    56  stm32f10x_adc.o(i.ADC_DeInit)
    ADC_GetCalibrationStatus                 0x080008c9   Thumb Code    14  stm32f10x_adc.o(i.ADC_GetCalibrationStatus)
    ADC_GetResetCalibrationStatus            0x080008d7   Thumb Code    14  stm32f10x_adc.o(i.ADC_GetResetCalibrationStatus)
    ADC_Init                                 0x080008e5   Thumb Code    62  stm32f10x_adc.o(i.ADC_Init)
    ADC_ResetCalibration                     0x0800092d   Thumb Code    10  stm32f10x_adc.o(i.ADC_ResetCalibration)
    ADC_StartCalibration                     0x08000937   Thumb Code    10  stm32f10x_adc.o(i.ADC_StartCalibration)
    Adc_Init                                 0x08000941   Thumb Code   184  adc.o(i.Adc_Init)
    BH1750_Init                              0x08000a05   Thumb Code    66  bh1750.o(i.BH1750_Init)
    BH1750_ReadData                          0x08000a4d   Thumb Code    72  bh1750.o(i.BH1750_ReadData)
    BH1750_ReadRealData                      0x08000aa5   Thumb Code    28  bh1750.o(i.BH1750_ReadRealData)
    BH1750_SetMode                           0x08000ac5   Thumb Code    44  bh1750.o(i.BH1750_SetMode)
    BME280_Init                              0x08000af1   Thumb Code    50  bme280_app.o(i.BME280_Init)
    BusFault_Handler                         0x08000b5d   Thumb Code     2  stm32f10x_it.o(i.BusFault_Handler)
    DebugMon_Handler                         0x08000b5f   Thumb Code     2  stm32f10x_it.o(i.DebugMon_Handler)
    GPIO_Init                                0x08000b61   Thumb Code   162  stm32f10x_gpio.o(i.GPIO_Init)
    GPIO_PinRemapConfig                      0x08000c05   Thumb Code    82  stm32f10x_gpio.o(i.GPIO_PinRemapConfig)
    GPIO_ResetBits                           0x08000c5d   Thumb Code     4  stm32f10x_gpio.o(i.GPIO_ResetBits)
    GPIO_SetBits                             0x08000c61   Thumb Code     4  stm32f10x_gpio.o(i.GPIO_SetBits)
    HardFault_Handler                        0x08000c65   Thumb Code     2  stm32f10x_it.o(i.HardFault_Handler)
    IIC2_Ack                                 0x08000c69   Thumb Code    56  my_iic2.o(i.IIC2_Ack)
    IIC2_Init                                0x08000ca9   Thumb Code    50  my_iic2.o(i.IIC2_Init)
    IIC2_NAck                                0x08000ce1   Thumb Code    56  my_iic2.o(i.IIC2_NAck)
    IIC2_Read_Byte                           0x08000d21   Thumb Code   100  my_iic2.o(i.IIC2_Read_Byte)
    IIC2_Read_nByte                          0x08000d8d   Thumb Code   104  my_iic2.o(i.IIC2_Read_nByte)
    IIC2_Send_Byte                           0x08000df5   Thumb Code    94  my_iic2.o(i.IIC2_Send_Byte)
    IIC2_Start                               0x08000e5d   Thumb Code    56  my_iic2.o(i.IIC2_Start)
    IIC2_Stop                                0x08000e9d   Thumb Code    56  my_iic2.o(i.IIC2_Stop)
    IIC2_Wait_Ack                            0x08000edd   Thumb Code   106  my_iic2.o(i.IIC2_Wait_Ack)
    IIC2_Write_nByte                         0x08000f51   Thumb Code    74  my_iic2.o(i.IIC2_Write_nByte)
    IIC_Ack                                  0x08000f9d   Thumb Code    56  myiic.o(i.IIC_Ack)
    IIC_Init                                 0x08000fdd   Thumb Code    56  myiic.o(i.IIC_Init)
    IIC_NAck                                 0x0800101d   Thumb Code    56  myiic.o(i.IIC_NAck)
    IIC_Read_Byte                            0x0800105d   Thumb Code   100  myiic.o(i.IIC_Read_Byte)
    IIC_Send_Byte                            0x080010c9   Thumb Code    94  myiic.o(i.IIC_Send_Byte)
    IIC_Start                                0x08001131   Thumb Code    56  myiic.o(i.IIC_Start)
    IIC_Stop                                 0x08001171   Thumb Code    58  myiic.o(i.IIC_Stop)
    IIC_Wait_Ack                             0x080011b5   Thumb Code    78  myiic.o(i.IIC_Wait_Ack)
    LED_Init                                 0x0800120d   Thumb Code    80  led.o(i.LED_Init)
    MemManage_Handler                        0x08001265   Thumb Code     2  stm32f10x_it.o(i.MemManage_Handler)
    NMI_Handler                              0x08001267   Thumb Code     2  stm32f10x_it.o(i.NMI_Handler)
    NVIC_Init                                0x08001269   Thumb Code    94  misc.o(i.NVIC_Init)
    NVIC_PriorityGroupConfig                 0x080012cd   Thumb Code    10  misc.o(i.NVIC_PriorityGroupConfig)
    PendSV_Handler                           0x080012e1   Thumb Code     2  stm32f10x_it.o(i.PendSV_Handler)
    RCC_ADCCLKConfig                         0x080012e5   Thumb Code    14  stm32f10x_rcc.o(i.RCC_ADCCLKConfig)
    RCC_APB2PeriphClockCmd                   0x080012f9   Thumb Code    18  stm32f10x_rcc.o(i.RCC_APB2PeriphClockCmd)
    RCC_APB2PeriphResetCmd                   0x08001311   Thumb Code    18  stm32f10x_rcc.o(i.RCC_APB2PeriphResetCmd)
    RCC_GetClocksFreq                        0x08001329   Thumb Code   128  stm32f10x_rcc.o(i.RCC_GetClocksFreq)
    SPI_Cmd                                  0x080013b9   Thumb Code    20  stm32f10x_spi.o(i.SPI_Cmd)
    SPI_Init                                 0x080013cd   Thumb Code    56  stm32f10x_spi.o(i.SPI_Init)
    SVC_Handler                              0x08001405   Thumb Code     2  stm32f10x_it.o(i.SVC_Handler)
    SpiInit                                  0x080014b1   Thumb Code   154  spi.o(i.SpiInit)
    SysTick_CLKSourceConfig                  0x08001555   Thumb Code    24  misc.o(i.SysTick_CLKSourceConfig)
    SysTick_Handler                          0x0800156d   Thumb Code     2  stm32f10x_it.o(i.SysTick_Handler)
    SystemInit                               0x08001571   Thumb Code    64  system_stm32f10x.o(i.SystemInit)
    USART1_IRQHandler                        0x080015c1   Thumb Code    88  usart1.o(i.USART1_IRQHandler)
    USART_Cmd                                0x08001625   Thumb Code    20  stm32f10x_usart.o(i.USART_Cmd)
    USART_GetITStatus                        0x08001639   Thumb Code    62  stm32f10x_usart.o(i.USART_GetITStatus)
    USART_ITConfig                           0x08001677   Thumb Code    48  stm32f10x_usart.o(i.USART_ITConfig)
    USART_Init                               0x080016a9   Thumb Code   166  stm32f10x_usart.o(i.USART_Init)
    USART_ReceiveData                        0x08001755   Thumb Code     8  stm32f10x_usart.o(i.USART_ReceiveData)
    UsageFault_Handler                       0x0800175d   Thumb Code     2  stm32f10x_it.o(i.UsageFault_Handler)
    __0printf                                0x08001761   Thumb Code    22  printfa.o(i.__0printf)
    __1printf                                0x08001761   Thumb Code     0  printfa.o(i.__0printf)
    __2printf                                0x08001761   Thumb Code     0  printfa.o(i.__0printf)
    __c89printf                              0x08001761   Thumb Code     0  printfa.o(i.__0printf)
    printf                                   0x08001761   Thumb Code     0  printfa.o(i.__0printf)
    __scatterload_copy                       0x08001781   Thumb Code    14  handlers.o(i.__scatterload_copy)
    __scatterload_null                       0x0800178f   Thumb Code     2  handlers.o(i.__scatterload_null)
    __scatterload_zeroinit                   0x08001791   Thumb Code    14  handlers.o(i.__scatterload_zeroinit)
    bme280_compensate_data                   0x0800205f   Thumb Code    98  bme280.o(i.bme280_compensate_data)
    bme280_get_regs                          0x080020c1   Thumb Code    56  bme280.o(i.bme280_get_regs)
    bme280_get_sensor_data                   0x080020f9   Thumb Code    80  bme280.o(i.bme280_get_sensor_data)
    bme280_get_sensor_mode                   0x08002149   Thumb Code    38  bme280.o(i.bme280_get_sensor_mode)
    bme280_init                              0x0800216f   Thumb Code    86  bme280.o(i.bme280_init)
    bme280_parse_sensor_data                 0x080021c5   Thumb Code    50  bme280.o(i.bme280_parse_sensor_data)
    bme280_set_regs                          0x080021f7   Thumb Code   150  bme280.o(i.bme280_set_regs)
    bme280_set_sensor_mode                   0x0800228d   Thumb Code    90  bme280.o(i.bme280_set_sensor_mode)
    bme280_set_sensor_settings               0x080022e7   Thumb Code    98  bme280.o(i.bme280_set_sensor_settings)
    bme280_soft_reset                        0x08002349   Thumb Code    50  bme280.o(i.bme280_soft_reset)
    delay_init                               0x080027f1   Thumb Code    46  delay.o(i.delay_init)
    delay_ms                                 0x0800282d   Thumb Code    46  delay.o(i.delay_ms)
    delay_us                                 0x08002861   Thumb Code    46  delay.o(i.delay_us)
    fputc                                    0x08002895   Thumb Code    18  usart1.o(i.fputc)
    main                                     0x0800296d   Thumb Code   108  main.o(i.main)
    print_sensor_data                        0x08002a4d   Thumb Code    30  bme280_app.o(i.print_sensor_data)
    set_sensor_data_normal_mode              0x08002bad   Thumb Code    52  bme280_app.o(i.set_sensor_data_normal_mode)
    uart_init                                0x08002be1   Thumb Code   152  usart1.o(i.uart_init)
    user_i2c_read                            0x08002c81   Thumb Code    16  my_iic2.o(i.user_i2c_read)
    user_i2c_write                           0x08002c91   Thumb Code    16  my_iic2.o(i.user_i2c_write)
    Region$$Table$$Base                      0x08002ca0   Number         0  anon$$obj.o(Region$$Table)
    Region$$Table$$Limit                     0x08002cc0   Number         0  anon$$obj.o(Region$$Table)
    SystemCoreClock                          0x20000000   Data           4  system_stm32f10x.o(.data)
    AHBPrescTable                            0x20000004   Data          16  system_stm32f10x.o(.data)
    USART_RX_STA                             0x20000018   Data           2  usart1.o(.data)
    __stdout                                 0x2000001c   Data           4  usart1.o(.data)
    Global_BME280                            0x20000034   Data          64  bme280_app.o(.bss)
    USART_RX_BUF                             0x20000074   Data         200  usart1.o(.bss)
    __initial_sp                             0x20000540   Data           0  startup_stm32f10x_hd.o(STACK)



==============================================================================

Memory Map of the image

  Image Entry point : 0x08000131

  Load Region LR_IROM1 (Base: 0x08000000, Size: 0x00002cf4, Max: 0x00010000, ABSOLUTE)

    Execution Region ER_IROM1 (Exec base: 0x08000000, Load base: 0x08000000, Size: 0x00002cc0, Max: 0x00010000, ABSOLUTE)

    Exec Addr    Load Addr    Size         Type   Attr      Idx    E Section Name        Object

    0x08000000   0x08000000   0x00000130   Data   RO           19    RESET               startup_stm32f10x_hd.o
    0x08000130   0x08000130   0x00000000   Code   RO         2793  * .ARM.Collect$$$$00000000  mc_w.l(entry.o)
    0x08000130   0x08000130   0x00000004   Code   RO         3120    .ARM.Collect$$$$00000001  mc_w.l(entry2.o)
    0x08000134   0x08000134   0x00000004   Code   RO         3123    .ARM.Collect$$$$00000004  mc_w.l(entry5.o)
    0x08000138   0x08000138   0x00000000   Code   RO         3125    .ARM.Collect$$$$00000008  mc_w.l(entry7b.o)
    0x08000138   0x08000138   0x00000000   Code   RO         3127    .ARM.Collect$$$$0000000A  mc_w.l(entry8b.o)
    0x08000138   0x08000138   0x00000008   Code   RO         3128    .ARM.Collect$$$$0000000B  mc_w.l(entry9a.o)
    0x08000140   0x08000140   0x00000000   Code   RO         3130    .ARM.Collect$$$$0000000D  mc_w.l(entry10a.o)
    0x08000140   0x08000140   0x00000000   Code   RO         3132    .ARM.Collect$$$$0000000F  mc_w.l(entry11a.o)
    0x08000140   0x08000140   0x00000004   Code   RO         3121    .ARM.Collect$$$$00002712  mc_w.l(entry2.o)
    0x08000144   0x08000144   0x00000024   Code   RO           20    .text               startup_stm32f10x_hd.o
    0x08000168   0x08000168   0x00000024   Code   RO         2798    .text               mc_w.l(memseta.o)
    0x0800018c   0x0800018c   0x0000014e   Code   RO         3067    .text               mf_w.l(dadd.o)
    0x080002da   0x080002da   0x000000e4   Code   RO         3069    .text               mf_w.l(dmul.o)
    0x080003be   0x080003be   0x000000de   Code   RO         3071    .text               mf_w.l(ddiv.o)
    0x0800049c   0x0800049c   0x0000002e   Code   RO         3073    .text               mf_w.l(dscalb.o)
    0x080004ca   0x080004ca   0x00000022   Code   RO         3077    .text               mf_w.l(dflti.o)
    0x080004ec   0x080004ec   0x0000001a   Code   RO         3079    .text               mf_w.l(dfltui.o)
    0x08000506   0x08000506   0x0000003e   Code   RO         3081    .text               mf_w.l(dfixi.o)
    0x08000544   0x08000544   0x00000026   Code   RO         3085    .text               mf_w.l(f2d.o)
    0x0800056a   0x0800056a   0x00000002   PAD
    0x0800056c   0x0800056c   0x00000030   Code   RO         3087    .text               mf_w.l(cdcmple.o)
    0x0800059c   0x0800059c   0x00000030   Code   RO         3089    .text               mf_w.l(cdrcmple.o)
    0x080005cc   0x080005cc   0x00000038   Code   RO         3091    .text               mf_w.l(d2f.o)
    0x08000604   0x08000604   0x0000002c   Code   RO         3134    .text               mc_w.l(uidiv.o)
    0x08000630   0x08000630   0x00000062   Code   RO         3136    .text               mc_w.l(uldiv.o)
    0x08000692   0x08000692   0x0000001e   Code   RO         3138    .text               mc_w.l(llshl.o)
    0x080006b0   0x080006b0   0x00000020   Code   RO         3140    .text               mc_w.l(llushr.o)
    0x080006d0   0x080006d0   0x00000024   Code   RO         3142    .text               mc_w.l(llsshr.o)
    0x080006f4   0x080006f4   0x00000000   Code   RO         3151    .text               mc_w.l(iusefp.o)
    0x080006f4   0x080006f4   0x0000006e   Code   RO         3152    .text               mf_w.l(fepilogue.o)
    0x08000762   0x08000762   0x000000ba   Code   RO         3154    .text               mf_w.l(depilogue.o)
    0x0800081c   0x0800081c   0x00000030   Code   RO         3158    .text               mf_w.l(dfixul.o)
    0x0800084c   0x0800084c   0x00000024   Code   RO         3160    .text               mc_w.l(init.o)
    0x08000870   0x08000870   0x00000014   Code   RO         1521    i.ADC_Cmd           stm32f10x_adc.o
    0x08000884   0x08000884   0x00000044   Code   RO         1523    i.ADC_DeInit        stm32f10x_adc.o
    0x080008c8   0x080008c8   0x0000000e   Code   RO         1529    i.ADC_GetCalibrationStatus  stm32f10x_adc.o
    0x080008d6   0x080008d6   0x0000000e   Code   RO         1535    i.ADC_GetResetCalibrationStatus  stm32f10x_adc.o
    0x080008e4   0x080008e4   0x00000048   Code   RO         1539    i.ADC_Init          stm32f10x_adc.o
    0x0800092c   0x0800092c   0x0000000a   Code   RO         1544    i.ADC_ResetCalibration  stm32f10x_adc.o
    0x08000936   0x08000936   0x0000000a   Code   RO         1548    i.ADC_StartCalibration  stm32f10x_adc.o
    0x08000940   0x08000940   0x000000c4   Code   RO          487    i.Adc_Init          adc.o
    0x08000a04   0x08000a04   0x00000048   Code   RO          451    i.BH1750_Init       bh1750.o
    0x08000a4c   0x08000a4c   0x00000058   Code   RO          452    i.BH1750_ReadData   bh1750.o
    0x08000aa4   0x08000aa4   0x00000020   Code   RO          454    i.BH1750_ReadRealData  bh1750.o
    0x08000ac4   0x08000ac4   0x0000002c   Code   RO          455    i.BH1750_SetMode    bh1750.o
    0x08000af0   0x08000af0   0x0000006c   Code   RO          657    i.BME280_Init       bme280_app.o
    0x08000b5c   0x08000b5c   0x00000002   Code   RO          165    i.BusFault_Handler  stm32f10x_it.o
    0x08000b5e   0x08000b5e   0x00000002   Code   RO          166    i.DebugMon_Handler  stm32f10x_it.o
    0x08000b60   0x08000b60   0x000000a2   Code   RO          883    i.GPIO_Init         stm32f10x_gpio.o
    0x08000c02   0x08000c02   0x00000002   PAD
    0x08000c04   0x08000c04   0x00000058   Code   RO          885    i.GPIO_PinRemapConfig  stm32f10x_gpio.o
    0x08000c5c   0x08000c5c   0x00000004   Code   RO          890    i.GPIO_ResetBits    stm32f10x_gpio.o
    0x08000c60   0x08000c60   0x00000004   Code   RO          891    i.GPIO_SetBits      stm32f10x_gpio.o
    0x08000c64   0x08000c64   0x00000002   Code   RO          167    i.HardFault_Handler  stm32f10x_it.o
    0x08000c66   0x08000c66   0x00000002   PAD
    0x08000c68   0x08000c68   0x00000040   Code   RO          564    i.IIC2_Ack          my_iic2.o
    0x08000ca8   0x08000ca8   0x00000038   Code   RO          565    i.IIC2_Init         my_iic2.o
    0x08000ce0   0x08000ce0   0x00000040   Code   RO          566    i.IIC2_NAck         my_iic2.o
    0x08000d20   0x08000d20   0x0000006c   Code   RO          568    i.IIC2_Read_Byte    my_iic2.o
    0x08000d8c   0x08000d8c   0x00000068   Code   RO          569    i.IIC2_Read_nByte   my_iic2.o
    0x08000df4   0x08000df4   0x00000068   Code   RO          570    i.IIC2_Send_Byte    my_iic2.o
    0x08000e5c   0x08000e5c   0x00000040   Code   RO          571    i.IIC2_Start        my_iic2.o
    0x08000e9c   0x08000e9c   0x00000040   Code   RO          572    i.IIC2_Stop         my_iic2.o
    0x08000edc   0x08000edc   0x00000074   Code   RO          573    i.IIC2_Wait_Ack     my_iic2.o
    0x08000f50   0x08000f50   0x0000004a   Code   RO          575    i.IIC2_Write_nByte  my_iic2.o
    0x08000f9a   0x08000f9a   0x00000002   PAD
    0x08000f9c   0x08000f9c   0x00000040   Code   RO          394    i.IIC_Ack           myiic.o
    0x08000fdc   0x08000fdc   0x00000040   Code   RO          395    i.IIC_Init          myiic.o
    0x0800101c   0x0800101c   0x00000040   Code   RO          396    i.IIC_NAck          myiic.o
    0x0800105c   0x0800105c   0x0000006c   Code   RO          397    i.IIC_Read_Byte     myiic.o
    0x080010c8   0x080010c8   0x00000068   Code   RO          398    i.IIC_Send_Byte     myiic.o
    0x08001130   0x08001130   0x00000040   Code   RO          399    i.IIC_Start         myiic.o
    0x08001170   0x08001170   0x00000044   Code   RO          400    i.IIC_Stop          myiic.o
    0x080011b4   0x080011b4   0x00000058   Code   RO          401    i.IIC_Wait_Ack      myiic.o
    0x0800120c   0x0800120c   0x00000058   Code   RO          257    i.LED_Init          led.o
    0x08001264   0x08001264   0x00000002   Code   RO          168    i.MemManage_Handler  stm32f10x_it.o
    0x08001266   0x08001266   0x00000002   Code   RO          169    i.NMI_Handler       stm32f10x_it.o
    0x08001268   0x08001268   0x00000064   Code   RO          787    i.NVIC_Init         misc.o
    0x080012cc   0x080012cc   0x00000014   Code   RO          788    i.NVIC_PriorityGroupConfig  misc.o
    0x080012e0   0x080012e0   0x00000002   Code   RO          170    i.PendSV_Handler    stm32f10x_it.o
    0x080012e2   0x080012e2   0x00000002   PAD
    0x080012e4   0x080012e4   0x00000014   Code   RO          991    i.RCC_ADCCLKConfig  stm32f10x_rcc.o
    0x080012f8   0x080012f8   0x00000018   Code   RO          995    i.RCC_APB2PeriphClockCmd  stm32f10x_rcc.o
    0x08001310   0x08001310   0x00000018   Code   RO          996    i.RCC_APB2PeriphResetCmd  stm32f10x_rcc.o
    0x08001328   0x08001328   0x00000090   Code   RO         1003    i.RCC_GetClocksFreq  stm32f10x_rcc.o
    0x080013b8   0x080013b8   0x00000014   Code   RO         1376    i.SPI_Cmd           stm32f10x_spi.o
    0x080013cc   0x080013cc   0x00000038   Code   RO         1389    i.SPI_Init          stm32f10x_spi.o
    0x08001404   0x08001404   0x00000002   Code   RO          171    i.SVC_Handler       stm32f10x_it.o
    0x08001406   0x08001406   0x00000002   PAD
    0x08001408   0x08001408   0x000000a8   Code   RO          228    i.SetSysClockTo72   system_stm32f10x.o
    0x080014b0   0x080014b0   0x000000a4   Code   RO         2637    i.SpiInit           spi.o
    0x08001554   0x08001554   0x00000018   Code   RO          791    i.SysTick_CLKSourceConfig  misc.o
    0x0800156c   0x0800156c   0x00000002   Code   RO          172    i.SysTick_Handler   stm32f10x_it.o
    0x0800156e   0x0800156e   0x00000002   PAD
    0x08001570   0x08001570   0x00000050   Code   RO          230    i.SystemInit        system_stm32f10x.o
    0x080015c0   0x080015c0   0x00000064   Code   RO          745    i.USART1_IRQHandler  usart1.o
    0x08001624   0x08001624   0x00000014   Code   RO         1195    i.USART_Cmd         stm32f10x_usart.o
    0x08001638   0x08001638   0x0000003e   Code   RO         1199    i.USART_GetITStatus  stm32f10x_usart.o
    0x08001676   0x08001676   0x00000030   Code   RO         1201    i.USART_ITConfig    stm32f10x_usart.o
    0x080016a6   0x080016a6   0x00000002   PAD
    0x080016a8   0x080016a8   0x000000ac   Code   RO         1202    i.USART_Init        stm32f10x_usart.o
    0x08001754   0x08001754   0x00000008   Code   RO         1209    i.USART_ReceiveData  stm32f10x_usart.o
    0x0800175c   0x0800175c   0x00000002   Code   RO          173    i.UsageFault_Handler  stm32f10x_it.o
    0x0800175e   0x0800175e   0x00000002   PAD
    0x08001760   0x08001760   0x00000020   Code   RO         3035    i.__0printf         mc_w.l(printfa.o)
    0x08001780   0x08001780   0x0000000e   Code   RO         3166    i.__scatterload_copy  mc_w.l(handlers.o)
    0x0800178e   0x0800178e   0x00000002   Code   RO         3167    i.__scatterload_null  mc_w.l(handlers.o)
    0x08001790   0x08001790   0x0000000e   Code   RO         3168    i.__scatterload_zeroinit  mc_w.l(handlers.o)
    0x0800179e   0x0800179e   0x00000002   PAD
    0x080017a0   0x080017a0   0x00000184   Code   RO         3042    i._fp_digits        mc_w.l(printfa.o)
    0x08001924   0x08001924   0x000006dc   Code   RO         3043    i._printf_core      mc_w.l(printfa.o)
    0x08002000   0x08002000   0x00000024   Code   RO         3044    i._printf_post_padding  mc_w.l(printfa.o)
    0x08002024   0x08002024   0x0000002e   Code   RO         3045    i._printf_pre_padding  mc_w.l(printfa.o)
    0x08002052   0x08002052   0x0000000c   Code   RO          269    i.are_settings_changed  bme280.o
    0x0800205e   0x0800205e   0x00000062   Code   RO          270    i.bme280_compensate_data  bme280.o
    0x080020c0   0x080020c0   0x00000038   Code   RO          271    i.bme280_get_regs   bme280.o
    0x080020f8   0x080020f8   0x00000050   Code   RO          272    i.bme280_get_sensor_data  bme280.o
    0x08002148   0x08002148   0x00000026   Code   RO          273    i.bme280_get_sensor_mode  bme280.o
    0x0800216e   0x0800216e   0x00000056   Code   RO          275    i.bme280_init       bme280.o
    0x080021c4   0x080021c4   0x00000032   Code   RO          276    i.bme280_parse_sensor_data  bme280.o
    0x080021f6   0x080021f6   0x00000096   Code   RO          277    i.bme280_set_regs   bme280.o
    0x0800228c   0x0800228c   0x0000005a   Code   RO          278    i.bme280_set_sensor_mode  bme280.o
    0x080022e6   0x080022e6   0x00000062   Code   RO          279    i.bme280_set_sensor_settings  bme280.o
    0x08002348   0x08002348   0x00000032   Code   RO          280    i.bme280_soft_reset  bme280.o
    0x0800237a   0x0800237a   0x00000002   PAD
    0x0800237c   0x0800237c   0x00000154   Code   RO          281    i.compensate_humidity  bme280.o
    0x080024d0   0x080024d0   0x00000218   Code   RO          282    i.compensate_pressure  bme280.o
    0x080026e8   0x080026e8   0x00000108   Code   RO          283    i.compensate_temperature  bme280.o
    0x080027f0   0x080027f0   0x0000003c   Code   RO          691    i.delay_init        delay.o
    0x0800282c   0x0800282c   0x00000034   Code   RO          692    i.delay_ms          delay.o
    0x08002860   0x08002860   0x00000034   Code   RO          693    i.delay_us          delay.o
    0x08002894   0x08002894   0x00000018   Code   RO          747    i.fputc             usart1.o
    0x080028ac   0x080028ac   0x000000be   Code   RO          284    i.get_calib_data    bme280.o
    0x0800296a   0x0800296a   0x00000002   PAD
    0x0800296c   0x0800296c   0x000000a0   Code   RO           24    i.main              main.o
    0x08002a0c   0x08002a0c   0x00000018   Code   RO          285    i.null_ptr_check    bme280.o
    0x08002a24   0x08002a24   0x00000026   Code   RO          286    i.parse_device_settings  bme280.o
    0x08002a4a   0x08002a4a   0x00000002   PAD
    0x08002a4c   0x08002a4c   0x00000038   Code   RO          658    i.print_sensor_data  bme280_app.o
    0x08002a84   0x08002a84   0x00000042   Code   RO          287    i.put_device_to_sleep  bme280.o
    0x08002ac6   0x08002ac6   0x0000004e   Code   RO          288    i.set_filter_standby_settings  bme280.o
    0x08002b14   0x08002b14   0x00000098   Code   RO          289    i.set_osr_settings  bme280.o
    0x08002bac   0x08002bac   0x00000034   Code   RO          659    i.set_sensor_data_normal_mode  bme280_app.o
    0x08002be0   0x08002be0   0x000000a0   Code   RO          748    i.uart_init         usart1.o
    0x08002c80   0x08002c80   0x00000010   Code   RO          576    i.user_i2c_read     my_iic2.o
    0x08002c90   0x08002c90   0x00000010   Code   RO          577    i.user_i2c_write    my_iic2.o
    0x08002ca0   0x08002ca0   0x00000020   Data   RO         3164    Region$$Table       anon$$obj.o


    Execution Region RW_IRAM1 (Exec base: 0x20000000, Load base: 0x08002cc0, Size: 0x00000540, Max: 0x00005000, ABSOLUTE)

    Exec Addr    Load Addr    Size         Type   Attr      Idx    E Section Name        Object

    0x20000000   0x08002cc0   0x00000014   Data   RW          231    .data               system_stm32f10x.o
    0x20000014   0x08002cd4   0x00000004   Data   RW          694    .data               delay.o
    0x20000018   0x08002cd8   0x00000002   Data   RW          750    .data               usart1.o
    0x2000001a   0x08002cda   0x00000002   PAD
    0x2000001c   0x08002cdc   0x00000004   Data   RW          751    .data               usart1.o
    0x20000020   0x08002ce0   0x00000014   Data   RW         1023    .data               stm32f10x_rcc.o
    0x20000034        -       0x00000040   Zero   RW          660    .bss                bme280_app.o
    0x20000074        -       0x000000c8   Zero   RW          749    .bss                usart1.o
    0x2000013c   0x08002cf4   0x00000004   PAD
    0x20000140        -       0x00000400   Zero   RW           17    STACK               startup_stm32f10x_hd.o


==============================================================================

Image component sizes


      Code (inc. data)   RO Data    RW Data    ZI Data      Debug   Object Name

       196         12          0          0          0        615   adc.o
       236         26          0          0          0       2199   bh1750.o
      2496         48          0          0          0      17086   bme280.o
       216         84          0          0         64       2336   bme280_app.o
         0          0          0          0          0       4556   core_cm3.o
       164         26          0          4          0       1579   delay.o
        88          8          0          0          0        491   led.o
       160         52          0          0          0     248351   main.o
       144         16          0          0          0       1925   misc.o
       850         66          0          0          0       7464   my_iic2.o
       624         70          0          0          0       4174   myiic.o
       164         10          0          0          0        634   spi.o
        36          8        304          0       1024        776   startup_stm32f10x_hd.o
       208         22          0          0          0       5819   stm32f10x_adc.o
       258          6          0          0          0       3562   stm32f10x_gpio.o
        18          0          0          0          0       3682   stm32f10x_it.o
       212         34          0         20          0       4853   stm32f10x_rcc.o
        76          0          0          0          0       2057   stm32f10x_spi.o
       310          6          0          0          0       4854   stm32f10x_usart.o
       248         24          0         20          0       1745   system_stm32f10x.o
       284         26          0          6        200       3524   usart1.o

    ----------------------------------------------------------------------
      7010        544        336         52       1292     322282   Object Totals
         0          0         32          0          0          0   (incl. Generated)
        22          0          0          2          4          0   (incl. Padding)

    ----------------------------------------------------------------------

      Code (inc. data)   RO Data    RW Data    ZI Data      Debug   Library Member Name

         0          0          0          0          0          0   entry.o
         0          0          0          0          0          0   entry10a.o
         0          0          0          0          0          0   entry11a.o
         8          4          0          0          0          0   entry2.o
         4          0          0          0          0          0   entry5.o
         0          0          0          0          0          0   entry7b.o
         0          0          0          0          0          0   entry8b.o
         8          4          0          0          0          0   entry9a.o
        30          0          0          0          0          0   handlers.o
        36          8          0          0          0         68   init.o
         0          0          0          0          0          0   iusefp.o
        30          0          0          0          0         68   llshl.o
        36          0          0          0          0         68   llsshr.o
        32          0          0          0          0         68   llushr.o
        36          0          0          0          0        108   memseta.o
      2258         90          0          0          0        452   printfa.o
        44          0          0          0          0         80   uidiv.o
        98          0          0          0          0         92   uldiv.o
        48          0          0          0          0         68   cdcmple.o
        48          0          0          0          0         68   cdrcmple.o
        56          0          0          0          0         88   d2f.o
       334          0          0          0          0        148   dadd.o
       222          0          0          0          0        100   ddiv.o
       186          0          0          0          0        176   depilogue.o
        62          0          0          0          0         80   dfixi.o
        48          0          0          0          0         68   dfixul.o
        34          0          0          0          0         76   dflti.o
        26          0          0          0          0         76   dfltui.o
       228          0          0          0          0         96   dmul.o
        46          0          0          0          0         80   dscalb.o
        38          0          0          0          0         68   f2d.o
       110          0          0          0          0        168   fepilogue.o

    ----------------------------------------------------------------------
      4110        106          0          0          0       2364   Library Totals
         4          0          0          0          0          0   (incl. Padding)

    ----------------------------------------------------------------------

      Code (inc. data)   RO Data    RW Data    ZI Data      Debug   Library Name

      2620        106          0          0          0       1004   mc_w.l
      1486          0          0          0          0       1360   mf_w.l

    ----------------------------------------------------------------------
      4110        106          0          0          0       2364   Library Totals

    ----------------------------------------------------------------------

==============================================================================


      Code (inc. data)   RO Data    RW Data    ZI Data      Debug   

     11120        650        336         52       1292     318870   Grand Totals
     11120        650        336         52       1292     318870   ELF Image Totals
     11120        650        336         52          0          0   ROM Totals

==============================================================================

    Total RO  Size (Code + RO Data)                11456 (  11.19kB)
    Total RW  Size (RW Data + ZI Data)              1344 (   1.31kB)
    Total ROM Size (Code + RO Data + RW Data)      11508 (  11.24kB)

==============================================================================

