Component: ARM Compiler 5.06 update 6 (build 750) Tool: armlink [4d35ed]

==============================================================================

Section Cross References

    startup_stm32f10x_hd.o(RESET) refers to startup_stm32f10x_hd.o(STACK) for __initial_sp
    startup_stm32f10x_hd.o(RESET) refers to startup_stm32f10x_hd.o(.text) for Reset_Handler
    startup_stm32f10x_hd.o(RESET) refers to stm32f10x_it.o(i.NMI_Handler) for NMI_Handler
    startup_stm32f10x_hd.o(RESET) refers to stm32f10x_it.o(i.HardFault_Handler) for HardFault_Handler
    startup_stm32f10x_hd.o(RESET) refers to stm32f10x_it.o(i.MemManage_Handler) for MemManage_Handler
    startup_stm32f10x_hd.o(RESET) refers to stm32f10x_it.o(i.BusFault_Handler) for BusFault_Handler
    startup_stm32f10x_hd.o(RESET) refers to stm32f10x_it.o(i.UsageFault_Handler) for UsageFault_Handler
    startup_stm32f10x_hd.o(RESET) refers to stm32f10x_it.o(i.SVC_Handler) for SVC_Handler
    startup_stm32f10x_hd.o(RESET) refers to stm32f10x_it.o(i.DebugMon_Handler) for DebugMon_Handler
    startup_stm32f10x_hd.o(RESET) refers to stm32f10x_it.o(i.PendSV_Handler) for PendSV_Handler
    startup_stm32f10x_hd.o(RESET) refers to stm32f10x_it.o(i.SysTick_Handler) for SysTick_Handler
    startup_stm32f10x_hd.o(RESET) refers to usart1.o(i.USART1_IRQHandler) for USART1_IRQHandler
    startup_stm32f10x_hd.o(.text) refers to system_stm32f10x.o(i.SystemInit) for SystemInit
    startup_stm32f10x_hd.o(.text) refers to entry.o(.ARM.Collect$$$$00000000) for __main
    main.o(i.main) refers to delay.o(i.delay_init) for delay_init
    main.o(i.main) refers to misc.o(i.NVIC_PriorityGroupConfig) for NVIC_PriorityGroupConfig
    main.o(i.main) refers to usart1.o(i.uart_init) for uart_init
    main.o(i.main) refers to spi.o(i.SpiInit) for SpiInit
    main.o(i.main) refers to led.o(i.LED_Init) for LED_Init
    main.o(i.main) refers to adc.o(i.Adc_Init) for Adc_Init
    main.o(i.main) refers to bh1750.o(i.BH1750_Init) for BH1750_Init
    main.o(i.main) refers to bh1750.o(i.BH1750_SetMode) for BH1750_SetMode
    main.o(i.main) refers to bme280_app.o(i.BME280_Init) for BME280_Init
    main.o(i.main) refers to bme280_app.o(i.set_sensor_data_normal_mode) for set_sensor_data_normal_mode
    main.o(i.main) refers to radio.o(i.RadioDriverInit) for RadioDriverInit
    main.o(i.main) refers to printfa.o(i.__0printf) for __2printf
    main.o(i.main) refers to lora_network_node.o(i.Loranode_Process) for Loranode_Process
    main.o(i.main) refers to bme280_app.o(.bss) for Global_BME280
    main.o(i.main) refers to lora_network_node.o(.bss) for Global_NodeInfo
    system_stm32f10x.o(i.SystemCoreClockUpdate) refers to system_stm32f10x.o(.data) for .data
    system_stm32f10x.o(i.SystemInit) refers to system_stm32f10x.o(i.SetSysClockTo72) for SetSysClockTo72
    led.o(i.LED_Init) refers to stm32f10x_rcc.o(i.RCC_APB2PeriphClockCmd) for RCC_APB2PeriphClockCmd
    led.o(i.LED_Init) refers to stm32f10x_gpio.o(i.GPIO_PinRemapConfig) for GPIO_PinRemapConfig
    led.o(i.LED_Init) refers to stm32f10x_gpio.o(i.GPIO_Init) for GPIO_Init
    led.o(i.LED_Init) refers to stm32f10x_gpio.o(i.GPIO_SetBits) for GPIO_SetBits
    bme280.o(i.bme280_compensate_data) refers to bme280.o(i.compensate_temperature) for compensate_temperature
    bme280.o(i.bme280_compensate_data) refers to bme280.o(i.compensate_pressure) for compensate_pressure
    bme280.o(i.bme280_compensate_data) refers to bme280.o(i.compensate_humidity) for compensate_humidity
    bme280.o(i.bme280_get_regs) refers to bme280.o(i.null_ptr_check) for null_ptr_check
    bme280.o(i.bme280_get_sensor_data) refers to bme280.o(i.null_ptr_check) for null_ptr_check
    bme280.o(i.bme280_get_sensor_data) refers to bme280.o(i.bme280_get_regs) for bme280_get_regs
    bme280.o(i.bme280_get_sensor_data) refers to bme280.o(i.bme280_parse_sensor_data) for bme280_parse_sensor_data
    bme280.o(i.bme280_get_sensor_data) refers to bme280.o(i.bme280_compensate_data) for bme280_compensate_data
    bme280.o(i.bme280_get_sensor_mode) refers to bme280.o(i.null_ptr_check) for null_ptr_check
    bme280.o(i.bme280_get_sensor_mode) refers to bme280.o(i.bme280_get_regs) for bme280_get_regs
    bme280.o(i.bme280_get_sensor_settings) refers to bme280.o(i.null_ptr_check) for null_ptr_check
    bme280.o(i.bme280_get_sensor_settings) refers to bme280.o(i.bme280_get_regs) for bme280_get_regs
    bme280.o(i.bme280_get_sensor_settings) refers to bme280.o(i.parse_device_settings) for parse_device_settings
    bme280.o(i.bme280_init) refers to bme280.o(i.null_ptr_check) for null_ptr_check
    bme280.o(i.bme280_init) refers to bme280.o(i.bme280_get_regs) for bme280_get_regs
    bme280.o(i.bme280_init) refers to bme280.o(i.bme280_soft_reset) for bme280_soft_reset
    bme280.o(i.bme280_init) refers to bme280.o(i.get_calib_data) for get_calib_data
    bme280.o(i.bme280_set_regs) refers to bme280.o(i.null_ptr_check) for null_ptr_check
[...]
    i.ADC_SoftwareStartConvCmd               0x08000bce   Section        0  stm32f10x_adc.o(i.ADC_SoftwareStartConvCmd)
    i.ADC_StartCalibration                   0x08000be2   Section        0  stm32f10x_adc.o(i.ADC_StartCalibration)
    i.Adc_Init                               0x08000bec   Section        0  adc.o(i.Adc_Init)
    i.BH1750_Init                            0x08000cb0   Section        0  bh1750.o(i.BH1750_Init)
    i.BH1750_ReadData                        0x08000cf8   Section        0  bh1750.o(i.BH1750_ReadData)
    i.BH1750_ReadRealData                    0x08000d2c   Section        0  bh1750.o(i.BH1750_ReadRealData)
    i.BH1750_SetMode                         0x08000d4c   Section        0  bh1750.o(i.BH1750_SetMode)
    i.BME280_Init                            0x08000d78   Section        0  bme280_app.o(i.BME280_Init)
    i.BusFault_Handler                       0x08000de8   Section        0  stm32f10x_it.o(i.BusFault_Handler)
    i.DebugMon_Handler                       0x08000dea   Section        0  stm32f10x_it.o(i.DebugMon_Handler)
    i.GPIO_Init                              0x08000dec   Section        0  stm32f10x_gpio.o(i.GPIO_Init)
    i.GPIO_PinRemapConfig                    0x08000e90   Section        0  stm32f10x_gpio.o(i.GPIO_PinRemapConfig)
    i.GPIO_ReadInputDataBit                  0x08000ee8   Section        0  stm32f10x_gpio.o(i.GPIO_ReadInputDataBit)
    i.GPIO_ResetBits                         0x08000ef6   Section        0  stm32f10x_gpio.o(i.GPIO_ResetBits)
    i.GPIO_SetBits                           0x08000efa   Section        0  stm32f10x_gpio.o(i.GPIO_SetBits)
    i.GPIO_WriteBit                          0x08000efe   Section        0  stm32f10x_gpio.o(i.GPIO_WriteBit)
    i.Get_Adc1                               0x08000f08   Section        0  adc.o(i.Get_Adc1)
    i.Get_Adc2                               0x08000f3c   Section        0  adc.o(i.Get_Adc2)
    i.Get_TVOC_Val                           0x08000f70   Section        0  adc.o(i.Get_TVOC_Val)
    i.Get_VBAT                               0x08000f98   Section        0  adc.o(i.Get_VBAT)
    i.HardFault_Handler                      0x08000fe4   Section        0  stm32f10x_it.o(i.HardFault_Handler)
    i.IIC2_Ack                               0x08000fe8   Section        0  my_iic2.o(i.IIC2_Ack)
    i.IIC2_Init                              0x08001028   Section        0  my_iic2.o(i.IIC2_Init)
    i.IIC2_NAck                              0x08001060   Section        0  my_iic2.o(i.IIC2_NAck)
    i.IIC2_Read_Byte                         0x080010a0   Section        0  my_iic2.o(i.IIC2_Read_Byte)
    i.IIC2_Read_nByte                        0x0800110c   Section        0  my_iic2.o(i.IIC2_Read_nByte)
    i.IIC2_Send_Byte                         0x08001174   Section        0  my_iic2.o(i.IIC2_Send_Byte)
    i.IIC2_Start                             0x080011dc   Section        0  my_iic2.o(i.IIC2_Start)
    i.IIC2_Stop                              0x0800121c   Section        0  my_iic2.o(i.IIC2_Stop)
    i.IIC2_Wait_Ack                          0x0800125c   Section        0  my_iic2.o(i.IIC2_Wait_Ack)
    i.IIC2_Write_nByte                       0x080012d0   Section        0  my_iic2.o(i.IIC2_Write_nByte)
    i.IIC_Ack                                0x0800131c   Section        0  myiic.o(i.IIC_Ack)
    i.IIC_Init                               0x0800135c   Section        0  myiic.o(i.IIC_Init)
    i.IIC_NAck                               0x0800139c   Section        0  myiic.o(i.IIC_NAck)
    i.IIC_Read_Byte                          0x080013dc   Section        0  myiic.o(i.IIC_Read_Byte)
    i.IIC_Send_Byte                          0x08001448   Section        0  myiic.o(i.IIC_Send_Byte)
    i.IIC_Start                              0x080014b0   Section        0  myiic.o(i.IIC_Start)
    i.IIC_Stop                               0x080014f0   Section        0  myiic.o(i.IIC_Stop)
    i.IIC_Wait_Ack                           0x08001534   Section        0  myiic.o(i.IIC_Wait_Ack)
    i.LED_Init                               0x0800158c   Section        0  led.o(i.LED_Init)
    i.LoraNode_GatewayPack_Process           0x080015e4   Section        0  lora_network_node.o(i.LoraNode_GatewayPack_Process)
    i.LoraNode_GetSensorData                 0x08001678   Section        0  lora_network_node.o(i.LoraNode_GetSensorData)
    i.LoraNode_SendDataPack                  0x08001774   Section        0  lora_network_node.o(i.LoraNode_SendDataPack)
    i.LoraNode_UploadData                    0x08001828   Section        0  lora_network_node.o(i.LoraNode_UploadData)
    i.Loranode_Process                       0x08001984   Section        0  lora_network_node.o(i.Loranode_Process)
    i.MemManage_Handler                      0x08001a2c   Section        0  stm32f10x_it.o(i.MemManage_Handler)
    i.NMI_Handler                            0x08001a2e   Section        0  stm32f10x_it.o(i.NMI_Handler)
    i.NVIC_Init                              0x08001a30   Section        0  misc.o(i.NVIC_Init)
    i.NVIC_PriorityGroupConfig               0x08001a94   Section        0  misc.o(i.NVIC_PriorityGroupConfig)
    i.PendSV_Handler                         0x08001aa8   Section        0  stm32f10x_it.o(i.PendSV_Handler)
    i.RCC_ADCCLKConfig                       0x08001aac   Section        0  stm32f10x_rcc.o(i.RCC_ADCCLKConfig)
    i.RCC_APB2PeriphClockCmd                 0x08001ac0   Section        0  stm32f10x_rcc.o(i.RCC_APB2PeriphClockCmd)
    i.RCC_APB2PeriphResetCmd                 0x08001ad8   Section        0  stm32f10x_rcc.o(i.RCC_APB2PeriphResetCmd)
    i.RCC_GetClocksFreq                      0x08001af0   Section        0  stm32f10x_rcc.o(i.RCC_GetClocksFreq)
    i.RadioDriverInit                        0x08001b80   Section        0  radio.o(i.RadioDriverInit)
    i.SPI_Cmd                                0x08001bb8   Section        0  stm32f10x_spi.o(i.SPI_Cmd)
    i.SPI_I2S_GetFlagStatus                  0x08001bcc   Section        0  stm32f10x_spi.o(i.SPI_I2S_GetFlagStatus)
    i.SPI_I2S_ReceiveData                    0x08001bda   Section        0  stm32f10x_spi.o(i.SPI_I2S_ReceiveData)
    i.SPI_I2S_SendData                       0x08001bde   Section        0  stm32f10x_spi.o(i.SPI_I2S_SendData)
    i.SPI_Init                               0x08001be2   Section        0  stm32f10x_spi.o(i.SPI_Init)
    i.SVC_Handler                            0x08001c1a   Section        0  stm32f10x_it.o(i.SVC_Handler)
    i.SX1276FskGetPacketPayloadSize          0x08001c1c   Section        0  sx1276-fsk.o(i.SX1276FskGetPacketPayloadSize)
    i.SX1276FskGetRxPacket                   0x08001c54   Section        0  sx1276-fsk.o(i.SX1276FskGetRxPacket)
    i.SX1276FskProcess                       0x08001c70   Section        0  sx1276-fsk.o(i.SX1276FskProcess)
    i.SX1276FskReadAfc                       0x08001fe0   Section        0  sx1276-fsk.o(i.SX1276FskReadAfc)
    i.SX1276FskReadRssi                      0x08002014   Section        0  sx1276-fsk.o(i.SX1276FskReadRssi)
    i.SX1276FskReadRxGain                    0x08002040   Section        0  sx1276-fsk.o(i.SX1276FskReadRxGain)
    i.SX1276FskSetOpMode                     0x0800205c   Section        0  sx1276-fsk.o(i.SX1276FskSetOpMode)
    i.SX1276FskSetRFState                    0x08002098   Section        0  sx1276-fsk.o(i.SX1276FskSetRFState)
    i.SX1276FskSetTxPacket                   0x080020a4   Section        0  sx1276-fsk.o(i.SX1276FskSetTxPacket)
    i.SX1276GetRxPacket                      0x080020c4   Section        0  sx1276.o(i.SX1276GetRxPacket)
    i.SX1276Init                             0x080020d8   Section        0  sx1276.o(i.SX1276Init)
    i.SX1276InitIo                           0x0800214c   Section        0  sx1276-hal.o(i.SX1276InitIo)
    i.SX1276LoRaGetRxPacket                  0x080021f0   Section        0  sx1276-lora.o(i.SX1276LoRaGetRxPacket)
    i.SX1276LoRaInit                         0x08002208   Section        0  sx1276-lora.o(i.SX1276LoRaInit)
    i.SX1276LoRaProcess                      0x080022b0   Section        0  sx1276-lora.o(i.SX1276LoRaProcess)
    i.SX1276LoRaReadRxGain                   0x08002748   Section        0  sx1276-lora.o(i.SX1276LoRaReadRxGain)
    i.SX1276LoRaSetDefaults                  0x08002764   Section        0  sx1276-lora.o(i.SX1276LoRaSetDefaults)
    i.SX1276LoRaSetErrorCoding               0x08002774   Section        0  sx1276-loramisc.o(i.SX1276LoRaSetErrorCoding)
    i.SX1276LoRaSetImplicitHeaderOn          0x080027a8   Section        0  sx1276-loramisc.o(i.SX1276LoRaSetImplicitHeaderOn)
    i.SX1276LoRaSetLowDatarateOptimize       0x080027d8   Section        0  sx1276-loramisc.o(i.SX1276LoRaSetLowDatarateOptimize)
    i.SX1276LoRaSetNbTrigPeaks               0x08002808   Section        0  sx1276-loramisc.o(i.SX1276LoRaSetNbTrigPeaks)
    i.SX1276LoRaSetOpMode                    0x08002834   Section        0  sx1276-lora.o(i.SX1276LoRaSetOpMode)
    i.SX1276LoRaSetPAOutput                  0x08002870   Section        0  sx1276-loramisc.o(i.SX1276LoRaSetPAOutput)
    i.SX1276LoRaSetPa20dBm                   0x0800289c   Section        0  sx1276-loramisc.o(i.SX1276LoRaSetPa20dBm)
    i.SX1276LoRaSetPacketCrcOn               0x080028e0   Section        0  sx1276-loramisc.o(i.SX1276LoRaSetPacketCrcOn)
    i.SX1276LoRaSetPayloadLength             0x08002914   Section        0  sx1276-loramisc.o(i.SX1276LoRaSetPayloadLength)
    i.SX1276LoRaSetRFFrequency               0x08002938   Section        0  sx1276-loramisc.o(i.SX1276LoRaSetRFFrequency)
    i.SX1276LoRaSetRFPower                   0x08002978   Section        0  sx1276-loramisc.o(i.SX1276LoRaSetRFPower)
    i.SX1276LoRaSetRFState                   0x08002a14   Section        0  sx1276-lora.o(i.SX1276LoRaSetRFState)
    i.SX1276LoRaSetSignalBandwidth           0x08002a20   Section        0  sx1276-loramisc.o(i.SX1276LoRaSetSignalBandwidth)
    i.SX1276LoRaSetSpreadingFactor           0x08002a50   Section        0  sx1276-loramisc.o(i.SX1276LoRaSetSpreadingFactor)
    i.SX1276LoRaSetSymbTimeout               0x08002aa4   Section        0  sx1276-loramisc.o(i.SX1276LoRaSetSymbTimeout)
    i.SX1276LoRaSetTxPacket                  0x08002adc   Section        0  sx1276-lora.o(i.SX1276LoRaSetTxPacket)
    i.SX1276Process                          0x08002b04   Section        0  sx1276.o(i.SX1276Process)
    i.SX1276Read                             0x08002b18   Section        0  sx1276-hal.o(i.SX1276Read)
    i.SX1276ReadBuffer                       0x08002b20   Section        0  sx1276-hal.o(i.SX1276ReadBuffer)
    i.SX1276ReadDio0                         0x08002b64   Section        0  sx1276-hal.o(i.SX1276ReadDio0)
    i.SX1276ReadDio1                         0x08002b70   Section        0  sx1276-hal.o(i.SX1276ReadDio1)
    i.SX1276ReadDio2                         0x08002b80   Section        0  sx1276-hal.o(i.SX1276ReadDio2)
    i.SX1276ReadDio3                         0x08002b90   Section        0  sx1276-hal.o(i.SX1276ReadDio3)
    i.SX1276ReadDio4                         0x08002ba0   Section        0  sx1276-hal.o(i.SX1276ReadDio4)
    i.SX1276ReadFifo                         0x08002bb0   Section        0  sx1276-hal.o(i.SX1276ReadFifo)
    i.SX1276Reset                            0x08002bba   Section        0  sx1276.o(i.SX1276Reset)
    i.SX1276SetLoRaOn                        0x08002bd8   Section        0  sx1276.o(i.SX1276SetLoRaOn)
    i.SX1276SetReset                         0x08002c58   Section        0  sx1276-hal.o(i.SX1276SetReset)
    i.SX1276SetTxPacket                      0x08002c70   Section        0  sx1276.o(i.SX1276SetTxPacket)
    i.SX1276StartRx                          0x08002c84   Section        0  sx1276.o(i.SX1276StartRx)
    i.SX1276Write                            0x08002c9c   Section        0  sx1276-hal.o(i.SX1276Write)
    i.SX1276WriteBuffer                      0x08002ca8   Section        0  sx1276-hal.o(i.SX1276WriteBuffer)
    i.SX1276WriteFifo                        0x08002cec   Section        0  sx1276-hal.o(i.SX1276WriteFifo)
    i.SetSysClockTo72                        0x08002cf8   Section        0  system_stm32f10x.o(i.SetSysClockTo72)
    SetSysClockTo72                          0x08002cf9   Thumb Code   160  system_stm32f10x.o(i.SetSysClockTo72)
    i.SpiInOut                               0x08002da0   Section        0  spi.o(i.SpiInOut)
    i.SpiInit                                0x08002dd4   Section        0  spi.o(i.SpiInit)
    i.SysTick_CLKSourceConfig                0x08002e78   Section        0  misc.o(i.SysTick_CLKSourceConfig)
    i.SysTick_Handler                        0x08002e90   Section        0  stm32f10x_it.o(i.SysTick_Handler)
    i.SystemInit                             0x08002e94   Section        0  system_stm32f10x.o(i.SystemInit)
    i.USART1_IRQHandler                      0x08002ee4   Section        0  usart1.o(i.USART1_IRQHandler)
    i.USART_Cmd                              0x08002f48   Section        0  stm32f10x_usart.o(i.USART_Cmd)
    i.USART_GetITStatus                      0x08002f5c   Section        0  stm32f10x_usart.o(i.USART_GetITStatus)
    i.USART_ITConfig                         0x08002f9a   Section        0  stm32f10x_usart.o(i.USART_ITConfig)
    i.USART_Init                             0x08002fcc   Section        0  stm32f10x_usart.o(i.USART_Init)
    i.USART_ReceiveData                      0x08003078   Section        0  stm32f10x_usart.o(i.USART_ReceiveData)
    i.UsageFault_Handler                     0x08003080   Section        0  stm32f10x_it.o(i.UsageFault_Handler)
    i.__0printf                              0x08003084   Section        0  printfa.o(i.__0printf)
    i.__scatterload_copy                     0x080030a4   Section       14  handlers.o(i.__scatterload_copy)
    i.__scatterload_null                     0x080030b2   Section        2  handlers.o(i.__scatterload_null)
    i.__scatterload_zeroinit                 0x080030b4   Section       14  handlers.o(i.__scatterload_zeroinit)
    i._fp_digits                             0x080030c4   Section        0  printfa.o(i._fp_digits)
    _fp_digits                               0x080030c5   Thumb Code   366  printfa.o(i._fp_digits)
    i._printf_core                           0x08003248   Section        0  printfa.o(i._printf_core)
    _printf_core                             0x08003249   Thumb Code  1744  printfa.o(i._printf_core)
    i._printf_post_padding                   0x08003924   Section        0  printfa.o(i._printf_post_padding)
    _printf_post_padding                     0x08003925   Thumb Code    36  printfa.o(i._printf_post_padding)
    i._printf_pre_padding                    0x08003948   Section        0  printfa.o(i._printf_pre_padding)
    _printf_pre_padding                      0x08003949   Thumb Code    46  printfa.o(i._printf_pre_padding)
    i.are_settings_changed                   0x08003976   Section        0  bme280.o(i.are_settings_changed)
    are_settings_changed                     0x08003977   Thumb Code    12  bme280.o(i.are_settings_changed)
    i.bme280_compensate_data                 0x08003982   Section        0  bme280.o(i.bme280_compensate_data)
    i.bme280_get_regs                        0x080039e4   Section        0  bme280.o(i.bme280_get_regs)
    i.bme280_get_sensor_data                 0x08003a1c   Section        0  bme280.o(i.bme280_get_sensor_data)
    i.bme280_get_sensor_mode                 0x08003a6c   Section        0  bme280.o(i.bme280_get_sensor_mode)
    i.bme280_init                            0x08003a92   Section        0  bme280.o(i.bme280_init)
    i.bme280_parse_sensor_data               0x08003ae8   Section        0  bme280.o(i.bme280_parse_sensor_data)
    i.bme280_set_regs                        0x08003b1a   Section        0  bme280.o(i.bme280_set_regs)
    i.bme280_set_sensor_mode                 0x08003bb0   Section        0  bme280.o(i.bme280_set_sensor_mode)
    i.bme280_set_sensor_settings             0x08003c0a   Section        0  bme280.o(i.bme280_set_sensor_settings)
    i.bme280_soft_reset                      0x08003c6c   Section        0  bme280.o(i.bme280_soft_reset)
    i.compensate_humidity                    0x08003ca0   Section        0  bme280.o(i.compensate_humidity)
    compensate_humidity                      0x08003ca1   Thumb Code   328  bme280.o(i.compensate_humidity)
    i.compensate_pressure                    0x08003df4   Section        0  bme280.o(i.compensate_pressure)
    compensate_pressure                      0x08003df5   Thumb Code   512  bme280.o(i.compensate_pressure)
    i.compensate_temperature                 0x0800400c   Section        0  bme280.o(i.compensate_temperature)
    compensate_temperature                   0x0800400d   Thumb Code   252  bme280.o(i.compensate_temperature)
    i.delay_init                             0x08004114   Section        0  delay.o(i.delay_init)
    i.delay_ms                               0x08004150   Section        0  delay.o(i.delay_ms)
    i.delay_us                               0x08004184   Section        0  delay.o(i.delay_us)
    i.fputc                                  0x080041b8   Section        0  usart1.o(i.fputc)
    i.get_calib_data                         0x080041d0   Section        0  bme280.o(i.get_calib_data)
    get_calib_data                           0x080041d1   Thumb Code   190  bme280.o(i.get_calib_data)
    i.main                                   0x08004290   Section        0  main.o(i.main)
    i.null_ptr_check                         0x08004318   Section        0  bme280.o(i.null_ptr_check)
    null_ptr_check                           0x08004319   Thumb Code    24  bme280.o(i.null_ptr_check)
    i.parse_device_settings                  0x08004330   Section        0  bme280.o(i.parse_device_settings)
    parse_device_settings                    0x08004331   Thumb Code    38  bme280.o(i.parse_device_settings)
    i.put_device_to_sleep                    0x08004356   Section        0  bme280.o(i.put_device_to_sleep)
    put_device_to_sleep                      0x08004357   Thumb Code    66  bme280.o(i.put_device_to_sleep)
    i.round                                  0x08004398   Section        0  round.o(i.round)
    i.set_filter_standby_settings            0x0800442c   Section        0  bme280.o(i.set_filter_standby_settings)
    set_filter_standby_settings              0x0800442d   Thumb Code    78  bme280.o(i.set_filter_standby_settings)
    i.set_osr_settings                       0x0800447a   Section        0  bme280.o(i.set_osr_settings)
    set_osr_settings                         0x0800447b   Thumb Code   152  bme280.o(i.set_osr_settings)
    i.set_sensor_data_normal_mode            0x08004512   Section        0  bme280_app.o(i.set_sensor_data_normal_mode)
    i.uart_init                              0x08004548   Section        0  usart1.o(i.uart_init)
    i.user_i2c_read                          0x080045e8   Section        0  my_iic2.o(i.user_i2c_read)
    i.user_i2c_write                         0x080045f8   Section        0  my_iic2.o(i.user_i2c_write)
    .constdata                               0x08004608   Section      444  sx1276-lora.o(.constdata)
    .data                                    0x20000000   Section       20  system_stm32f10x.o(.data)
    .data                                    0x20000014   Section        4  delay.o(.data)
    fac_us                                   0x20000014   Data           1  delay.o(.data)
    fac_ms                                   0x20000016   Data           2  delay.o(.data)
    .data                                    0x20000018   Section        2  usart1.o(.data)
    .data                                    0x2000001c   Section        4  usart1.o(.data)
    .data                                    0x20000020   Section       20  stm32f10x_rcc.o(.data)
    ADCPrescTable                            0x20000020   Data           4  stm32f10x_rcc.o(.data)
    APBAHBPrescTable                         0x20000024   Data          16  stm32f10x_rcc.o(.data)
    .data                                    0x20000034   Section        2  sx1276.o(.data)
    LoRaOn                                   0x20000034   Data           1  sx1276.o(.data)
    LoRaOnState                              0x20000035   Data           1  sx1276.o(.data)
    .data                                    0x20000038   Section       60  sx1276-lora.o(.data)
    RFLRState                                0x20000038   Data           1  sx1276-lora.o(.data)
    RxGain                                   0x20000039   Data           1  sx1276-lora.o(.data)
    opModePrev                               0x2000003a   Data           1  sx1276-lora.o(.data)
    antennaSwitchTxOnPrev                    0x2000003b   Data           1  sx1276-lora.o(.data)
    RxPacketSnrEstimate                      0x2000003c   Data           1  sx1276-lora.o(.data)
    RxPacketSize                             0x2000003e   Data           2  sx1276-lora.o(.data)
    TxPacketSize                             0x20000040   Data           2  sx1276-lora.o(.data)
    RxTimeoutTimer                           0x20000044   Data           4  sx1276-lora.o(.data)
    PacketTimeout                            0x2000004c   Data           4  sx1276-lora.o(.data)
    RxPacketRssiValue                        0x20000050   Data           8  sx1276-lora.o(.data)
    .data                                    0x20000078   Section       84  sx1276-fsk.o(.data)
    DataChunkSize                            0x20000078   Data           1  sx1276-fsk.o(.data)
    RFState                                  0x20000079   Data           1  sx1276-fsk.o(.data)
    PreambleDetected                         0x2000007a   Data           1  sx1276-fsk.o(.data)
    SyncWordDetected                         0x2000007b   Data           1  sx1276-fsk.o(.data)
    PacketDetected                           0x2000007c   Data           1  sx1276-fsk.o(.data)
    RxBytesRead                              0x2000007d   Data           1  sx1276-fsk.o(.data)
    TxBytesSent                              0x2000007e   Data           1  sx1276-fsk.o(.data)
    RxGain                                   0x2000007f   Data           1  sx1276-fsk.o(.data)
    opModePrev                               0x20000080   Data           1  sx1276-fsk.o(.data)
    antennaSwitchTxOnPrev                    0x20000081   Data           1  sx1276-fsk.o(.data)
    RxPacketSize                             0x20000082   Data           2  sx1276-fsk.o(.data)
    TxPacketSize                             0x20000084   Data           2  sx1276-fsk.o(.data)
    RxTimeoutTimer                           0x20000088   Data           4  sx1276-fsk.o(.data)
    Preamble2SyncTimer                       0x2000008c   Data           4  sx1276-fsk.o(.data)
    TxTimeoutTimer                           0x20000090   Data           4  sx1276-fsk.o(.data)
    PacketTimeout                            0x20000098   Data           4  sx1276-fsk.o(.data)
    Preamble2SyncTimeout                     0x2000009c   Data           4  sx1276-fsk.o(.data)
    RxPacketAfcValue                         0x200000a0   Data           4  sx1276-fsk.o(.data)
    RxPacketRssiValue                        0x200000a8   Data           8  sx1276-fsk.o(.data)
    .data                                    0x200000cc   Section        4  sx12xxeiger.o(.data)
    .bss                                     0x200000d0   Section       23  lora_network_node.o(.bss)
    .bss                                     0x200000e8   Section       64  bme280_app.o(.bss)
    .bss                                     0x20000128   Section      200  usart1.o(.bss)
    .bss                                     0x200001f0   Section       24  radio.o(.bss)
    .bss                                     0x20000208   Section      112  sx1276.o(.bss)
    .bss                                     0x20000278   Section      256  sx1276-lora.o(.bss)
    RFBuffer                                 0x20000278   Data         256  sx1276-lora.o(.bss)
    .bss                                     0x20000378   Section      256  sx1276-fsk.o(.bss)
    RFBuffer                                 0x20000378   Data         256  sx1276-fsk.o(.bss)
    STACK                                    0x20000478   Section     1024  startup_stm32f10x_hd.o(STACK)

    Global Symbols

    Symbol Name                              Value     Ov Type        Size  Object(Section)

    BuildAttributes$$THM_ISAv4$P$D$K$B$S$PE$A:L22UL41UL21$X:L11$S22US41US21$IEEE1$IW$USESV6$~STKCKD$USESV7$~SHL$OTIME$ROPI$IEEEX$EBA8$MICROLIB$REQ8$PRES8$EABIv2 0x00000000   Number         0  anon$$obj.o ABSOLUTE
    __ARM_use_no_argv                        0x00000000   Number         0  main.o ABSOLUTE
    __use_no_errno                           0x00000000   Number         0  useno.o ABSOLUTE
    __use_no_exception_handling              0x00000000   Number         0  useno.o ABSOLUTE
    __use_no_fp                              0x00000000   Number         0  useno.o ABSOLUTE
    __use_no_heap                            0x00000000   Number         0  useno.o ABSOLUTE
    __use_no_heap_region                     0x00000000   Number         0  useno.o ABSOLUTE
    __use_no_semihosting                     0x00000000   Number         0  useno.o ABSOLUTE
    __use_no_semihosting_swi                 0x00000000   Number         0  useno.o ABSOLUTE
    __use_no_signal_handling                 0x00000000   Number         0  useno.o ABSOLUTE
    _printf_a                                0x00000000   Number         0  stubs.o ABSOLUTE
    _printf_c                                0x00000000   Number         0  stubs.o ABSOLUTE
    _printf_charcount                        0x00000000   Number         0  stubs.o ABSOLUTE
    _printf_d                                0x00000000   Number         0  stubs.o ABSOLUTE
    _printf_e                                0x00000000   Number         0  stubs.o ABSOLUTE
    _printf_f                                0x00000000   Number         0  stubs.o ABSOLUTE
    _printf_flags                            0x00000000   Number         0  stubs.o ABSOLUTE
    _printf_fp_dec                           0x00000000   Number         0  stubs.o ABSOLUTE
    _printf_fp_hex                           0x00000000   Number         0  stubs.o ABSOLUTE
    _printf_g                                0x00000000   Number         0  stubs.o ABSOLUTE
    _printf_i                                0x00000000   Number         0  stubs.o ABSOLUTE
    _printf_int_dec                          0x00000000   Number         0  stubs.o ABSOLUTE
    _printf_l                                0x00000000   Number         0  stubs.o ABSOLUTE
    _printf_lc                               0x00000000   Number         0  stubs.o ABSOLUTE
    _printf_ll                               0x00000000   Number         0  stubs.o ABSOLUTE
    _printf_lld                              0x00000000   Number         0  stubs.o ABSOLUTE
    _printf_lli                              0x00000000   Number         0  stubs.o ABSOLUTE
    _printf_llo                              0x00000000   Number         0  stubs.o ABSOLUTE
    _printf_llu                              0x00000000   Number         0  stubs.o ABSOLUTE
    _printf_llx                              0x00000000   Number         0  stubs.o ABSOLUTE
    _printf_longlong_dec                     0x00000000   Number         0  stubs.o ABSOLUTE
    _printf_longlong_hex                     0x00000000   Number         0  stubs.o ABSOLUTE
    _printf_longlong_oct                     0x00000000   Number         0  stubs.o ABSOLUTE
    _printf_ls                               0x00000000   Number         0  stubs.o ABSOLUTE
    _printf_mbtowc                           0x00000000   Number         0  stubs.o ABSOLUTE
    _printf_n                                0x00000000   Number         0  stubs.o ABSOLUTE
    _printf_o                                0x00000000   Number         0  stubs.o ABSOLUTE
    _printf_p                                0x00000000   Number         0  stubs.o ABSOLUTE
    _printf_percent                          0x00000000   Number         0  stubs.o ABSOLUTE
    _printf_pre_padding                      0x00000000   Number         0  stubs.o ABSOLUTE
    _printf_return_value                     0x00000000   Number         0  stubs.o ABSOLUTE
    _printf_s                                0x00000000   Number         0  stubs.o ABSOLUTE
    _printf_sizespec                         0x00000000   Number         0  stubs.o ABSOLUTE
    _printf_str                              0x00000000   Number         0  stubs.o ABSOLUTE
    _printf_truncate_signed                  0x00000000   Number         0  stubs.o ABSOLUTE
    _printf_truncate_unsigned                0x00000000   Number         0  stubs.o ABSOLUTE
    _printf_u                                0x00000000   Number         0  stubs.o ABSOLUTE
    _printf_wc                               0x00000000   Number         0  stubs.o ABSOLUTE
    _printf_wctomb                           0x00000000   Number         0  stubs.o ABSOLUTE
    _printf_widthprec                        0x00000000   Number         0  stubs.o ABSOLUTE
    _printf_x                                0x00000000   Number         0  stubs.o ABSOLUTE
    __cpp_initialize__aeabi_                  - Undefined Weak Reference
    __cxa_finalize                            - Undefined Weak Reference
    __decompress                              - Undefined Weak Reference
    _clock_init                               - Undefined Weak Reference
    _microlib_exit                            - Undefined Weak Reference
    __Vectors_Size                           0x00000130   Number         0  startup_stm32f10x_hd.o ABSOLUTE
    __Vectors                                0x08000000   Data           4  startup_stm32f10x_hd.o(RESET)
    __Vectors_End                            0x08000130   Data           0  startup_stm32f10x_hd.o(RESET)
    __main                                   0x08000131   Thumb Code     0  entry.o(.ARM.Collect$$$$00000000)
    _main_stk                                0x08000131   Thumb Code     0  entry2.o(.ARM.Collect$$$$00000001)
    _main_scatterload                        0x08000135   Thumb Code     0  entry5.o(.ARM.Collect$$$$00000004)
    __main_after_scatterload                 0x08000139   Thumb Code     0  entry5.o(.ARM.Collect$$$$00000004)
    _main_clock                              0x08000139   Thumb Code     0  entry7b.o(.ARM.Collect$$$$00000008)
    _main_cpp_init                           0x08000139   Thumb Code     0  entry8b.o(.ARM.Collect$$$$0000000A)
    _main_init                               0x08000139   Thumb Code     0  entry9a.o(.ARM.Collect$$$$0000000B)
    __rt_final_cpp                           0x08000141   Thumb Code     0  entry10a.o(.ARM.Collect$$$$0000000D)
    __rt_final_exit                          0x08000141   Thumb Code     0  entry11a.o(.ARM.Collect$$$$0000000F)
    Reset_Handler                            0x08000145   Thumb Code     8  startup_stm32f10x_hd.o(.text)
    ADC1_2_IRQHandler                        0x0800015f   Thumb Code     0  startup_stm32f10x_hd.o(.text)
    ADC3_IRQHandler                          0x0800015f   Thumb Code     0  startup_stm32f10x_hd.o(.text)
    CAN1_RX1_IRQHandler                      0x0800015f   Thumb Code     0  startup_stm32f10x_hd.o(.text)
    CAN1_SCE_IRQHandler                      0x0800015f   Thumb Code     0  startup_stm32f10x_hd.o(.text)
    DMA1_Channel1_IRQHandler                 0x0800015f   Thumb Code     0  startup_stm32f10x_hd.o(.text)
    DMA1_Channel2_IRQHandler                 0x0800015f   Thumb Code     0  startup_stm32f10x_hd.o(.text)
    DMA1_Channel3_IRQHandler                 0x0800015f   Thumb Code     0  startup_stm32f10x_hd.o(.text)
    DMA1_Channel4_IRQHandler                 0x0800015f   Thumb Code     0  startup_stm32f10x_hd.o(.text)
    DMA1_Channel5_IRQHandler                 0x0800015f   Thumb Code     0  startup_stm32f10x_hd.o(.text)
    DMA1_Channel6_IRQHandler                 0x0800015f   Thumb Code     0  startup_stm32f10x_hd.o(.text)
    DMA1_Channel7_IRQHandler                 0x0800015f   Thumb Code     0  startup_stm32f10x_hd.o(.text)
    DMA2_Channel1_IRQHandler                 0x0800015f   Thumb Code     0  startup_stm32f10x_hd.o(.text)
    DMA2_Channel2_IRQHandler                 0x0800015f   Thumb Code     0  startup_stm32f10x_hd.o(.text)
    DMA2_Channel3_IRQHandler                 0x0800015f   Thumb Code     0  startup_stm32f10x_hd.o(.text)
    DMA2_Channel4_5_IRQHandler               0x0800015f   Thumb Code     0  startup_stm32f10x_hd.o(.text)
    EXTI0_IRQHandler                         0x0800015f   Thumb Code     0  startup_stm32f10x_hd.o(.text)
    EXTI15_10_IRQHandler                     0x0800015f   Thumb Code     0  startup_stm32f10x_hd.o(.text)
    EXTI1_IRQHandler                         0x0800015f   Thumb Code     0  startup_stm32f10x_hd.o(.text)
    EXTI2_IRQHandler                         0x0800015f   Thumb Code     0  startup_stm32f10x_hd.o(.text)
    EXTI3_IRQHandler                         0x0800015f   Thumb Code     0  startup_stm32f10x_hd.o(.text)
    EXTI4_IRQHandler                         0x0800015f   Thumb Code     0  startup_stm32f10x_hd.o(.text)
    EXTI9_5_IRQHandler                       0x0800015f   Thumb Code     0  startup_stm32f10x_hd.o(.text)
    FLASH_IRQHandler                         0x0800015f   Thumb Code     0  startup_stm32f10x_hd.o(.text)
    FSMC_IRQHandler                          0x0800015f   Thumb Code     0  startup_stm32f10x_hd.o(.text)
    I2C1_ER_IRQHandler                       0x0800015f   Thumb Code     0  startup_stm32f10x_hd.o(.text)
    I2C1_EV_IRQHandler                       0x0800015f   Thumb Code     0  startup_stm32f10x_hd.o(.text)
    I2C2_ER_IRQHandler                       0x0800015f   Thumb Code     0  startup_stm32f10x_hd.o(.text)
    I2C2_EV_IRQHandler                       0x0800015f   Thumb Code     0  startup_stm32f10x_hd.o(.text)
    PVD_IRQHandler                           0x0800015f   Thumb Code     0  startup_stm32f10x_hd.o(.text)
    RCC_IRQHandler                           0x0800015f   Thumb Code     0  startup_stm32f10x_hd.o(.text)
    RTCAlarm_IRQHandler                      0x0800015f   Thumb Code     0  startup_stm32f10x_hd.o(.text)
    RTC_IRQHandler                           0x0800015f   Thumb Code     0  startup_stm32f10x_hd.o(.text)
    SDIO_IRQHandler                          0x0800015f   Thumb Code     0  startup_stm32f10x_hd.o(.text)
    SPI1_IRQHandler                          0x0800015f   Thumb Code     0  startup_stm32f10x_hd.o(.text)
    SPI2_IRQHandler                          0x0800015f   Thumb Code     0  startup_stm32f10x_hd.o(.text)
    SPI3_IRQHandler                          0x0800015f   Thumb Code     0  startup_stm32f10x_hd.o(.text)
    TAMPER_IRQHandler                        0x0800015f   Thumb Code     0  startup_stm32f10x_hd.o(.text)
    TIM1_BRK_IRQHandler                      0x0800015f   Thumb Code     0  startup_stm32f10x_hd.o(.text)
    TIM1_CC_IRQHandler                       0x0800015f   Thumb Code     0  startup_stm32f10x_hd.o(.text)
    TIM1_TRG_COM_IRQHandler                  0x0800015f   Thumb Code     0  startup_stm32f10x_hd.o(.text)
    TIM1_UP_IRQHandler                       0x0800015f   Thumb Code     0  startup_stm32f10x_hd.o(.text)
    TIM2_IRQHandler                          0x0800015f   Thumb Code     0  startup_stm32f10x_hd.o(.text)
    TIM3_IRQHandler                          0x0800015f   Thumb Code     0  startup_stm32f10x_hd.o(.text)
    TIM4_IRQHandler                          0x0800015f   Thumb Code     0  startup_stm32f10x_hd.o(.text)
    TIM5_IRQHandler                          0x0800015f   Thumb Code     0  startup_stm32f10x_hd.o(.text)
    TIM6_IRQHandler                          0x0800015f   Thumb Code     0  startup_stm32f10x_hd.o(.text)
    TIM7_IRQHandler                          0x0800015f   Thumb Code     0  startup_stm32f10x_hd.o(.text)
    TIM8_BRK_IRQHandler                      0x0800015f   Thumb Code     0  startup_stm32f10x_hd.o(.text)
    TIM8_CC_IRQHandler                       0x0800015f   Thumb Code     0  startup_stm32f10x_hd.o(.text)
    TIM8_TRG_COM_IRQHandler                  0x0800015f   Thumb Code     0  startup_stm32f10x_hd.o(.text)
    TIM8_UP_IRQHandler                       0x0800015f   Thumb Code     0  startup_stm32f10x_hd.o(.text)
    UART4_IRQHandler                         0x0800015f   Thumb Code     0  startup_stm32f10x_hd.o(.text)
    UART5_IRQHandler                         0x0800015f   Thumb Code     0  startup_stm32f10x_hd.o(.text)
    USART2_IRQHandler                        0x0800015f   Thumb Code     0  startup_stm32f10x_hd.o(.text)
    USART3_IRQHandler                        0x0800015f   Thumb Code     0  startup_stm32f10x_hd.o(.text)
    USBWakeUp_IRQHandler                     0x0800015f   Thumb Code     0  startup_stm32f10x_hd.o(.text)
    USB_HP_CAN1_TX_IRQHandler                0x0800015f   Thumb Code     0  startup_stm32f10x_hd.o(.text)
    USB_LP_CAN1_RX0_IRQHandler               0x0800015f   Thumb Code     0  startup_stm32f10x_hd.o(.text)
    WWDG_IRQHandler                          0x0800015f   Thumb Code     0  startup_stm32f10x_hd.o(.text)
    __aeabi_memcpy                           0x08000169   Thumb Code    36  memcpya.o(.text)
    __aeabi_memcpy4                          0x08000169   Thumb Code     0  memcpya.o(.text)
    __aeabi_memcpy8                          0x08000169   Thumb Code     0  memcpya.o(.text)
    __aeabi_memset                           0x0800018d   Thumb Code    14  memseta.o(.text)
    __aeabi_memset4                          0x0800018d   Thumb Code     0  memseta.o(.text)
    __aeabi_memset8                          0x0800018d   Thumb Code     0  memseta.o(.text)
    __aeabi_memclr                           0x0800019b   Thumb Code     4  memseta.o(.text)
    __aeabi_memclr4                          0x0800019b   Thumb Code     0  memseta.o(.text)
    __aeabi_memclr8                          0x0800019b   Thumb Code     0  memseta.o(.text)
    _memset$wrapper                          0x0800019f   Thumb Code    18  memseta.o(.text)
    __aeabi_fmul                             0x080001b1   Thumb Code   100  fmul.o(.text)
    __aeabi_fdiv                             0x08000215   Thumb Code   124  fdiv.o(.text)
    __ARM_scalbnf                            0x08000291   Thumb Code    24  fscalb.o(.text)
    scalbnf                                  0x08000291   Thumb Code     0  fscalb.o(.text)
    __aeabi_dadd                             0x080002a9   Thumb Code   322  dadd.o(.text)
    __aeabi_dsub                             0x080003eb   Thumb Code     6  dadd.o(.text)
    __aeabi_drsub                            0x080003f1   Thumb Code     6  dadd.o(.text)
    __aeabi_dmul                             0x080003f7   Thumb Code   228  dmul.o(.text)
    __aeabi_ddiv                             0x080004db   Thumb Code   222  ddiv.o(.text)
    __ARM_scalbn                             0x080005b9   Thumb Code    46  dscalb.o(.text)
    scalbn                                   0x080005b9   Thumb Code     0  dscalb.o(.text)
    __aeabi_ui2f                             0x080005e7   Thumb Code    10  ffltui.o(.text)
    __aeabi_i2d                              0x080005f1   Thumb Code    34  dflti.o(.text)
    __aeabi_ui2d                             0x08000613   Thumb Code    26  dfltui.o(.text)
    __aeabi_f2iz                             0x0800062d   Thumb Code    50  ffixi.o(.text)
    __aeabi_d2iz                             0x0800065f   Thumb Code    62  dfixi.o(.text)
    __aeabi_d2uiz                            0x0800069d   Thumb Code    50  dfixui.o(.text)
    __aeabi_f2d                              0x080006cf   Thumb Code    38  f2d.o(.text)
    __aeabi_cdcmpeq                          0x080006f5   Thumb Code     0  cdcmple.o(.text)
    __aeabi_cdcmple                          0x080006f5   Thumb Code    48  cdcmple.o(.text)
    __aeabi_cdrcmple                         0x08000725   Thumb Code    48  cdrcmple.o(.text)
    __aeabi_d2f                              0x08000755   Thumb Code    56  d2f.o(.text)
    __aeabi_uidiv                            0x0800078d   Thumb Code     0  uidiv.o(.text)
    __aeabi_uidivmod                         0x0800078d   Thumb Code    44  uidiv.o(.text)
    __aeabi_uldivmod                         0x080007b9   Thumb Code    98  uldiv.o(.text)
    __aeabi_llsl                             0x0800081b   Thumb Code    30  llshl.o(.text)
    _ll_shift_l                              0x0800081b   Thumb Code     0  llshl.o(.text)
    __aeabi_llsr                             0x08000839   Thumb Code    32  llushr.o(.text)
    _ll_ushift_r                             0x08000839   Thumb Code     0  llushr.o(.text)
    __aeabi_lasr                             0x08000859   Thumb Code    36  llsshr.o(.text)
    _ll_sshift_r                             0x08000859   Thumb Code     0  llsshr.o(.text)
    __I$use$fp                               0x0800087d   Thumb Code     0  iusefp.o(.text)
    _float_round                             0x0800087d   Thumb Code    18  fepilogue.o(.text)
    _float_epilogue                          0x0800088f   Thumb Code    92  fepilogue.o(.text)
    _double_round                            0x080008eb   Thumb Code    30  depilogue.o(.text)
    _double_epilogue                         0x08000909   Thumb Code   156  depilogue.o(.text)
    _drnd                                    0x080009a5   Thumb Code   132  drnd.o(.text)
    __aeabi_d2ulz                            0x08000a2d   Thumb Code    48  dfixul.o(.text)
    __scatterload                            0x08000a5d   Thumb Code    28  init.o(.text)
    __scatterload_rt2                        0x08000a5d   Thumb Code     0  init.o(.text)
    ADC_Cmd                                  0x08000a81   Thumb Code    20  stm32f10x_adc.o(i.ADC_Cmd)
    ADC_DeInit                               0x08000a95   Thumb Code    56  stm32f10x_adc.o(i.ADC_DeInit)
    ADC_GetCalibrationStatus                 0x08000ad9   Thumb Code    14  stm32f10x_adc.o(i.ADC_GetCalibrationStatus)
    ADC_GetConversionValue                   0x08000ae7   Thumb Code     6  stm32f10x_adc.o(i.ADC_GetConversionValue)
    ADC_GetFlagStatus                        0x08000aed   Thumb Code    14  stm32f10x_adc.o(i.ADC_GetFlagStatus)
    ADC_GetResetCalibrationStatus            0x08000afb   Thumb Code    14  stm32f10x_adc.o(i.ADC_GetResetCalibrationStatus)
    ADC_Init                                 0x08000b09   Thumb Code    62  stm32f10x_adc.o(i.ADC_Init)
    ADC_RegularChannelConfig                 0x08000b51   Thumb Code   116  stm32f10x_adc.o(i.ADC_RegularChannelConfig)
    ADC_ResetCalibration                     0x08000bc5   Thumb Code    10  stm32f10x_adc.o(i.ADC_ResetCalibration)
    ADC_SoftwareStartConvCmd                 0x08000bcf   Thumb Code    20  stm32f10x_adc.o(i.ADC_SoftwareStartConvCmd)
    ADC_StartCalibration                     0x08000be3   Thumb Code    10  stm32f10x_adc.o(i.ADC_StartCalibration)
    Adc_Init                                 0x08000bed   Thumb Code   184  adc.o(i.Adc_Init)
    BH1750_Init                              0x08000cb1   Thumb Code    66  bh1750.o(i.BH1750_Init)
    BH1750_ReadData                          0x08000cf9   Thumb Code    52  bh1750.o(i.BH1750_ReadData)
    BH1750_ReadRealData                      0x08000d2d   Thumb Code    28  bh1750.o(i.BH1750_ReadRealData)
    BH1750_SetMode                           0x08000d4d   Thumb Code    44  bh1750.o(i.BH1750_SetMode)
    BME280_Init                              0x08000d79   Thumb Code    56  bme280_app.o(i.BME280_Init)
    BusFault_Handler                         0x08000de9   Thumb Code     2  stm32f10x_it.o(i.BusFault_Handler)
    DebugMon_Handler                         0x08000deb   Thumb Code     2  stm32f10x_it.o(i.DebugMon_Handler)
    GPIO_Init                                0x08000ded   Thumb Code   162  stm32f10x_gpio.o(i.GPIO_Init)
    GPIO_PinRemapConfig                      0x08000e91   Thumb Code    82  stm32f10x_gpio.o(i.GPIO_PinRemapConfig)
    GPIO_ReadInputDataBit                    0x08000ee9   Thumb Code    14  stm32f10x_gpio.o(i.GPIO_ReadInputDataBit)
    GPIO_ResetBits                           0x08000ef7   Thumb Code     4  stm32f10x_gpio.o(i.GPIO_ResetBits)
    GPIO_SetBits                             0x08000efb   Thumb Code     4  stm32f10x_gpio.o(i.GPIO_SetBits)
    GPIO_WriteBit                            0x08000eff   Thumb Code    10  stm32f10x_gpio.o(i.GPIO_WriteBit)
    Get_Adc1                                 0x08000f09   Thumb Code    46  adc.o(i.Get_Adc1)
    Get_Adc2                                 0x08000f3d   Thumb Code    46  adc.o(i.Get_Adc2)
    Get_TVOC_Val                             0x08000f71   Thumb Code    38  adc.o(i.Get_TVOC_Val)
    Get_VBAT                                 0x08000f99   Thumb Code    64  adc.o(i.Get_VBAT)
    HardFault_Handler                        0x08000fe5   Thumb Code     2  stm32f10x_it.o(i.HardFault_Handler)
    IIC2_Ack                                 0x08000fe9   Thumb Code    56  my_iic2.o(i.IIC2_Ack)
    IIC2_Init                                0x08001029   Thumb Code    50  my_iic2.o(i.IIC2_Init)
    IIC2_NAck                                0x08001061   Thumb Code    56  my_iic2.o(i.IIC2_NAck)
    IIC2_Read_Byte                           0x080010a1   Thumb Code   100  my_iic2.o(i.IIC2_Read_Byte)
    IIC2_Read_nByte                          0x0800110d   Thumb Code   104  my_iic2.o(i.IIC2_Read_nByte)
    IIC2_Send_Byte                           0x08001175   Thumb Code    94  my_iic2.o(i.IIC2_Send_Byte)
    IIC2_Start                               0x080011dd   Thumb Code    56  my_iic2.o(i.IIC2_Start)
    IIC2_Stop                                0x0800121d   Thumb Code    56  my_iic2.o(i.IIC2_Stop)
    IIC2_Wait_Ack                            0x0800125d   Thumb Code   106  my_iic2.o(i.IIC2_Wait_Ack)
    IIC2_Write_nByte                         0x080012d1   Thumb Code    74  my_iic2.o(i.IIC2_Write_nByte)
    IIC_Ack                                  0x0800131d   Thumb Code    56  myiic.o(i.IIC_Ack)
    IIC_Init                                 0x0800135d   Thumb Code    56  myiic.o(i.IIC_Init)
    IIC_NAck                                 0x0800139d   Thumb Code    56  myiic.o(i.IIC_NAck)
    IIC_Read_Byte                            0x080013dd   Thumb Code   100  myiic.o(i.IIC_Read_Byte)
    IIC_Send_Byte                            0x08001449   Thumb Code    94  myiic.o(i.IIC_Send_Byte)
    IIC_Start                                0x080014b1   Thumb Code    56  myiic.o(i.IIC_Start)
    IIC_Stop                                 0x080014f1   Thumb Code    58  myiic.o(i.IIC_Stop)
    IIC_Wait_Ack                             0x08001535   Thumb Code    78  myiic.o(i.IIC_Wait_Ack)
    LED_Init                                 0x0800158d   Thumb Code    80  led.o(i.LED_Init)
    LoraNode_GatewayPack_Process             0x080015e5   Thumb Code    86  lora_network_node.o(i.LoraNode_GatewayPack_Process)
    LoraNode_GetSensorData                   0x08001679   Thumb Code   174  lora_network_node.o(i.LoraNode_GetSensorData)
    LoraNode_SendDataPack                    0x08001775   Thumb Code   134  lora_network_node.o(i.LoraNode_SendDataPack)
    LoraNode_UploadData                      0x08001829   Thumb Code   226  lora_network_node.o(i.LoraNode_UploadData)
    Loranode_Process                         0x08001985   Thumb Code   112  lora_network_node.o(i.Loranode_Process)
    MemManage_Handler                        0x08001a2d   Thumb Code     2  stm32f10x_it.o(i.MemManage_Handler)
    NMI_Handler                              0x08001a2f   Thumb Code     2  stm32f10x_it.o(i.NMI_Handler)
    NVIC_Init                                0x08001a31   Thumb Code    94  misc.o(i.NVIC_Init)
    NVIC_PriorityGroupConfig                 0x08001a95   Thumb Code    10  misc.o(i.NVIC_PriorityGroupConfig)
    PendSV_Handler                           0x08001aa9   Thumb Code     2  stm32f10x_it.o(i.PendSV_Handler)
    RCC_ADCCLKConfig                         0x08001aad   Thumb Code    14  stm32f10x_rcc.o(i.RCC_ADCCLKConfig)
    RCC_APB2PeriphClockCmd                   0x08001ac1   Thumb Code    18  stm32f10x_rcc.o(i.RCC_APB2PeriphClockCmd)
    RCC_APB2PeriphResetCmd                   0x08001ad9   Thumb Code    18  stm32f10x_rcc.o(i.RCC_APB2PeriphResetCmd)
    RCC_GetClocksFreq                        0x08001af1   Thumb Code   128  stm32f10x_rcc.o(i.RCC_GetClocksFreq)
    RadioDriverInit                          0x08001b81   Thumb Code    28  radio.o(i.RadioDriverInit)
    SPI_Cmd                                  0x08001bb9   Thumb Code    20  stm32f10x_spi.o(i.SPI_Cmd)
    SPI_I2S_GetFlagStatus                    0x08001bcd   Thumb Code    14  stm32f10x_spi.o(i.SPI_I2S_GetFlagStatus)
    SPI_I2S_ReceiveData                      0x08001bdb   Thumb Code     4  stm32f10x_spi.o(i.SPI_I2S_ReceiveData)
    SPI_I2S_SendData                         0x08001bdf   Thumb Code     4  stm32f10x_spi.o(i.SPI_I2S_SendData)
    SPI_Init                                 0x08001be3   Thumb Code    56  stm32f10x_spi.o(i.SPI_Init)
    SVC_Handler                              0x08001c1b   Thumb Code     2  stm32f10x_it.o(i.SVC_Handler)
    SX1276FskGetPacketPayloadSize            0x08001c1d   Thumb Code    50  sx1276-fsk.o(i.SX1276FskGetPacketPayloadSize)
    SX1276FskGetRxPacket                     0x08001c55   Thumb Code    18  sx1276-fsk.o(i.SX1276FskGetRxPacket)
    SX1276FskProcess                         0x08001c71   Thumb Code   860  sx1276-fsk.o(i.SX1276FskProcess)
    SX1276FskReadAfc                         0x08001fe1   Thumb Code    44  sx1276-fsk.o(i.SX1276FskReadAfc)
    SX1276FskReadRssi                        0x08002015   Thumb Code    34  sx1276-fsk.o(i.SX1276FskReadRssi)
    SX1276FskReadRxGain                      0x08002041   Thumb Code    22  sx1276-fsk.o(i.SX1276FskReadRxGain)
    SX1276FskSetOpMode                       0x0800205d   Thumb Code    54  sx1276-fsk.o(i.SX1276FskSetOpMode)
    SX1276FskSetRFState                      0x08002099   Thumb Code     6  sx1276-fsk.o(i.SX1276FskSetRFState)
    SX1276FskSetTxPacket                     0x080020a5   Thumb Code    22  sx1276-fsk.o(i.SX1276FskSetTxPacket)
    SX1276GetRxPacket                        0x080020c5   Thumb Code    14  sx1276.o(i.SX1276GetRxPacket)
    SX1276Init                               0x080020d9   Thumb Code    72  sx1276.o(i.SX1276Init)
    SX1276InitIo                             0x0800214d   Thumb Code   156  sx1276-hal.o(i.SX1276InitIo)
    SX1276LoRaGetRxPacket                    0x080021f1   Thumb Code    16  sx1276-lora.o(i.SX1276LoRaGetRxPacket)
    SX1276LoRaInit                           0x08002209   Thumb Code   154  sx1276-lora.o(i.SX1276LoRaInit)
    SX1276LoRaProcess                        0x080022b1   Thumb Code  1174  sx1276-lora.o(i.SX1276LoRaProcess)
    SX1276LoRaReadRxGain                     0x08002749   Thumb Code    22  sx1276-lora.o(i.SX1276LoRaReadRxGain)
    SX1276LoRaSetDefaults                    0x08002765   Thumb Code    12  sx1276-lora.o(i.SX1276LoRaSetDefaults)
    SX1276LoRaSetErrorCoding                 0x08002775   Thumb Code    44  sx1276-loramisc.o(i.SX1276LoRaSetErrorCoding)
    SX1276LoRaSetImplicitHeaderOn            0x080027a9   Thumb Code    40  sx1276-loramisc.o(i.SX1276LoRaSetImplicitHeaderOn)
    SX1276LoRaSetLowDatarateOptimize         0x080027d9   Thumb Code    42  sx1276-loramisc.o(i.SX1276LoRaSetLowDatarateOptimize)
    SX1276LoRaSetNbTrigPeaks                 0x08002809   Thumb Code    40  sx1276-loramisc.o(i.SX1276LoRaSetNbTrigPeaks)
    SX1276LoRaSetOpMode                      0x08002835   Thumb Code    54  sx1276-lora.o(i.SX1276LoRaSetOpMode)
    SX1276LoRaSetPAOutput                    0x08002871   Thumb Code    38  sx1276-loramisc.o(i.SX1276LoRaSetPAOutput)
    SX1276LoRaSetPa20dBm                     0x0800289d   Thumb Code    62  sx1276-loramisc.o(i.SX1276LoRaSetPa20dBm)
    SX1276LoRaSetPacketCrcOn                 0x080028e1   Thumb Code    42  sx1276-loramisc.o(i.SX1276LoRaSetPacketCrcOn)
    SX1276LoRaSetPayloadLength               0x08002915   Thumb Code    26  sx1276-loramisc.o(i.SX1276LoRaSetPayloadLength)
    SX1276LoRaSetRFFrequency                 0x08002939   Thumb Code    50  sx1276-loramisc.o(i.SX1276LoRaSetRFFrequency)
    SX1276LoRaSetRFPower                     0x08002979   Thumb Code   146  sx1276-loramisc.o(i.SX1276LoRaSetRFPower)
    SX1276LoRaSetRFState                     0x08002a15   Thumb Code     6  sx1276-lora.o(i.SX1276LoRaSetRFState)
    SX1276LoRaSetSignalBandwidth             0x08002a21   Thumb Code    40  sx1276-loramisc.o(i.SX1276LoRaSetSignalBandwidth)
    SX1276LoRaSetSpreadingFactor             0x08002a51   Thumb Code    74  sx1276-loramisc.o(i.SX1276LoRaSetSpreadingFactor)
    SX1276LoRaSetSymbTimeout                 0x08002aa5   Thumb Code    52  sx1276-loramisc.o(i.SX1276LoRaSetSymbTimeout)
    SX1276LoRaSetTxPacket                    0x08002add   Thumb Code    32  sx1276-lora.o(i.SX1276LoRaSetTxPacket)
    SX1276Process                            0x08002b05   Thumb Code    14  sx1276.o(i.SX1276Process)
    SX1276Read                               0x08002b19   Thumb Code     6  sx1276-hal.o(i.SX1276Read)
    SX1276ReadBuffer                         0x08002b21   Thumb Code    64  sx1276-hal.o(i.SX1276ReadBuffer)
    SX1276ReadDio0                           0x08002b65   Thumb Code     8  sx1276-hal.o(i.SX1276ReadDio0)
    SX1276ReadDio1                           0x08002b71   Thumb Code    10  sx1276-hal.o(i.SX1276ReadDio1)
    SX1276ReadDio2                           0x08002b81   Thumb Code    10  sx1276-hal.o(i.SX1276ReadDio2)
    SX1276ReadDio3                           0x08002b91   Thumb Code    10  sx1276-hal.o(i.SX1276ReadDio3)
    SX1276ReadDio4                           0x08002ba1   Thumb Code    10  sx1276-hal.o(i.SX1276ReadDio4)
    SX1276ReadFifo                           0x08002bb1   Thumb Code    10  sx1276-hal.o(i.SX1276ReadFifo)
    SX1276Reset                              0x08002bbb   Thumb Code    30  sx1276.o(i.SX1276Reset)
    SX1276SetLoRaOn                          0x08002bd9   Thumb Code   114  sx1276.o(i.SX1276SetLoRaOn)
    SX1276SetReset                           0x08002c59   Thumb Code    20  sx1276-hal.o(i.SX1276SetReset)
    SX1276SetTxPacket                        0x08002c71   Thumb Code    14  sx1276.o(i.SX1276SetTxPacket)
    SX1276StartRx                            0x08002c85   Thumb Code    20  sx1276.o(i.SX1276StartRx)
    SX1276Write                              0x08002c9d   Thumb Code    12  sx1276-hal.o(i.SX1276Write)
    SX1276WriteBuffer                        0x08002ca9   Thumb Code    62  sx1276-hal.o(i.SX1276WriteBuffer)
    SX1276WriteFifo                          0x08002ced   Thumb Code    10  sx1276-hal.o(i.SX1276WriteFifo)
    SpiInOut                                 0x08002da1   Thumb Code    48  spi.o(i.SpiInOut)
    SpiInit                                  0x08002dd5   Thumb Code   154  spi.o(i.SpiInit)
    SysTick_CLKSourceConfig                  0x08002e79   Thumb Code    24  misc.o(i.SysTick_CLKSourceConfig)
    SysTick_Handler                          0x08002e91   Thumb Code     2  stm32f10x_it.o(i.SysTick_Handler)
    SystemInit                               0x08002e95   Thumb Code    64  system_stm32f10x.o(i.SystemInit)
    USART1_IRQHandler                        0x08002ee5   Thumb Code    88  usart1.o(i.USART1_IRQHandler)
    USART_Cmd                                0x08002f49   Thumb Code    20  stm32f10x_usart.o(i.USART_Cmd)
    USART_GetITStatus                        0x08002f5d   Thumb Code    62  stm32f10x_usart.o(i.USART_GetITStatus)
    USART_ITConfig                           0x08002f9b   Thumb Code    48  stm32f10x_usart.o(i.USART_ITConfig)
    USART_Init                               0x08002fcd   Thumb Code   166  stm32f10x_usart.o(i.USART_Init)
    USART_ReceiveData                        0x08003079   Thumb Code     8  stm32f10x_usart.o(i.USART_ReceiveData)
    UsageFault_Handler                       0x08003081   Thumb Code     2  stm32f10x_it.o(i.UsageFault_Handler)
    __0printf                                0x08003085   Thumb Code    22  printfa.o(i.__0printf)
    __1printf                                0x08003085   Thumb Code     0  printfa.o(i.__0printf)
    __2printf                                0x08003085   Thumb Code     0  printfa.o(i.__0printf)
    __c89printf                              0x08003085   Thumb Code     0  printfa.o(i.__0printf)
    printf                                   0x08003085   Thumb Code     0  printfa.o(i.__0printf)
    __scatterload_copy                       0x080030a5   Thumb Code    14  handlers.o(i.__scatterload_copy)
    __scatterload_null                       0x080030b3   Thumb Code     2  handlers.o(i.__scatterload_null)
    __scatterload_zeroinit                   0x080030b5   Thumb Code    14  handlers.o(i.__scatterload_zeroinit)
    bme280_compensate_data                   0x08003983   Thumb Code    98  bme280.o(i.bme280_compensate_data)
    bme280_get_regs                          0x080039e5   Thumb Code    56  bme280.o(i.bme280_get_regs)
    bme280_get_sensor_data                   0x08003a1d   Thumb Code    80  bme280.o(i.bme280_get_sensor_data)
    bme280_get_sensor_mode                   0x08003a6d   Thumb Code    38  bme280.o(i.bme280_get_sensor_mode)
    bme280_init                              0x08003a93   Thumb Code    86  bme280.o(i.bme280_init)
    bme280_parse_sensor_data                 0x08003ae9   Thumb Code    50  bme280.o(i.bme280_parse_sensor_data)
    bme280_set_regs                          0x08003b1b   Thumb Code   150  bme280.o(i.bme280_set_regs)
    bme280_set_sensor_mode                   0x08003bb1   Thumb Code    90  bme280.o(i.bme280_set_sensor_mode)
    bme280_set_sensor_settings               0x08003c0b   Thumb Code    98  bme280.o(i.bme280_set_sensor_settings)
    bme280_soft_reset                        0x08003c6d   Thumb Code    50  bme280.o(i.bme280_soft_reset)
    delay_init                               0x08004115   Thumb Code    46  delay.o(i.delay_init)
    delay_ms                                 0x08004151   Thumb Code    46  delay.o(i.delay_ms)
    delay_us                                 0x08004185   Thumb Code    46  delay.o(i.delay_us)
    fputc                                    0x080041b9   Thumb Code    18  usart1.o(i.fputc)
    main                                     0x08004291   Thumb Code   102  main.o(i.main)
    round                                    0x08004399   Thumb Code   136  round.o(i.round)
    set_sensor_data_normal_mode              0x08004513   Thumb Code    52  bme280_app.o(i.set_sensor_data_normal_mode)
    uart_init                                0x08004549   Thumb Code   152  usart1.o(i.uart_init)
    user_i2c_read                            0x080045e9   Thumb Code    16  my_iic2.o(i.user_i2c_read)
    user_i2c_write                           0x080045f9   Thumb Code    16  my_iic2.o(i.user_i2c_write)
    SignalBwLog                              0x08004608   Data          80  sx1276-lora.o(.constdata)
    RssiOffsetLF                             0x08004658   Data          80  sx1276-lora.o(.constdata)
    RssiOffsetHF                             0x080046a8   Data          80  sx1276-lora.o(.constdata)
    HoppingFrequencies                       0x080046f8   Data         204  sx1276-lora.o(.constdata)
    Region$$Table$$Base                      0x080047c4   Number         0  anon$$obj.o(Region$$Table)
    Region$$Table$$Limit                     0x080047e4   Number         0  anon$$obj.o(Region$$Table)
    SystemCoreClock                          0x20000000   Data           4  system_stm32f10x.o(.data)
    AHBPrescTable                            0x20000004   Data          16  system_stm32f10x.o(.data)
    USART_RX_STA                             0x20000018   Data           2  usart1.o(.data)
    __stdout                                 0x2000001c   Data           4  usart1.o(.data)
    SX1276LR                                 0x20000048   Data           4  sx1276-lora.o(.data)
    LoRaSettings                             0x20000058   Data          28  sx1276-lora.o(.data)
    SX1276                                   0x20000094   Data           4  sx1276-fsk.o(.data)
    FskSettings                              0x200000b0   Data          28  sx1276-fsk.o(.data)
    TickCounter                              0x200000cc   Data           4  sx12xxeiger.o(.data)
    Global_NodeInfo                          0x200000d0   Data          23  lora_network_node.o(.bss)
    Global_BME280                            0x200000e8   Data          64  bme280_app.o(.bss)
    USART_RX_BUF                             0x20000128   Data         200  usart1.o(.bss)
    RadioDriver                              0x200001f0   Data          24  radio.o(.bss)
    SX1276Regs                               0x20000208   Data         112  sx1276.o(.bss)
    __initial_sp                             0x20000878   Data           0  startup_stm32f10x_hd.o(STACK)



==============================================================================

Memory Map of the image

  Image Entry point : 0x08000131

  Load Region LR_IROM1 (Base: 0x08000000, Size: 0x000048b4, Max: 0x00010000, ABSOLUTE)

    Execution Region ER_IROM1 (Exec base: 0x08000000, Load base: 0x08000000, Size: 0x000047e4, Max: 0x00010000, ABSOLUTE)

    Exec Addr    Load Addr    Size         Type   Attr      Idx    E Section Name        Object

    0x08000000   0x08000000   0x00000130   Data   RO           19    RESET               startup_stm32f10x_hd.o
    0x08000130   0x08000130   0x00000000   Code   RO         2816  * .ARM.Collect$$$$00000000  mc_w.l(entry.o)
    0x08000130   0x08000130   0x00000004   Code   RO         3147    .ARM.Collect$$$$00000001  mc_w.l(entry2.o)
    0x08000134   0x08000134   0x00000004   Code   RO         3150    .ARM.Collect$$$$00000004  mc_w.l(entry5.o)
    0x08000138   0x08000138   0x00000000   Code   RO         3152    .ARM.Collect$$$$00000008  mc_w.l(entry7b.o)
    0x08000138   0x08000138   0x00000000   Code   RO         3154    .ARM.Collect$$$$0000000A  mc_w.l(entry8b.o)
    0x08000138   0x08000138   0x00000008   Code   RO         3155    .ARM.Collect$$$$0000000B  mc_w.l(entry9a.o)
    0x08000140   0x08000140   0x00000000   Code   RO         3157    .ARM.Collect$$$$0000000D  mc_w.l(entry10a.o)
    0x08000140   0x08000140   0x00000000   Code   RO         3159    .ARM.Collect$$$$0000000F  mc_w.l(entry11a.o)
    0x08000140   0x08000140   0x00000004   Code   RO         3148    .ARM.Collect$$$$00002712  mc_w.l(entry2.o)
    0x08000144   0x08000144   0x00000024   Code   RO           20    .text               startup_stm32f10x_hd.o
    0x08000168   0x08000168   0x00000024   Code   RO         2819    .text               mc_w.l(memcpya.o)
    0x0800018c   0x0800018c   0x00000024   Code   RO         2821    .text               mc_w.l(memseta.o)
    0x080001b0   0x080001b0   0x00000064   Code   RO         3086    .text               mf_w.l(fmul.o)
    0x08000214   0x08000214   0x0000007c   Code   RO         3088    .text               mf_w.l(fdiv.o)
    0x08000290   0x08000290   0x00000018   Code   RO         3090    .text               mf_w.l(fscalb.o)
    0x080002a8   0x080002a8   0x0000014e   Code   RO         3092    .text               mf_w.l(dadd.o)
    0x080003f6   0x080003f6   0x000000e4   Code   RO         3094    .text               mf_w.l(dmul.o)
    0x080004da   0x080004da   0x000000de   Code   RO         3096    .text               mf_w.l(ddiv.o)
    0x080005b8   0x080005b8   0x0000002e   Code   RO         3098    .text               mf_w.l(dscalb.o)
    0x080005e6   0x080005e6   0x0000000a   Code   RO         3100    .text               mf_w.l(ffltui.o)
    0x080005f0   0x080005f0   0x00000022   Code   RO         3102    .text               mf_w.l(dflti.o)
    0x08000612   0x08000612   0x0000001a   Code   RO         3104    .text               mf_w.l(dfltui.o)
    0x0800062c   0x0800062c   0x00000032   Code   RO         3106    .text               mf_w.l(ffixi.o)
    0x0800065e   0x0800065e   0x0000003e   Code   RO         3108    .text               mf_w.l(dfixi.o)
    0x0800069c   0x0800069c   0x00000032   Code   RO         3110    .text               mf_w.l(dfixui.o)
    0x080006ce   0x080006ce   0x00000026   Code   RO         3112    .text               mf_w.l(f2d.o)
    0x080006f4   0x080006f4   0x00000030   Code   RO         3114    .text               mf_w.l(cdcmple.o)
    0x08000724   0x08000724   0x00000030   Code   RO         3116    .text               mf_w.l(cdrcmple.o)
    0x08000754   0x08000754   0x00000038   Code   RO         3118    .text               mf_w.l(d2f.o)
    0x0800078c   0x0800078c   0x0000002c   Code   RO         3161    .text               mc_w.l(uidiv.o)
    0x080007b8   0x080007b8   0x00000062   Code   RO         3163    .text               mc_w.l(uldiv.o)
    0x0800081a   0x0800081a   0x0000001e   Code   RO         3165    .text               mc_w.l(llshl.o)
    0x08000838   0x08000838   0x00000020   Code   RO         3167    .text               mc_w.l(llushr.o)
    0x08000858   0x08000858   0x00000024   Code   RO         3169    .text               mc_w.l(llsshr.o)
    0x0800087c   0x0800087c   0x00000000   Code   RO         3178    .text               mc_w.l(iusefp.o)
    0x0800087c   0x0800087c   0x0000006e   Code   RO         3179    .text               mf_w.l(fepilogue.o)
    0x080008ea   0x080008ea   0x000000ba   Code   RO         3181    .text               mf_w.l(depilogue.o)
    0x080009a4   0x080009a4   0x00000088   Code   RO         3183    .text               mf_w.l(drnd.o)
    0x08000a2c   0x08000a2c   0x00000030   Code   RO         3185    .text               mf_w.l(dfixul.o)
    0x08000a5c   0x08000a5c   0x00000024   Code   RO         3187    .text               mc_w.l(init.o)
    0x08000a80   0x08000a80   0x00000014   Code   RO         1544    i.ADC_Cmd           stm32f10x_adc.o
    0x08000a94   0x08000a94   0x00000044   Code   RO         1546    i.ADC_DeInit        stm32f10x_adc.o
    0x08000ad8   0x08000ad8   0x0000000e   Code   RO         1552    i.ADC_GetCalibrationStatus  stm32f10x_adc.o
    0x08000ae6   0x08000ae6   0x00000006   Code   RO         1553    i.ADC_GetConversionValue  stm32f10x_adc.o
    0x08000aec   0x08000aec   0x0000000e   Code   RO         1555    i.ADC_GetFlagStatus  stm32f10x_adc.o
    0x08000afa   0x08000afa   0x0000000e   Code   RO         1558    i.ADC_GetResetCalibrationStatus  stm32f10x_adc.o
    0x08000b08   0x08000b08   0x00000048   Code   RO         1562    i.ADC_Init          stm32f10x_adc.o
    0x08000b50   0x08000b50   0x00000074   Code   RO         1566    i.ADC_RegularChannelConfig  stm32f10x_adc.o
    0x08000bc4   0x08000bc4   0x0000000a   Code   RO         1567    i.ADC_ResetCalibration  stm32f10x_adc.o
    0x08000bce   0x08000bce   0x00000014   Code   RO         1569    i.ADC_SoftwareStartConvCmd  stm32f10x_adc.o
    0x08000be2   0x08000be2   0x0000000a   Code   RO         1571    i.ADC_StartCalibration  stm32f10x_adc.o
    0x08000bec   0x08000bec   0x000000c4   Code   RO          487    i.Adc_Init          adc.o
    0x08000cb0   0x08000cb0   0x00000048   Code   RO          451    i.BH1750_Init       bh1750.o
    0x08000cf8   0x08000cf8   0x00000034   Code   RO          452    i.BH1750_ReadData   bh1750.o
    0x08000d2c   0x08000d2c   0x00000020   Code   RO          454    i.BH1750_ReadRealData  bh1750.o
    0x08000d4c   0x08000d4c   0x0000002c   Code   RO          455    i.BH1750_SetMode    bh1750.o
    0x08000d78   0x08000d78   0x00000070   Code   RO          680    i.BME280_Init       bme280_app.o
    0x08000de8   0x08000de8   0x00000002   Code   RO          165    i.BusFault_Handler  stm32f10x_it.o
    0x08000dea   0x08000dea   0x00000002   Code   RO          166    i.DebugMon_Handler  stm32f10x_it.o
    0x08000dec   0x08000dec   0x000000a2   Code   RO          906    i.GPIO_Init         stm32f10x_gpio.o
    0x08000e8e   0x08000e8e   0x00000002   PAD
    0x08000e90   0x08000e90   0x00000058   Code   RO          908    i.GPIO_PinRemapConfig  stm32f10x_gpio.o
    0x08000ee8   0x08000ee8   0x0000000e   Code   RO          910    i.GPIO_ReadInputDataBit  stm32f10x_gpio.o
    0x08000ef6   0x08000ef6   0x00000004   Code   RO          913    i.GPIO_ResetBits    stm32f10x_gpio.o
    0x08000efa   0x08000efa   0x00000004   Code   RO          914    i.GPIO_SetBits      stm32f10x_gpio.o
    0x08000efe   0x08000efe   0x0000000a   Code   RO          917    i.GPIO_WriteBit     stm32f10x_gpio.o
    0x08000f08   0x08000f08   0x00000034   Code   RO          488    i.Get_Adc1          adc.o
    0x08000f3c   0x08000f3c   0x00000034   Code   RO          489    i.Get_Adc2          adc.o
    0x08000f70   0x08000f70   0x00000026   Code   RO          490    i.Get_TVOC_Val      adc.o
    0x08000f96   0x08000f96   0x00000002   PAD
    0x08000f98   0x08000f98   0x0000004c   Code   RO          491    i.Get_VBAT          adc.o
    0x08000fe4   0x08000fe4   0x00000002   Code   RO          167    i.HardFault_Handler  stm32f10x_it.o
    0x08000fe6   0x08000fe6   0x00000002   PAD
    0x08000fe8   0x08000fe8   0x00000040   Code   RO          587    i.IIC2_Ack          my_iic2.o
    0x08001028   0x08001028   0x00000038   Code   RO          588    i.IIC2_Init         my_iic2.o
    0x08001060   0x08001060   0x00000040   Code   RO          589    i.IIC2_NAck         my_iic2.o
    0x080010a0   0x080010a0   0x0000006c   Code   RO          591    i.IIC2_Read_Byte    my_iic2.o
    0x0800110c   0x0800110c   0x00000068   Code   RO          592    i.IIC2_Read_nByte   my_iic2.o
    0x08001174   0x08001174   0x00000068   Code   RO          593    i.IIC2_Send_Byte    my_iic2.o
    0x080011dc   0x080011dc   0x00000040   Code   RO          594    i.IIC2_Start        my_iic2.o
    0x0800121c   0x0800121c   0x00000040   Code   RO          595    i.IIC2_Stop         my_iic2.o
    0x0800125c   0x0800125c   0x00000074   Code   RO          596    i.IIC2_Wait_Ack     my_iic2.o
    0x080012d0   0x080012d0   0x0000004a   Code   RO          598    i.IIC2_Write_nByte  my_iic2.o
    0x0800131a   0x0800131a   0x00000002   PAD
    0x0800131c   0x0800131c   0x00000040   Code   RO          394    i.IIC_Ack           myiic.o
    0x0800135c   0x0800135c   0x00000040   Code   RO          395    i.IIC_Init          myiic.o
    0x0800139c   0x0800139c   0x00000040   Code   RO          396    i.IIC_NAck          myiic.o
    0x080013dc   0x080013dc   0x0000006c   Code   RO          397    i.IIC_Read_Byte     myiic.o
    0x08001448   0x08001448   0x00000068   Code   RO          398    i.IIC_Send_Byte     myiic.o
    0x080014b0   0x080014b0   0x00000040   Code   RO          399    i.IIC_Start         myiic.o
    0x080014f0   0x080014f0   0x00000044   Code   RO          400    i.IIC_Stop          myiic.o
    0x08001534   0x08001534   0x00000058   Code   RO          401    i.IIC_Wait_Ack      myiic.o
    0x0800158c   0x0800158c   0x00000058   Code   RO          257    i.LED_Init          led.o
    0x080015e4   0x080015e4   0x00000094   Code   RO          523    i.LoraNode_GatewayPack_Process  lora_network_node.o
    0x08001678   0x08001678   0x000000fc   Code   RO          524    i.LoraNode_GetSensorData  lora_network_node.o
    0x08001774   0x08001774   0x000000b4   Code   RO          528    i.LoraNode_SendDataPack  lora_network_node.o
    0x08001828   0x08001828   0x0000015c   Code   RO          530    i.LoraNode_UploadData  lora_network_node.o
    0x08001984   0x08001984   0x000000a8   Code   RO          531    i.Loranode_Process  lora_network_node.o
    0x08001a2c   0x08001a2c   0x00000002   Code   RO          168    i.MemManage_Handler  stm32f10x_it.o
    0x08001a2e   0x08001a2e   0x00000002   Code   RO          169    i.NMI_Handler       stm32f10x_it.o
    0x08001a30   0x08001a30   0x00000064   Code   RO          810    i.NVIC_Init         misc.o
    0x08001a94   0x08001a94   0x00000014   Code   RO          811    i.NVIC_PriorityGroupConfig  misc.o
    0x08001aa8   0x08001aa8   0x00000002   Code   RO          170    i.PendSV_Handler    stm32f10x_it.o
    0x08001aaa   0x08001aaa   0x00000002   PAD
    0x08001aac   0x08001aac   0x00000014   Code   RO         1014    i.RCC_ADCCLKConfig  stm32f10x_rcc.o
    0x08001ac0   0x08001ac0   0x00000018   Code   RO         1018    i.RCC_APB2PeriphClockCmd  stm32f10x_rcc.o
    0x08001ad8   0x08001ad8   0x00000018   Code   RO         1019    i.RCC_APB2PeriphResetCmd  stm32f10x_rcc.o
    0x08001af0   0x08001af0   0x00000090   Code   RO         1026    i.RCC_GetClocksFreq  stm32f10x_rcc.o
    0x08001b80   0x08001b80   0x00000038   Code   RO         1760    i.RadioDriverInit   radio.o
    0x08001bb8   0x08001bb8   0x00000014   Code   RO         1399    i.SPI_Cmd           stm32f10x_spi.o
    0x08001bcc   0x08001bcc   0x0000000e   Code   RO         1407    i.SPI_I2S_GetFlagStatus  stm32f10x_spi.o
    0x08001bda   0x08001bda   0x00000004   Code   RO         1410    i.SPI_I2S_ReceiveData  stm32f10x_spi.o
    0x08001bde   0x08001bde   0x00000004   Code   RO         1411    i.SPI_I2S_SendData  stm32f10x_spi.o
    0x08001be2   0x08001be2   0x00000038   Code   RO         1412    i.SPI_Init          stm32f10x_spi.o
    0x08001c1a   0x08001c1a   0x00000002   Code   RO          171    i.SVC_Handler       stm32f10x_it.o
    0x08001c1c   0x08001c1c   0x00000038   Code   RO         2295    i.SX1276FskGetPacketPayloadSize  sx1276-fsk.o
    0x08001c54   0x08001c54   0x0000001c   Code   RO         2299    i.SX1276FskGetRxPacket  sx1276-fsk.o
    0x08001c70   0x08001c70   0x00000370   Code   RO         2301    i.SX1276FskProcess  sx1276-fsk.o
    0x08001fe0   0x08001fe0   0x00000034   Code   RO         2302    i.SX1276FskReadAfc  sx1276-fsk.o
    0x08002014   0x08002014   0x0000002c   Code   RO         2304    i.SX1276FskReadRssi  sx1276-fsk.o
    0x08002040   0x08002040   0x0000001c   Code   RO         2305    i.SX1276FskReadRxGain  sx1276-fsk.o
    0x0800205c   0x0800205c   0x0000003c   Code   RO         2307    i.SX1276FskSetOpMode  sx1276-fsk.o
    0x08002098   0x08002098   0x0000000c   Code   RO         2308    i.SX1276FskSetRFState  sx1276-fsk.o
    0x080020a4   0x080020a4   0x00000020   Code   RO         2309    i.SX1276FskSetTxPacket  sx1276-fsk.o
    0x080020c4   0x080020c4   0x00000014   Code   RO         1799    i.SX1276GetRxPacket  sx1276.o
    0x080020d8   0x080020d8   0x00000074   Code   RO         1800    i.SX1276Init        sx1276.o
    0x0800214c   0x0800214c   0x000000a4   Code   RO         2677    i.SX1276InitIo      sx1276-hal.o
    0x080021f0   0x080021f0   0x00000018   Code   RO         1932    i.SX1276LoRaGetRxPacket  sx1276-lora.o
    0x08002208   0x08002208   0x000000a8   Code   RO         1933    i.SX1276LoRaInit    sx1276-lora.o
    0x080022b0   0x080022b0   0x00000496   Code   RO         1934    i.SX1276LoRaProcess  sx1276-lora.o
    0x08002746   0x08002746   0x00000002   PAD
    0x08002748   0x08002748   0x0000001c   Code   RO         1936    i.SX1276LoRaReadRxGain  sx1276-lora.o
    0x08002764   0x08002764   0x00000010   Code   RO         1938    i.SX1276LoRaSetDefaults  sx1276-lora.o
    0x08002774   0x08002774   0x00000034   Code   RO         2065    i.SX1276LoRaSetErrorCoding  sx1276-loramisc.o
    0x080027a8   0x080027a8   0x00000030   Code   RO         2068    i.SX1276LoRaSetImplicitHeaderOn  sx1276-loramisc.o
    0x080027d8   0x080027d8   0x00000030   Code   RO         2069    i.SX1276LoRaSetLowDatarateOptimize  sx1276-loramisc.o
    0x08002808   0x08002808   0x0000002c   Code   RO         2070    i.SX1276LoRaSetNbTrigPeaks  sx1276-loramisc.o
    0x08002834   0x08002834   0x0000003c   Code   RO         1939    i.SX1276LoRaSetOpMode  sx1276-lora.o
    0x08002870   0x08002870   0x0000002c   Code   RO         2071    i.SX1276LoRaSetPAOutput  sx1276-loramisc.o
    0x0800289c   0x0800289c   0x00000044   Code   RO         2072    i.SX1276LoRaSetPa20dBm  sx1276-loramisc.o
    0x080028e0   0x080028e0   0x00000034   Code   RO         2074    i.SX1276LoRaSetPacketCrcOn  sx1276-loramisc.o
    0x08002914   0x08002914   0x00000024   Code   RO         2075    i.SX1276LoRaSetPayloadLength  sx1276-loramisc.o
    0x08002938   0x08002938   0x00000040   Code   RO         2077    i.SX1276LoRaSetRFFrequency  sx1276-loramisc.o
    0x08002978   0x08002978   0x0000009c   Code   RO         2078    i.SX1276LoRaSetRFPower  sx1276-loramisc.o
    0x08002a14   0x08002a14   0x0000000c   Code   RO         1940    i.SX1276LoRaSetRFState  sx1276-lora.o
    0x08002a20   0x08002a20   0x00000030   Code   RO         2081    i.SX1276LoRaSetSignalBandwidth  sx1276-loramisc.o
    0x08002a50   0x08002a50   0x00000054   Code   RO         2082    i.SX1276LoRaSetSpreadingFactor  sx1276-loramisc.o
    0x08002aa4   0x08002aa4   0x00000038   Code   RO         2083    i.SX1276LoRaSetSymbTimeout  sx1276-loramisc.o
    0x08002adc   0x08002adc   0x00000028   Code   RO         1941    i.SX1276LoRaSetTxPacket  sx1276-lora.o
    0x08002b04   0x08002b04   0x00000014   Code   RO         1801    i.SX1276Process     sx1276.o
    0x08002b18   0x08002b18   0x00000006   Code   RO         2678    i.SX1276Read        sx1276-hal.o
    0x08002b1e   0x08002b1e   0x00000002   PAD
    0x08002b20   0x08002b20   0x00000044   Code   RO         2679    i.SX1276ReadBuffer  sx1276-hal.o
    0x08002b64   0x08002b64   0x0000000c   Code   RO         2680    i.SX1276ReadDio0    sx1276-hal.o
    0x08002b70   0x08002b70   0x00000010   Code   RO         2681    i.SX1276ReadDio1    sx1276-hal.o
    0x08002b80   0x08002b80   0x00000010   Code   RO         2682    i.SX1276ReadDio2    sx1276-hal.o
    0x08002b90   0x08002b90   0x00000010   Code   RO         2683    i.SX1276ReadDio3    sx1276-hal.o
    0x08002ba0   0x08002ba0   0x00000010   Code   RO         2684    i.SX1276ReadDio4    sx1276-hal.o
    0x08002bb0   0x08002bb0   0x0000000a   Code   RO         2686    i.SX1276ReadFifo    sx1276-hal.o
    0x08002bba   0x08002bba   0x0000001e   Code   RO         1804    i.SX1276Reset       sx1276.o
    0x08002bd8   0x08002bd8   0x00000080   Code   RO         1805    i.SX1276SetLoRaOn   sx1276.o
    0x08002c58   0x08002c58   0x00000018   Code   RO         2687    i.SX1276SetReset    sx1276-hal.o
    0x08002c70   0x08002c70   0x00000014   Code   RO         1808    i.SX1276SetTxPacket  sx1276.o
    0x08002c84   0x08002c84   0x00000018   Code   RO         1809    i.SX1276StartRx     sx1276.o
    0x08002c9c   0x08002c9c   0x0000000c   Code   RO         2688    i.SX1276Write       sx1276-hal.o
    0x08002ca8   0x08002ca8   0x00000044   Code   RO         2689    i.SX1276WriteBuffer  sx1276-hal.o
    0x08002cec   0x08002cec   0x0000000a   Code   RO         2690    i.SX1276WriteFifo   sx1276-hal.o
    0x08002cf6   0x08002cf6   0x00000002   PAD
    0x08002cf8   0x08002cf8   0x000000a8   Code   RO          228    i.SetSysClockTo72   system_stm32f10x.o
    0x08002da0   0x08002da0   0x00000034   Code   RO         2659    i.SpiInOut          spi.o
    0x08002dd4   0x08002dd4   0x000000a4   Code   RO         2660    i.SpiInit           spi.o
    0x08002e78   0x08002e78   0x00000018   Code   RO          814    i.SysTick_CLKSourceConfig  misc.o
    0x08002e90   0x08002e90   0x00000002   Code   RO          172    i.SysTick_Handler   stm32f10x_it.o
    0x08002e92   0x08002e92   0x00000002   PAD
    0x08002e94   0x08002e94   0x00000050   Code   RO          230    i.SystemInit        system_stm32f10x.o
    0x08002ee4   0x08002ee4   0x00000064   Code   RO          768    i.USART1_IRQHandler  usart1.o
    0x08002f48   0x08002f48   0x00000014   Code   RO         1218    i.USART_Cmd         stm32f10x_usart.o
    0x08002f5c   0x08002f5c   0x0000003e   Code   RO         1222    i.USART_GetITStatus  stm32f10x_usart.o
    0x08002f9a   0x08002f9a   0x00000030   Code   RO         1224    i.USART_ITConfig    stm32f10x_usart.o
    0x08002fca   0x08002fca   0x00000002   PAD
    0x08002fcc   0x08002fcc   0x000000ac   Code   RO         1225    i.USART_Init        stm32f10x_usart.o
    0x08003078   0x08003078   0x00000008   Code   RO         1232    i.USART_ReceiveData  stm32f10x_usart.o
    0x08003080   0x08003080   0x00000002   Code   RO          173    i.UsageFault_Handler  stm32f10x_it.o
    0x08003082   0x08003082   0x00000002   PAD
    0x08003084   0x08003084   0x00000020   Code   RO         3058    i.__0printf         mc_w.l(printfa.o)
    0x080030a4   0x080030a4   0x0000000e   Code   RO         3193    i.__scatterload_copy  mc_w.l(handlers.o)
    0x080030b2   0x080030b2   0x00000002   Code   RO         3194    i.__scatterload_null  mc_w.l(handlers.o)
    0x080030b4   0x080030b4   0x0000000e   Code   RO         3195    i.__scatterload_zeroinit  mc_w.l(handlers.o)
    0x080030c2   0x080030c2   0x00000002   PAD
    0x080030c4   0x080030c4   0x00000184   Code   RO         3065    i._fp_digits        mc_w.l(printfa.o)
    0x08003248   0x08003248   0x000006dc   Code   RO         3066    i._printf_core      mc_w.l(printfa.o)
    0x08003924   0x08003924   0x00000024   Code   RO         3067    i._printf_post_padding  mc_w.l(printfa.o)
    0x08003948   0x08003948   0x0000002e   Code   RO         3068    i._printf_pre_padding  mc_w.l(printfa.o)
    0x08003976   0x08003976   0x0000000c   Code   RO          269    i.are_settings_changed  bme280.o
    0x08003982   0x08003982   0x00000062   Code   RO          270    i.bme280_compensate_data  bme280.o
    0x080039e4   0x080039e4   0x00000038   Code   RO          271    i.bme280_get_regs   bme280.o
    0x08003a1c   0x08003a1c   0x00000050   Code   RO          272    i.bme280_get_sensor_data  bme280.o
    0x08003a6c   0x08003a6c   0x00000026   Code   RO          273    i.bme280_get_sensor_mode  bme280.o
    0x08003a92   0x08003a92   0x00000056   Code   RO          275    i.bme280_init       bme280.o
    0x08003ae8   0x08003ae8   0x00000032   Code   RO          276    i.bme280_parse_sensor_data  bme280.o
    0x08003b1a   0x08003b1a   0x00000096   Code   RO          277    i.bme280_set_regs   bme280.o
    0x08003bb0   0x08003bb0   0x0000005a   Code   RO          278    i.bme280_set_sensor_mode  bme280.o
    0x08003c0a   0x08003c0a   0x00000062   Code   RO          279    i.bme280_set_sensor_settings  bme280.o
    0x08003c6c   0x08003c6c   0x00000032   Code   RO          280    i.bme280_soft_reset  bme280.o
    0x08003c9e   0x08003c9e   0x00000002   PAD
    0x08003ca0   0x08003ca0   0x00000154   Code   RO          281    i.compensate_humidity  bme280.o
    0x08003df4   0x08003df4   0x00000218   Code   RO          282    i.compensate_pressure  bme280.o
    0x0800400c   0x0800400c   0x00000108   Code   RO          283    i.compensate_temperature  bme280.o
    0x08004114   0x08004114   0x0000003c   Code   RO          714    i.delay_init        delay.o
    0x08004150   0x08004150   0x00000034   Code   RO          715    i.delay_ms          delay.o
    0x08004184   0x08004184   0x00000034   Code   RO          716    i.delay_us          delay.o
    0x080041b8   0x080041b8   0x00000018   Code   RO          770    i.fputc             usart1.o
    0x080041d0   0x080041d0   0x000000be   Code   RO          284    i.get_calib_data    bme280.o
    0x0800428e   0x0800428e   0x00000002   PAD
    0x08004290   0x08004290   0x00000088   Code   RO           24    i.main              main.o
    0x08004318   0x08004318   0x00000018   Code   RO          285    i.null_ptr_check    bme280.o
    0x08004330   0x08004330   0x00000026   Code   RO          286    i.parse_device_settings  bme280.o
    0x08004356   0x08004356   0x00000042   Code   RO          287    i.put_device_to_sleep  bme280.o
    0x08004398   0x08004398   0x00000094   Code   RO         2814    i.round             m_ws.l(round.o)
    0x0800442c   0x0800442c   0x0000004e   Code   RO          288    i.set_filter_standby_settings  bme280.o
    0x0800447a   0x0800447a   0x00000098   Code   RO          289    i.set_osr_settings  bme280.o
    0x08004512   0x08004512   0x00000034   Code   RO          682    i.set_sensor_data_normal_mode  bme280_app.o
    0x08004546   0x08004546   0x00000002   PAD
    0x08004548   0x08004548   0x000000a0   Code   RO          771    i.uart_init         usart1.o
    0x080045e8   0x080045e8   0x00000010   Code   RO          599    i.user_i2c_read     my_iic2.o
    0x080045f8   0x080045f8   0x00000010   Code   RO          600    i.user_i2c_write    my_iic2.o
    0x08004608   0x08004608   0x000001bc   Data   RO         1944    .constdata          sx1276-lora.o
    0x080047c4   0x080047c4   0x00000020   Data   RO         3191    Region$$Table       anon$$obj.o


    Execution Region RW_IRAM1 (Exec base: 0x20000000, Load base: 0x080047e4, Size: 0x00000878, Max: 0x00005000, ABSOLUTE)

    Exec Addr    Load Addr    Size         Type   Attr      Idx    E Section Name        Object

    0x20000000   0x080047e4   0x00000014   Data   RW          231    .data               system_stm32f10x.o
    0x20000014   0x080047f8   0x00000004   Data   RW          717    .data               delay.o
    0x20000018   0x080047fc   0x00000002   Data   RW          773    .data               usart1.o
    0x2000001a   0x080047fe   0x00000002   PAD
    0x2000001c   0x08004800   0x00000004   Data   RW          774    .data               usart1.o
    0x20000020   0x08004804   0x00000014   Data   RW         1046    .data               stm32f10x_rcc.o
    0x20000034   0x08004818   0x00000002   Data   RW         1811    .data               sx1276.o
    0x20000036   0x0800481a   0x00000002   PAD
    0x20000038   0x0800481c   0x0000003c   Data   RW         1945    .data               sx1276-lora.o
    0x20000074   0x08004858   0x00000004   PAD
    0x20000078   0x0800485c   0x00000054   Data   RW         2312    .data               sx1276-fsk.o
    0x200000cc   0x080048b0   0x00000004   Data   RW         2773    .data               sx12xxeiger.o
    0x200000d0        -       0x00000017   Zero   RW          532    .bss                lora_network_node.o
    0x200000e7   0x080048b4   0x00000001   PAD
    0x200000e8        -       0x00000040   Zero   RW          683    .bss                bme280_app.o
    0x20000128        -       0x000000c8   Zero   RW          772    .bss                usart1.o
    0x200001f0        -       0x00000018   Zero   RW         1761    .bss                radio.o
    0x20000208        -       0x00000070   Zero   RW         1810    .bss                sx1276.o
    0x20000278        -       0x00000100   Zero   RW         1943    .bss                sx1276-lora.o
    0x20000378        -       0x00000100   Zero   RW         2311    .bss                sx1276-fsk.o
    0x20000478        -       0x00000400   Zero   RW           17    STACK               startup_stm32f10x_hd.o


==============================================================================

Image component sizes


      Code (inc. data)   RO Data    RW Data    ZI Data      Debug   Object Name

       414         36          0          0          0       2699   adc.o
       200         10          0          0          0       2167   bh1750.o
      2496         48          0          0          0      17086   bme280.o
       164         56          0          0         64       1892   bme280_app.o
         0          0          0          0          0       4556   core_cm3.o
       164         26          0          4          0       1579   delay.o
        88          8          0          0          0        491   led.o
      1096        364          0          0         23       7163   lora_network_node.o
       136         34          0          0          0     248323   main.o
       144         16          0          0          0       1925   misc.o
       850         66          0          0          0       7464   my_iic2.o
       624         70          0          0          0       4174   myiic.o
        56         28          0          0         24       1688   radio.o
       216         14          0          0          0       1189   spi.o
        36          8        304          0       1024        776   startup_stm32f10x_hd.o
       364         22          0          0          0       8314   stm32f10x_adc.o
       282          6          0          0          0       4742   stm32f10x_gpio.o
        18          0          0          0          0       3682   stm32f10x_it.o
       212         34          0         20          0       4853   stm32f10x_rcc.o
        98          0          0          0          0       3682   stm32f10x_spi.o
       310          6          0          0          0       4854   stm32f10x_usart.o
      1192         94          0         84        256      34449   sx1276-fsk.o
       438         50          0          0          0       7698   sx1276-hal.o
      1522        124        444         60        256      21134   sx1276-lora.o
       800        104          0          0          0       7327   sx1276-loramisc.o
       358         80          0          2        112       4258   sx1276.o
         0          0          0          4          0        650   sx12xxeiger.o
       248         24          0         20          0       1745   system_stm32f10x.o
       284         26          0          6        200       3524   usart1.o

    ----------------------------------------------------------------------
     12838       1354        780        208       1960     414084   Object Totals
         0          0         32          0          0          0   (incl. Generated)
        28          0          0          8          1          0   (incl. Padding)

    ----------------------------------------------------------------------

      Code (inc. data)   RO Data    RW Data    ZI Data      Debug   Library Member Name

       148         12          0          0          0         88   round.o
         0          0          0          0          0          0   entry.o
         0          0          0          0          0          0   entry10a.o
         0          0          0          0          0          0   entry11a.o
         8          4          0          0          0          0   entry2.o
         4          0          0          0          0          0   entry5.o
         0          0          0          0          0          0   entry7b.o
         0          0          0          0          0          0   entry8b.o
         8          4          0          0          0          0   entry9a.o
        30          0          0          0          0          0   handlers.o
        36          8          0          0          0         68   init.o
         0          0          0          0          0          0   iusefp.o
        30          0          0          0          0         68   llshl.o
        36          0          0          0          0         68   llsshr.o
        32          0          0          0          0         68   llushr.o
        36          0          0          0          0         68   memcpya.o
        36          0          0          0          0        108   memseta.o
      2258         90          0          0          0        452   printfa.o
        44          0          0          0          0         80   uidiv.o
        98          0          0          0          0         92   uldiv.o
        48          0          0          0          0         68   cdcmple.o
        48          0          0          0          0         68   cdrcmple.o
        56          0          0          0          0         88   d2f.o
       334          0          0          0          0        148   dadd.o
       222          0          0          0          0        100   ddiv.o
       186          0          0          0          0        176   depilogue.o
        62          0          0          0          0         80   dfixi.o
        50          0          0          0          0         76   dfixui.o
        48          0          0          0          0         68   dfixul.o
        34          0          0          0          0         76   dflti.o
        26          0          0          0          0         76   dfltui.o
       228          0          0          0          0         96   dmul.o
       136          4          0          0          0         92   drnd.o
        46          0          0          0          0         80   dscalb.o
        38          0          0          0          0         68   f2d.o
       124          0          0          0          0         88   fdiv.o
       110          0          0          0          0        168   fepilogue.o
        50          0          0          0          0         68   ffixi.o
        10          0          0          0          0         68   ffltui.o
       100          0          0          0          0         76   fmul.o
        24          0          0          0          0         68   fscalb.o

    ----------------------------------------------------------------------
      4786        122          0          0          0       3056   Library Totals
         2          0          0          0          0          0   (incl. Padding)

    ----------------------------------------------------------------------

      Code (inc. data)   RO Data    RW Data    ZI Data      Debug   Library Name

       148         12          0          0          0         88   m_ws.l
      2656        106          0          0          0       1072   mc_w.l
      1980          4          0          0          0       1896   mf_w.l

    ----------------------------------------------------------------------
      4786        122          0          0          0       3056   Library Totals

    ----------------------------------------------------------------------

==============================================================================


      Code (inc. data)   RO Data    RW Data    ZI Data      Debug   

     17624       1476        780        208       1960     407308   Grand Totals
     17624       1476        780        208       1960     407308   ELF Image Totals
     17624       1476        780        208          0          0   ROM Totals

==============================================================================

    Total RO  Size (Code + RO Data)                18404 (  17.97kB)
    Total RW  Size (RW Data + ZI Data)              2168 (   2.12kB)
    Total ROM Size (Code + RO Data + RW Data)      18612 (  18.18kB)

==============================================================================

